05-22 14:35:55.595  5771  5960 D UNKNOWN_SOURCES: REQUEST_INSTALL_PACKAGES from the list: com.sec.android.app.sbrowser :: false
05-22 14:35:55.596  5771  5960 I PackageManager: Un-granting permission android.permission.READ_LOGS from package com.microsoft.office.officehubrow (protectionLevel=50 flags=0x30d8be44)
05-22 14:35:55.596  5771  5960 I PackageManager: Un-granting permission android.permission.WRITE_MEDIA_STORAGE from package com.android.dreams.phototable (protectionLevel=18 flags=0x20d8be45)
05-22 14:35:55.597  5771  5960 I PackageManager: Un-granting permission android.permission.REQUEST_INSTALL_PACKAGES from package com.facebook.katana (protectionLevel=66 flags=0x30d83ec5)
05-22 14:35:55.597  5771  5960 I PackageManager: Un-granting permission android.permission.BATTERY_STATS from package com.facebook.katana (protectionLevel=50 flags=0x30d83ec5)
05-22 14:35:55.597  5771  5960 I PackageManager: Un-granting permission com.sec.android.provider.badge.permission.WRITE from package com.facebook.katana (protectionLevel=18 flags=0x30d83ec5)
05-22 14:35:55.600  5771  5960 I PackageManager: Un-granting permission android.permission.SYSTEM_ALERT_WINDOW from package com.sec.android.app.popupcalculator (protectionLevel=1250 flags=0x38583e44)
05-22 14:35:55.600  5771  5960 I PackageManager: Un-granting permission android.permission.INTERACT_ACROSS_USERS_FULL from package com.sec.android.app.popupcalculator (protectionLevel=258 flags=0x38583e44)
05-22 14:35:55.601  5771  5960 I PackageManager: Un-granting permission android.permission.WRITE_SETTINGS from package com.sec.android.app.shealth (protectionLevel=1218 flags=0x38583e64)
05-22 14:35:55.601  5771  5960 I PackageManager: Un-granting permission android.permission.SYSTEM_ALERT_WINDOW from package com.sec.android.app.shealth (protectionLevel=1250 flags=0x38583e64)
05-22 14:35:55.601  5771  5960 I PackageManager: Un-granting permission com.samsung.android.app.withtv.ACCESS_WITH_TV from package com.sec.android.app.shealth (protectionLevel=18 flags=0x38583e64)
05-22 14:35:55.603  5771  5960 D UNKNOWN_SOURCES: REQUEST_INSTALL_PACKAGES from the list: com.samsung.android.scloud :: false
05-22 14:35:55.603  5771  5960 I PackageManager: Un-granting permission com.sec.android.provider.badge.permission.WRITE from package com.linkedin.android (protectionLevel=18 flags=0x20d83e44)
05-22 14:35:55.605  5771  5960 I PackageManager: Un-granting permission com.google.android.finsky.permission.GEARHEAD_SERVICE from package com.google.android.projection.gearhead (protectionLevel=18 flags=0x388bbcc5)
05-22 14:35:55.613  5771  5960 I PackageManager: Un-granting permission com.samsung.android.permission.SEC_MEDIA_CONTENTS from package com.sec.android.app.camera (protectionLevel=18 flags=0x38d83e45)
05-22 14:35:55.613  5771  5960 D UNKNOWN_SOURCES: REQUEST_INSTALL_PACKAGES from the list: com.android.bluetooth :: false
05-22 14:35:55.704  5771  5960 I PackageManager: enforceEDMPermissionLI
05-22 14:35:55.704  5771  6416 W system_server: Long monitor contention with owner PackageManager (5960) at void com.android.server.pm.PackageManagerService.installPackagesLI(java.util.List)(PackageManagerService.java:20159) waiters=2 in android.content.pm.ApplicationInfo com.android.server.pm.PackageManagerService.getApplicationInfoInternal(java.lang.String, int, int, int) for 126ms
05-22 14:35:55.705  5771  5806 W system_server: Long monitor contention with owner PackageManager (5960) at void com.android.server.pm.PackageManagerService.installPackagesLI(java.util.List)(PackageManagerService.java:20159) waiters=3 in int com.android.server.pm.PackageManagerService.checkUidPermission(java.lang.String, int) for 126ms
05-22 14:35:55.705  5771  5806 D ConnectivityService: filterNetworkStateForUid() uid: 10196, pid: 15335
05-22 14:35:55.705  5771  5806 D ConnectivityService: filterNetworkStateForUid() uid: 10196, pid: 15335, networkInfo: [type: WIFI[], state: CONNECTED/CONNECTED, reason: (unspecified), extra: (none), failover: false, available: true, roaming: false]
05-22 14:35:55.706 15449 15449 D ApplicationLoaders: Returning zygote-cached class loader: /system/framework/android.hidl.base-V1.0-java.jar
05-22 14:35:55.706 15449 15449 D ApplicationLoaders: Returning zygote-cached class loader: /system/framework/android.hidl.manager-V1.0-java.jar
05-22 14:35:55.706 15449 15449 D ApplicationLoaders: Returning zygote-cached class loader: /system/framework/android.hidl.base-V1.0-java.jar
05-22 14:35:55.709 15449 15449 I soft.appmanage: The ClassLoaderContext is a special shared library.
05-22 14:35:55.720  5771  8463 I ApplicationPolicy: isApplicationExternalStorageWhitelisted:com.google.android.gsf user:0
05-22 14:35:55.720  5771  8463 D ApplicationPolicy: isApplicationExternalStorageWhitelisted: DO is not enabled on user 0. Allowed.
05-22 14:35:55.720  5771  8463 D ActivityManager: package  com.google.android.gsf, user - 0 is SDcard whitelisted
05-22 14:35:55.720  5771  8463 I ApplicationPolicy: isApplicationExternalStorageBlacklisted:com.google.android.gsf user:0
05-22 14:35:55.720  5771  8463 D ApplicationPolicy: isApplicationExternalStorageBlacklisted: DO is not enabled on user 0. Allowed.
05-22 14:35:55.720  5771  8463 I ApplicationPolicy: isApplicationExternalStorageBlacklisted:com.google.android.gsf user:0
05-22 14:35:55.720  5771  8463 D ApplicationPolicy: isApplicationExternalStorageBlacklisted: DO is not enabled on user 0. Allowed.
05-22 14:35:55.721  5771  8463 W ActivityManager: wait for provider publish: waiters=1 callerApp=ProcessRecord{3e0878c 15335:com.google.android.apps.maps/u0a196} cpr=ContentProviderRecord{7e8863d u0 com.google.android.gsf/.settings.GoogleSettingsProvider}
05-22 14:35:55.722  5771  5960 D AASA_ASKSManager_RESTRICTED: There is no restricted rule.
05-22 14:35:55.722  5771  5960 V BackupManagerService: restoreAtInstall pkg=com.example.VulkanLayerValidationTests token=a restoreSet=0
05-22 14:35:55.723  5771  5960 V BackupManagerService: Finishing install immediately
05-22 14:35:55.741  5258  5653 I netd    : trafficSetNetPermForUids(0, [11739]) <0.02ms>
05-22 14:35:55.742  5259  5259 D Zygote  : Forked child process 15473
05-22 14:35:55.744  5771  5864 I ActivityManager: Start proc 15473:com.google.process.gapps/u0a43 for content provider {com.google.android.gsf/com.google.android.gsf.settings.GoogleSettingsProvider}
05-22 14:35:55.748  5771  6467 I SamsungAlarmManager: setLocked to kernel - T:2 / 20200522T143653, SetElapsed=80235574, nowELAPSED=80177422
05-22 14:35:55.748  5771  6467 I SamsungAlarmManager: setLocked to kernel - T:3 / 20200522T143559, SetElapsed=80181674, nowELAPSED=80177423
05-22 14:35:55.748  5771  6467 D SamsungAlarmManager: setInexact Listener (T:2/F:0/AC:false) 20200522T143623 - CU:1000/CP:5771
05-22 14:35:55.748  5771  6467 I SamsungAlarmManager: setLocked to kernel - T:2 / 20200522T143623, SetElapsed=80205574, nowELAPSED=80177423
05-22 14:35:55.748  5771  6467 I SamsungAlarmManager: setLocked to kernel - T:3 / 20200522T143559, SetElapsed=80181674, nowELAPSED=80177423
05-22 14:35:55.749  5771  5960 D PackageManager: result of install: 1{13798657}
05-22 14:35:55.750 15473 15473 E Zygote  : isWhitelistProcess - Process is Whitelisted
05-22 14:35:55.751  5438  5438 E         : Couldn't opendir /data/app/vmdl133977294.tmp: No such file or directory
05-22 14:35:55.751  5438  5438 E installd: Failed to delete /data/app/vmdl133977294.tmp: No such file or directory
05-22 14:35:55.751 15473 15473 E Zygote  : accessInfo : 1
05-22 14:35:55.763  5771  8469 D ConnectivityService: filterNetworkStateForUid() uid: 10196, pid: 15335
05-22 14:35:55.763  5771  8469 D ConnectivityService: filterNetworkStateForUid() uid: 10196, pid: 15335, networkInfo: [type: WIFI[], state: CONNECTED/CONNECTED, reason: (unspecified), extra: (none), failover: false, available: true, roaming: false]
05-22 14:35:55.775  6826  6826 D CapturePreview: capture targetView width : 1080 height : 2280
05-22 14:35:55.776  5771  8469 D ConnectivityService: filterNetworkStateForUid() uid: 10196, pid: 15335
05-22 14:35:55.777  5771  8469 D ConnectivityService: filterNetworkStateForUid() uid: 10196, pid: 15335, networkInfo: [type: WIFI[], state: CONNECTED/CONNECTED, reason: (unspecified), extra: (none), failover: false, available: true, roaming: false]
05-22 14:35:55.778  5771  5806 I SamsungAlarmManager: setLocked to kernel - T:2 / 20200522T143653, SetElapsed=80235574, nowELAPSED=80177452
05-22 14:35:55.778  5771  5806 I SamsungAlarmManager: setLocked to kernel - T:3 / 20200522T143559, SetElapsed=80181674, nowELAPSED=80177453
05-22 14:35:55.778  5771  5806 D SamsungAlarmManager: setInexact Listener (T:2/F:0/AC:false) 20200522T144113 - CU:1000/CP:5771
05-22 14:35:55.778  5771  5806 I SamsungAlarmManager: setLocked to kernel - T:2 / 20200522T143653, SetElapsed=80235574, nowELAPSED=80177453
05-22 14:35:55.778  5771  5806 I SamsungAlarmManager: setLocked to kernel - T:3 / 20200522T143559, SetElapsed=80181674, nowELAPSED=80177453
05-22 14:35:55.778  5771  5806 I SamsungAlarmManager: setLocked to kernel - T:2 / 20200522T143708, SetElapsed=80250417, nowELAPSED=80177453
05-22 14:35:55.778  5771  5806 I SamsungAlarmManager: setLocked to kernel - T:3 / 20200522T143559, SetElapsed=80181674, nowELAPSED=80177453
05-22 14:35:55.779  5771  5806 D SamsungAlarmManager: setInexact Listener (T:2/F:0/AC:false) 20200522T151113 - CU:1000/CP:5771
05-22 14:35:55.779  5771  5806 I SamsungAlarmManager: setLocked to kernel - T:2 / 20200522T143708, SetElapsed=80250417, nowELAPSED=80177453
05-22 14:35:55.779  5771  5806 I SamsungAlarmManager: setLocked to kernel - T:3 / 20200522T143600, SetElapsed=80181674, nowELAPSED=80177453
05-22 14:35:55.779 15120 15120 I Finsky  : [2] vmd.a(35): Cancelling existing jobscheduler jobs: 9000 9001 
05-22 14:35:55.780 15120 15120 I Finsky  : [2] vmd.a(28): Scheduling job Id: 9002, L: 11546, D: 45631979, C: false, I: false, N: 1
05-22 14:35:55.781  5771  5806 D ConnectivityService: filterNetworkStateForUid() uid: 10068, pid: 5771
05-22 14:35:55.781  5771  5806 D ConnectivityService: filterNetworkStateForUid() uid: 10068, pid: 5771, networkInfo: [type: WIFI[], state: CONNECTED/CONNECTED, reason: (unspecified), extra: (none), failover: false, available: true, roaming: false]
05-22 14:35:55.783  5771  5771 D UpdateReceiver:: Action: android.intent.action.PACKAGE_ADDED
05-22 14:35:55.790 15473 15473 E e.process.gapp: Not starting debugger since process cannot load the jdwp agent.
05-22 14:35:55.795 15473 15473 D ActivityThread: setConscryptValidator
05-22 14:35:55.795  6826  7985 D OpenGLRenderer: createReliableSurface : 0x7042c1ce80, 0x6fbdd67000
05-22 14:35:55.795 15473 15473 D ActivityThread: setConscryptValidator - put
05-22 14:35:55.795  6826  7985 I mali_winsys: new_window_surface() [1080x2280] return: 0x3000
05-22 14:35:55.795  6826  7985 E BufferQueueProducer: [unnamed-6826-9] setMaxDequeuedBufferCount: 2 dequeued buffers would exceed the maxBufferCount (2) (maxAcquired 1 async 0 mDequeuedBufferCannotBlock 0)
05-22 14:35:55.795  6826  7985 E Surface : IGraphicBufferProducer::setBufferCount(3) returned Invalid argument
05-22 14:35:55.795  6826  7985 D OpenGLRenderer: SurfaceChanged : 0x70473df980 -> 0x70472c6f00
05-22 14:35:55.803  5771  6226 I RoleManagerService: Granting default roles...
05-22 14:35:55.803  5771  5771 E SDAgentPackageStateReceiver: Not going to handle 'com.example.VulkanLayerValidationTests'!
05-22 14:35:55.804  5771  5771 D UpdateReceiver: Handler : 0
05-22 14:35:55.804  5771  5771 D UpdateReceiver: action : android.intent.action.PACKAGE_ADDED, package:com.example.VulkanLayerValidationTests
05-22 14:35:55.806  6826  7985 D OpenGLRenderer: SurfaceChanged : 0x70472c6f00 -> 0x0
05-22 14:35:55.806  6826  7985 I mali_egl: eglDestroySurface() in
05-22 14:35:55.809  6826  7985 I mali_winsys: delete_surface() [1080x2280] return
05-22 14:35:55.809  6826  7985 I mali_egl: eglDestroySurface() out
05-22 14:35:55.809  6826  7985 E BufferQueueProducer: [unnamed-6826-9] disconnect: not connected (req=1)
05-22 14:35:55.809  6826  7985 W libEGL  : EGLNativeWindowType 0x7042c1ce90 disconnect failed
05-22 14:35:55.809  6826  6826 D CapturePreview: capture took  34
05-22 14:35:55.812  5771 15500 D KnoxMUMContainerPolicy: mPackageReceiver : action - android.intent.action.PACKAGE_ADDED
05-22 14:35:55.818  6390  6390 D KeyguardUpdateMonitor: received broadcast android.intent.action.PACKAGE_ADDED
05-22 14:35:55.819  6390  6390 D FaceWidgetMetadataParser: updatePackage() com.example.VulkanLayerValidationTests true
05-22 14:35:55.820  6390  6390 D FaceWidgetMetadataParser: removePackage() key = com.example.VulkanLayerValidationTests
05-22 14:35:55.822  5771  5897 D LocationProviderProxy-network: bindBestPackage for com.android.location.service.v3.NetworkLocationProvider :  found 1, new best component: ComponentInfo{com.google.android.gms/com.google.android.location.network.NetworkLocationService}
05-22 14:35:55.823  5771  5897 D LocationProviderProxy-fused: bindBestPackage for com.android.location.service.FusedLocationProvider :  found 2, new best component: ComponentInfo{com.google.android.gms/com.google.android.location.fused.FusedLocationService}
05-22 14:35:55.823  5771  5897 D GeocoderProxy: bindBestPackage for com.android.location.service.GeocodeProvider :  found 1, new best component: ComponentInfo{com.google.android.gms/com.google.android.location.geocode.GeocodeService}
05-22 14:35:55.824  5771  5897 D GeofenceProxy: bindBestPackage for com.android.location.service.GeofenceProvider :  found 1, new best component: ComponentInfo{com.google.android.gms/com.google.android.location.geofencer.service.GeofenceProviderService}
05-22 14:35:55.824  5771  5897 D ActivityRecognitionProxy: bindBestPackage for com.android.location.service.ActivityRecognitionProvider :  found 1, new best component: ComponentInfo{com.google.android.gms/com.google.android.location.internal.server.HardwareArProviderService}
05-22 14:35:55.826  6390  6390 D SPluginManagerImpl: onReceive: android.intent.action.PACKAGE_ADDED, size:{com.android.systemui.recents.OverviewProxyService$5@b77e6f=SPluginInstanceManager@128512831 (action=com.samsung.systemui.action.PLUGIN_EX_RECENTS), com.android.systemui.statusbar.phone.NotificationPanelView{1cf34e0 I.E...... ......ID 0,0-1080,112 #7f0a043e app:id/notification_panel}=SPluginInstanceManager@247919628 (action=com.samsung.systemui.action.PLUGIN_LOCK), com.android.systemui.slimindicator.SlimIndicatorPluginMediator@6e455ae=SPluginInstanceManager@106545493 (action=com.samsung.systemui.action.SPLUGIN_SLIMINDICATOR), com.android.systemui.qscoloring.SecQSColoringPluginMediator@729e6dc=SPluginInstanceManager@165504874 (action=com.samsung.systemui.coloring.PLUGIN_QSCOLORING), com.android.systemui.statusbar.phone.NavBarInteractorManager$1@72e4c89=SPluginInstanceManager@247694427 (action=com.samsung.systemui.navigationbar.PLUGIN), com.android.systemui.noticenter.NotiCenterPlugin$NotiCenterPluginListener@73a17c4=SPluginInstanceManager@83182840 (action=com.samsung.systemui.action.PLUGIN_NOTICENTER), com.samsung.android.systemui.multistar.MultiStarManager$1@bc8e7fa=SPluginInstanceManager@121773521 (action=com.samsung.systemui.action.PLUGIN_MULTISTAR), com.android.systemui.volume.VolumeStarInteractor$1@d817b79=SPluginInstanceManager@216174646 (action=com.samsung.systemui.volume.PLUGIN), com.android.systemui.BixbyInteractor$1@db9c78a=SPluginInstanceManager@69995319 (action=com.samsung.systemui.bixby2.PLUGIN)}
05-22 14:35:55.826  6543  6589 D EventHandler_FLP: PACKAGE_ADDED
05-22 14:35:55.826  6543  6589 D PackageInfoManager_FLP: action : ACTION_PACKAGE_ADDED, packageName = com.example.VulkanLayerValidationTests
05-22 14:35:55.827  6640  6640 D RegisteredServicesCache: invalidateCache
05-22 14:35:55.829  5771 15502 W ContextImpl: Calling a method in the system process without a qualified user: android.app.ContextImpl.sendBroadcast:1087 com.samsung.android.dapservice.MlDapService$1.lambda$onReceive$0$MlDapService$1:45 com.samsung.android.dapservice.-$$Lambda$MlDapService$1$9qlL16Pfscs1v6ITrzmXWq42B0E.run:4 java.lang.Thread.run:919 <bottom of call stack> 
05-22 14:35:55.870  5771  6171 I InputReader: Reconfiguring input devices.  changes=0x00000010
05-22 14:35:55.949 15158 15506 I System.out: (HTTPLog)-Static: isSBSettingEnabled false
05-22 14:35:55.950 15158 15506 I System.out: (HTTPLog)-Static: isSBSettingEnabled false
05-22 14:35:55.951  5258  5650 D DnsProxyListener: DNSDBG::dns addrinfo af 2 - 10066
05-22 14:35:55.972  5771  5799 I system_server: Background concurrent copying GC freed 58778(3346KB) AllocSpace objects, 18(2900KB) LOS objects, 31% free, 51MB/75MB, paused 101us total 223.360ms
05-22 14:35:55.979  5771  5801 W System  : A resource failed to call close. 
05-22 14:35:56.001 15158 15506 D TcpOptimizer: TcpOptimizer-ON
05-22 14:35:56.044  6826  8786 D CapturePreview: start save : compress capture bitmap : 207768
05-22 14:35:56.044  6826  8786 D CapturePreview: save result :  path : /data/user/0/com.sec.android.app.launcher/cache/homescreenPreview.png
05-22 14:35:56.045  5771  6760 D SettingsProvider: isChangeAllowed() : name = homescreenPreview_capturetime_land
05-22 14:35:56.045  5771  6760 D SettingsProvider: edmUri: content://com.sec.knox.provider/RestrictionPolicy3
05-22 14:35:56.045  5771  6760 D SettingsProvider: projectionArgs: isSettingsChangesAllowed
05-22 14:35:56.045  5771  6760 D SettingsProvider: selectionArgs: false
05-22 14:35:56.045  5771  6760 D SettingsProvider: selectionArgs: 10110
05-22 14:35:56.045  5771  6760 D SecContentProvider: query(), uri = 17 selection = isSettingsChangesAllowed
05-22 14:35:56.165  5771  7642 W system_server: /system/priv-app/SamsungCloudClient/SamsungCloudClient.apk has in excess of 100 dex files. Please consider coalescing and shrinking the number to  avoid runtime overhead.
05-22 14:35:56.215  5771  6467 W system_server: Long monitor contention with owner Binder:5771_E (7642) at void com.android.server.pm.PackageManagerService.dump(java.io.FileDescriptor, java.io.PrintWriter, java.lang.String[])(PackageManagerService.java:26696) waiters=3 in java.lang.String com.android.server.pm.PackageManagerService.getInstantAppPackageName(int) for 385ms
05-22 14:35:56.216  5771  6176 W system_server: Long monitor contention with owner Binder:5771_E (7642) at void com.android.server.pm.PackageManagerService.dump(java.io.FileDescriptor, java.io.PrintWriter, java.lang.String[])(PackageManagerService.java:26696) waiters=7 in java.lang.String com.android.server.pm.PackageManagerService.getInstantAppPackageName(int) for 385ms
05-22 14:35:56.217  5771  7679 W system_server: Long monitor contention with owner Binder:5771_E (7642) at void com.android.server.pm.PackageManagerService.dump(java.io.FileDescriptor, java.io.PrintWriter, java.lang.String[])(PackageManagerService.java:26696) waiters=2 in java.lang.String com.android.server.pm.PackageManagerService.getInstantAppPackageName(int) for 386ms
05-22 14:35:56.217  5771  7677 W system_server: Long monitor contention with owner Binder:5771_E (7642) at void com.android.server.pm.PackageManagerService.dump(java.io.FileDescriptor, java.io.PrintWriter, java.lang.String[])(PackageManagerService.java:26696) waiters=4 in android.content.pm.ApplicationInfo com.android.server.pm.PackageManagerService.getApplicationInfoInternal(java.lang.String, int, int, int) for 386ms
05-22 14:35:56.218  5771  5771 W system_server: Long monitor contention with owner Binder:5771_E (7642) at void com.android.server.pm.PackageManagerService.dump(java.io.FileDescriptor, java.io.PrintWriter, java.lang.String[])(PackageManagerService.java:26696) waiters=6 in android.content.pm.ApplicationInfo com.android.server.pm.PackageManagerService.getApplicationInfoInternal(java.lang.String, int, int, int) for 387ms
05-22 14:35:56.218  5771  7738 W system_server: Long monitor contention with owner Binder:5771_E (7642) at void com.android.server.pm.PackageManagerService.dump(java.io.FileDescriptor, java.io.PrintWriter, java.lang.String[])(PackageManagerService.java:26696) waiters=5 in java.lang.String com.android.server.pm.PackageManagerService.getInstantAppPackageName(int) for 387ms
05-22 14:35:56.218  5771  8476 W system_server: Long monitor contention with owner Binder:5771_E (7642) at void com.android.server.pm.PackageManagerService.dump(java.io.FileDescriptor, java.io.PrintWriter, java.lang.String[])(PackageManagerService.java:26696) waiters=8 in android.content.pm.ApplicationInfo com.android.server.pm.PackageManagerService.getApplicationInfoInternal(java.lang.String, int, int, int) for 377ms
05-22 14:35:56.218  5771  5771 D ApplicationPolicy: packageInstalledForExternalStorage com.example.VulkanLayerValidationTests
05-22 14:35:56.219  5771  5862 W system_server: Long monitor contention with owner Binder:5771_E (7642) at void com.android.server.pm.PackageManagerService.dump(java.io.FileDescriptor, java.io.PrintWriter, java.lang.String[])(PackageManagerService.java:26696) waiters=9 in java.lang.String com.android.server.pm.PackageManagerService.getInstantAppPackageName(int) for 316ms
05-22 14:35:56.219  5771  6760 D SecContentProvider: called from com.sec.android.app.launcher
05-22 14:35:56.220  6543  6589 V PermissionManager_FLP: handled onPackageAdded for com.example.VulkanLayerValidationTests(DENY)
05-22 14:35:56.221  5771  6760 D RestrictionPolicy: isSettingsChangesAllowedAsUser, userId 0 : true
05-22 14:35:56.221  5771  6760 D SettingsProvider: ret = 1
05-22 14:35:56.222  5771  6262 W system_server: Long monitor contention with owner Binder:5771_E (7642) at void com.android.server.pm.PackageManagerService.dump(java.io.FileDescriptor, java.io.PrintWriter, java.lang.String[])(PackageManagerService.java:26696) waiters=10 in int com.android.server.pm.PackageManagerService.checkUidPermission(java.lang.String, int) for 229ms
05-22 14:35:56.222  5771  5771 D ApplicationPolicy: checkExternalStoragePkg - uid - 1000, key - PackageNameExternalStorageWhiteList, packageName- com.example.VulkanLayerValidationTests
05-22 14:35:56.222  5771  5771 D ApplicationPolicy: checkExternalStoragePkg : Not match found
05-22 14:35:56.222  5771  5771 D ApplicationPolicy: checkExternalStoragePkg - uid - 1000, key - PackageNameExternalStorageBlackList, packageName- com.example.VulkanLayerValidationTests
05-22 14:35:56.223  5771  5771 D ApplicationPolicy: checkExternalStoragePkg - uid - 10043, key - PackageNameExternalStorageWhiteList, packageName- com.example.VulkanLayerValidationTests
05-22 14:35:56.223  5771  5771 D ApplicationPolicy: checkExternalStoragePkg - uid - 10043, key - PackageNameExternalStorageBlackList, packageName- com.example.VulkanLayerValidationTests
05-22 14:35:56.223  5771  5771 D ApplicationPolicy: checkExternalStoragePkg - uid - 10056, key - PackageNameExternalStorageWhiteList, packageName- com.example.VulkanLayerValidationTests
05-22 14:35:56.223  5771  5771 I chatty  : uid=1000 system_server identical 4 lines
05-22 14:35:56.223  5771  5771 D ApplicationPolicy: checkExternalStoragePkg - uid - 10056, key - PackageNameExternalStorageBlackList, packageName- com.example.VulkanLayerValidationTests
05-22 14:35:56.223  5771  5771 D ApplicationPolicy: checkExternalStoragePkg : Not match found
05-22 14:35:56.229  6640  6640 D RegisteredOtherServicesCache: invalidate
05-22 14:35:56.230  5771  5771 W LoadedApk: Slow system_server main thread handled for android.intent.action.PACKAGE_ADDED took 419 ms, Receiver = com.android.server.enterprise.application.ApplicationPolicy$4@ae1626c
05-22 14:35:56.230  5771  5771 W Looper  : Slow dispatch took 419ms main h=android.app.ActivityThread$H c=android.app.-$$Lambda$LoadedApk$ReceiverDispatcher$Args$_BumDX2UKsnxLVrE6UJsJZkotuA@b781cea m=0
05-22 14:35:56.231  5771  5771 W Looper  : Slow system_server main looper dispatch took 419ms  h=android.app.ActivityThread$H c=android.app.-$$Lambda$LoadedApk$ReceiverDispatcher$Args$_BumDX2UKsnxLVrE6UJsJZkotuA@b781cea m=0
05-22 14:35:56.231  5771  8461 D GameManagerService: identifyGamePackage. com.example.VulkanLayerValidationTests, mCurrentUserId: 0, callerUserId: 0
05-22 14:35:56.231  5771  8461 D GamePkgDataHelper: getGamePkgData(). com.example.VulkanLayerValidationTests
05-22 14:35:56.233  7563  7563 I GsaVoiceInteractionSrv: O received Intent { act=android.intent.action.PACKAGE_ADDED dat=package:com.example.VulkanLayerValidationTests flg=0x4000010 (has extras) }
05-22 14:35:56.233  6640  6640 D NonAidRoutingManager: selected se: SIM1
05-22 14:35:56.234 10647 10681 I SystemBroadcastReceiver: [#CMH#] Received broadcast 
05-22 14:35:56.235 10647 10681 I ControllerEventHandler: [#CMH#] onPackageAdded  null
05-22 14:35:56.235 11859 11859 D BeaconManager[10.0.22.0]: BeaconService.PackageReceiver - action:android.intent.action.PACKAGE_ADDED, package:com.example.VulkanLayerValidationTests
05-22 14:35:56.235 10647 10681 I SystemBroadcastReceiver: [#CMH#] onReceive completed 
05-22 14:35:56.236 14405 14405 D SEMS-11.1.02_SeMobileServiceSession: onReceive - receive android.intent.action.PACKAGE_ADDED
05-22 14:35:56.236  5771  5771 W Looper  : Slow delivery took 426ms main h=android.app.ActivityThread$H c=android.app.-$$Lambda$LoadedApk$ReceiverDispatcher$Args$_BumDX2UKsnxLVrE6UJsJZkotuA@66e7151 m=0
05-22 14:35:56.237  5771  5771 W Looper  : Slow system_server main looper delivery took 426ms  h=android.app.ActivityThread$H c=android.app.-$$Lambda$LoadedApk$ReceiverDispatcher$Args$_BumDX2UKsnxLVrE6UJsJZkotuA@66e7151 m=0
05-22 14:35:56.237 14255 14255 I SEMS:RegistrationLog_1.0: [[ActivateLog]][2][ActivateReceiver] local broadcast received. action : android.intent.action.PACKAGE_ADDED
05-22 14:35:56.237 14255 14255 I SEMS:RegistrationLog_1.0: [[ActivateLog]][2][ActivateReceiver] handlePackageAdded
05-22 14:35:56.238 14255 14255 I SEMS:DataAdapterLog_1.0: [2][DeviceUtils] isMultiSimDevice : true
05-22 14:35:56.240  5771  5960 W system_server: Long monitor contention with owner ActivityManager (5863) at void com.android.server.am.BroadcastQueue.processNextBroadcast(boolean)(BroadcastQueue.java:1087) waiters=1 in int com.android.server.am.ActivityManagerService.broadcastIntent(android.app.IApplicationThread, android.content.Intent, java.lang.String, android.content.IIntentReceiver, int, java.lang.String, android.os.Bundle, java.lang.String[], int, android.os.Bundle, boolean, boolean, int) for 455ms
05-22 14:35:56.241  6640  6640 I RegisteredAidCache: aidInfo: 0
05-22 14:35:56.241  6640  6640 I chatty  : uid=1027(nfc) com.android.nfc identical 18 lines
05-22 14:35:56.241  6640  6640 I RegisteredAidCache: aidInfo: 0
05-22 14:35:56.241  6640  6640 D AidRoutingManager: support iso7816 protocol route
05-22 14:35:56.241  6640  6640 D AidRoutingManager: getRouteForNfcExecutionEnvironment : SIM1
05-22 14:35:56.241  6640  6640 D AidRoutingManager: defaultRoute(this) : 0x3, defaultRoute(Cache) : 0x3
05-22 14:35:56.241  6640  6640 D AidRoutingManager: [seList] - add default route : 0x3
05-22 14:35:56.241  6640  6640 D AidRoutingManager: [seList] - add route : 0x0
05-22 14:35:56.241  6640  6640 D AidRoutingManager: entry is not changed
05-22 14:35:56.243 14405 14405 D SEMS-11.1.02_CommonUtils: getSupportStandAloneFromMetaData : true
05-22 14:35:56.243  5771  5771 D GameManagerService: identifyGamePackage. com.example.VulkanLayerValidationTests, mCurrentUserId: 0, callerUserId: 0
05-22 14:35:56.243  5771  5771 D GamePkgDataHelper: getGamePkgData(). com.example.VulkanLayerValidationTests
05-22 14:35:56.244  6640  6640 D RegisteredNfcFServicesCache: Service unchanged, not updating
05-22 14:35:56.245  5771  6416 W system_server: Long monitor contention with owner ActivityManager (5863) at void com.android.server.am.BroadcastQueue.processNextBroadcast(boolean)(BroadcastQueue.java:1087) waiters=2 in android.app.ContentProviderHolder com.android.server.am.ActivityManagerService.getContentProviderImpl(android.app.IApplicationThread, java.lang.String, android.os.IBinder, int, java.lang.String, java.lang.String, boolean, int, int) for 448ms
05-22 14:35:56.245  5771  5771 D KnoxMUMContainerPolicy: packageInstalledForSBAExternalStorage com.example.VulkanLayerValidationTests
05-22 14:35:56.245  5771  8262 W system_server: Long monitor contention with owner ActivityManager (5863) at void com.android.server.am.BroadcastQueue.processNextBroadcast(boolean)(BroadcastQueue.java:1087) waiters=3 in void com.android.server.am.ActivityManagerService.attachApplication(android.app.IApplicationThread, long) for 442ms
05-22 14:35:56.246  5771  8469 W system_server: Long monitor contention with owner ActivityManager (5863) at void com.android.server.am.BroadcastQueue.processNextBroadcast(boolean)(BroadcastQueue.java:1087) waiters=4 in java.util.List com.android.server.am.ActivityManagerService.getRunningAppProcesses() for 419ms
05-22 14:35:56.246  5771  5771 I PersonaManagerService::Proxy: newPackage is com.example.VulkanLayerValidationTests
05-22 14:35:56.246  5771  6416 D SecContentProvider: query(), uri = 30 selection = isLocalContactStorageAllowed
05-22 14:35:56.246  5771  6416 D SecContentProvider: called from com.samsung.android.app.contacts
05-22 14:35:56.247  5771  6416 D RestrictionPolicy: isLocalContactStorageAllowed
05-22 14:35:56.247  5771  6416 D RestrictionPolicy: isLocalContactStorageAllowed(0) : true
05-22 14:35:56.248  5771  8469 D PackageManager: setEnabledSetting : userId = 0 packageName = com.microsoft.appmanager cmp = androidx.work.impl.background.systemjob.SystemJobService newState = 1 callingPackage = 10221/com.microsoft.appmanager
05-22 14:35:56.249  5771 15502 W system_server: Long monitor contention with owner ActivityManager (5863) at void com.android.server.am.BroadcastQueue.processNextBroadcast(boolean)(BroadcastQueue.java:1087) waiters=5 in int com.android.server.am.ActivityManagerService.broadcastIntent(android.app.IApplicationThread, android.content.Intent, java.lang.String, android.content.IIntentReceiver, int, java.lang.String, android.os.Bundle, java.lang.String[], int, android.os.Bundle, boolean, boolean, int) for 420ms
05-22 14:35:56.250 14255 14255 I SEMS:RegistrationLog_1.0: [[AuthLog]][2][EasySignUpDBHandler] query end
05-22 14:35:56.251 14255 14255 I SEMS:DataAdapterLog_1.0: [2][DeviceUtils] isMultiSimDevice : true
05-22 14:35:56.251  5771  5771 I Telecom : DefaultDialerCache: Refreshing default dialer for user 0: now com.samsung.android.dialer: DDC.oR@AZo
05-22 14:35:56.252  5771  6467 D SecContentProvider: query(), uri = 30 selection = isLocalContactStorageAllowed
05-22 14:35:56.253  5771 15516 V EnterpriseBillingAsyncHandler: packageModificationReceiver - onreceive - start - android.intent.action.PACKAGE_ADDED
05-22 14:35:56.254  5771 15516 V EnterpriseBillingPolicyInternal: packageModification -  start - android.intent.action.PACKAGE_ADDED
05-22 14:35:56.254  5771 15516 V EnterpriseBillingPolicyInternal: uID is 11739
05-22 14:35:56.254  5771 15516 V EnterpriseBillingPolicyInternal: Removed Packageuid is0
05-22 14:35:56.254  5771 15516 V EnterpriseBillingPolicyStorage: getProfileForApplication - enter
05-22 14:35:56.254  5771  6467 D SecContentProvider: called from com.samsung.android.uid.dialer:10076
05-22 14:35:56.254  5771  5771 D CocktailBarManagerServiceContainer: onReceive : android.intent.action.PACKAGE_ADDED
05-22 14:35:56.254  5771  6467 D RestrictionPolicy: isLocalContactStorageAllowed
05-22 14:35:56.254  5771  6467 D RestrictionPolicy: isLocalContactStorageAllowed(0) : true
05-22 14:35:56.255  5771 15516 V EnterpriseBillingPolicyStorage: getProfileForApplication - exit null : containerId = 0
05-22 14:35:56.255  5771 15516 V EnterpriseBillingPolicyInternal: packageModificationReceiver - onreceive - personal application - profile null
05-22 14:35:56.255  6640  6640 D RegisteredComponentCache: Collect Tech packages for Knox
05-22 14:35:56.256  5771  5771 D BridgeProxy: PackageReceiver onReceive()
05-22 14:35:56.257  5771  5771 D RCPManagerService: PackageReceiver onReceive()
05-22 14:35:56.258  5771  5771 D RCPManagerService: App Installed with packageNAme = com.example.VulkanLayerValidationTests
05-22 14:35:56.258  6640  6640 D NfcService: MSG_COMMIT_ROUTING
05-22 14:35:56.259  5280  5280 E SecHAL  : nfc_hal_write: [Cmd]Send EVT data_sending_flag = true, return size=4!!
05-22 14:35:56.268 14255 14255 I SEMS:RegistrationLog_1.0: [[AuthLog]][2][AuthTableDBManager] isAuth is false
05-22 14:35:56.269 14255 14255 I SEMS:DataAdapterLog_1.0: [2][DeviceUtils] isMultiSimDevice : true
05-22 14:35:56.272 14255 14255 I SEMS:DataAdapterLog_1.0: [2][DeviceUtils] isDaAuthSupportedDevice : false
05-22 14:35:56.273 14255 14255 I SEMS:DataAdapterLog_1.0: [SEMS][PushLog][2][SmpManager] hasToken: false, RegisterFailed: false
05-22 14:35:56.273 14255 14255 I SEMS:DataAdapterLog_1.0: [SEMS][PushLog][2][SmpManager] init
05-22 14:35:56.273 14255 14255 I SEMS:RegistrationLog_1.0: [[AuthLog]][2][AgreementUtil] isSocialAgreementAcceptedInCache ? false
05-22 14:35:56.273 14255 14255 I SEMS:DataAdapterLog_1.0: [SEMS][PushLog][2][SmpManager] not agreed
05-22 14:35:56.276  5771  5862 I AccessibilityManagerService: readMagnifierWindowEnabledSettingLocked: magniferWindowEnabled false, userState.mIsMagniferWindowEnabled false
05-22 14:35:56.276  5771  5862 I AccessibilityManagerService: readAmplifyAmbientSoundSettingsLocked: isAmplifyAmbientSound false, userState.mIsAmplifyAmbientSoundEnabled false
05-22 14:35:56.277  5771  5862 D SettingsProvider: isChangeAllowed() : name = accessibility_enabled
05-22 14:35:56.277  5771  5862 I AccessibilityManagerService: semIsAccessibilityServiceEnabled()
05-22 14:35:56.277  5771  5862 I AccessibilityManagerService: accesibilityService is null
05-22 14:35:56.277  5771  5862 D EnterpriseDeviceManagerService: Package has changed for user 0
05-22 14:35:56.278  5771  5862 D EnterpriseDeviceManagerService: Admin package name: com.samsung.android.kgclient
05-22 14:35:56.278  5771  5862 D EnterpriseDeviceManagerService: Admin package name: com.google.android.gms
05-22 14:35:56.283  5280  8346 E SecHAL  : nfc_data_callback: [Cmd]Received a response packet : data_sending_flag = false!!
05-22 14:35:56.284  6640  8286 E libnfc_nci: [ERROR:nfc_ncif.cc(1213)] nfc_ncif_proc_deactivate - evt_data.deactivate.reason 226, nfc_cb.deact_reason = 0
05-22 14:35:56.284  5280  5280 E SecHAL  : nfc_hal_write: [Cmd]Send EVT data_sending_flag = true, return size=1c!!
05-22 14:35:56.289  5771  7642 D SecContentProvider: query(), uri = 30 selection = isLocalContactStorageAllowed
05-22 14:35:56.289  5771  7642 D SecContentProvider: called from com.samsung.android.app.contacts
05-22 14:35:56.289  5771  7642 D RestrictionPolicy: isLocalContactStorageAllowed
05-22 14:35:56.289  5771  7642 D RestrictionPolicy: isLocalContactStorageAllowed(0) : true
05-22 14:35:56.292  5771  6625 W system_server: Long monitor contention with owner ActivityManager (5863) at void com.android.server.am.BroadcastQueue.processNextBroadcast(boolean)(BroadcastQueue.java:1087) waiters=6 in android.content.ComponentName com.android.server.am.ActivityManagerService.startService(android.app.IApplicationThread, android.content.Intent, java.lang.String, boolean, java.lang.String, int) for 459ms
05-22 14:35:56.293  5280  8346 E SecHAL  : nfc_data_callback: [Cmd]Received a response packet : data_sending_flag = false!!
05-22 14:35:56.294  5771  5771 V BackupManagerConstants: getFullBackupIntervalMilliseconds(...) returns 86400000
05-22 14:35:56.294  5771  5771 V BackupManagerConstants: getFullBackupRequiredNetworkType(...) returns 2
05-22 14:35:56.294  5771  5771 V BackupManagerConstants: getFullBackupRequireCharging(...) returns true
05-22 14:35:56.294 14255 14255 I SEMS:DataAdapterLog_1.0: [2][DeviceUtils] isSamsungAccountSignedIn : false
05-22 14:35:56.294 14255 14255 I SEMS:DataAdapterLog_1.0: [2][MobileServiceDeviceAuth] isDaAuthSupportedDevice ? false, isAccountSignedInAndHasPushToken ? false, isAuth ? false
05-22 14:35:56.294 14255 14255 I SEMS:DataAdapterLog_1.0: [2][MobileServiceDeviceAuth] isEasySignUpRegistered ? false
05-22 14:35:56.294 14255 14255 I SEMS:RegistrationLog_1.0: [[ActivateLog]][2][ActivateReceiver] needEasySignUpAuthStep is true 
05-22 14:35:56.294 14255 14255 I SEMS:RegistrationLog_1.0: [[ActivateLog]][2][ActivateReceiver] No need to reActivate - activate is disabled
05-22 14:35:56.294 14255 14255 I SEMS:MobileService_11.0.0: [ActivityLog][main][ActivityReceiver] onReceive
05-22 14:35:56.295 14255 14255 I SEMS:MobileService_11.0.0: [ActivityLog][main][ActivityReceiver] resetSupportHashContentActivity
05-22 14:35:56.295 14255 14255 I SEMS:MobileService_11.0.0: [ActivityLog][main][ActivityUtils] can not find package : com.samsung.fhub
05-22 14:35:56.298  5771  7636 D SecContentProvider2: query(), uri = 18 selection = isCopyContactToSimAllowed
05-22 14:35:56.301  5771  8262 I ActivityManager: DSS OFF for com.google.android.gsf
05-22 14:35:56.301  5771  7636 D SecContentProvider2: isCopyContactToSimAllowed = true
05-22 14:35:56.308  5771  7642 D SecContentProvider: query(), uri = 30 selection = isLocalContactStorageAllowed
05-22 14:35:56.308  5771  7642 D SecContentProvider: called from com.samsung.android.uid.dialer:10076
05-22 14:35:56.308  5771  7642 D RestrictionPolicy: isLocalContactStorageAllowed
05-22 14:35:56.308  5771  7642 D RestrictionPolicy: isLocalContactStorageAllowed(0) : true
05-22 14:35:56.311  5771  8262 I ActivityManager: Killing 13810:com.google.android.apps.turbo:aab/u0a111 (adj 995): empty #31
05-22 14:35:56.316  5771  7642 D SecContentProvider2: query(), uri = 18 selection = isCopyContactToSimAllowed
05-22 14:35:56.318  5771  7642 D SecContentProvider2: isCopyContactToSimAllowed = true
05-22 14:35:56.320 14255 14255 I SEMS:MobileService_11.0.0: [ActivityLog][main][ActivityUtils] can not find package : com.samsung.android.bixby.plmsync
05-22 14:35:56.322  6366  6366 E PhoneInterfaceManager: [PhoneIntfMgr] getCarrierPackageNamesForIntent: No UICC
05-22 14:35:56.322  5771  7642 D SecContentProvider: query(), uri = 30 selection = isLocalContactStorageAllowed
05-22 14:35:56.322  6366  6366 D CarrierSvcBindHelper: No carrier app for: 0
05-22 14:35:56.322  5771  7642 D SecContentProvider: called from com.samsung.android.app.contacts
05-22 14:35:56.322  5771  7642 D RestrictionPolicy: isLocalContactStorageAllowed
05-22 14:35:56.322  5771  7642 D RestrictionPolicy: isLocalContactStorageAllowed(0) : true
05-22 14:35:56.324  6366  6366 E PhoneInterfaceManager: [PhoneIntfMgr] getCarrierPackageNamesForIntent: No UICC
05-22 14:35:56.324  6366  6366 D CarrierSvcBindHelper: No carrier app for: 1
05-22 14:35:56.325  6366  6366 I VVM.VvmPkgInstalledRcvr: onReceive() : action android.intent.action.PACKAGE_ADDED packageName :com.example.VulkanLayerValidationTests
05-22 14:35:56.328  5771  7636 I Telecom:SamsungTelecomServiceImpl: getCallCapablePhoneAccounts - includeDisabledAccounts : false / callingPackage : com.android.phone
05-22 14:35:56.329  5771  6416 D SecContentProvider2: query(), uri = 18 selection = isCopyContactToSimAllowed
05-22 14:35:56.332  5771  8469 D SecContentProvider: query(), uri = 30 selection = isLocalContactStorageAllowed
05-22 14:35:56.337 15473 15473 I e.process.gapp: The ClassLoaderContext is a special shared library.
05-22 14:35:56.343  5771  8469 D SecContentProvider: called from com.samsung.android.uid.dialer:10076
05-22 14:35:56.343  5771  8469 D RestrictionPolicy: isLocalContactStorageAllowed
05-22 14:35:56.343  5771  8469 D RestrictionPolicy: isLocalContactStorageAllowed(0) : true
05-22 14:35:56.345  5771  6416 D SecContentProvider2: isCopyContactToSimAllowed = true
05-22 14:35:56.348  5771  7642 I Telecom:SamsungTelecomServiceImpl: getPhoneAccount - PhoneAccountHandle : ComponentInfo{com.android.phone/com.android.services.telephony.TelephonyConnectionService}, ***, UserHandle{0} / callingPid : 6366 / processName : sts
05-22 14:35:56.348  5771  7738 D SecContentProvider2: query(), uri = 18 selection = isCopyContactToSimAllowed
05-22 14:35:56.349  5771  7738 D SecContentProvider2: isCopyContactToSimAllowed = true
05-22 14:35:56.357  8645  9538 I WorkerManager: Releasing worker: [device_app_info]/[847]/[com.google.android.apps.gsa.staticplugins.ao.d]
05-22 14:35:56.357  8645  9538 I WorkerManager: Releasing worker: [device_app_info]/[847]/[com.google.android.apps.gsa.staticplugins.ao.d]
05-22 14:35:56.366 14255 14255 I SEMS:MobileService_11.0.0: [ActivityLog][main][ActivityUtils] can not find package : com.samsung.android.homemode
05-22 14:35:56.381 14220 14237 I WindowsLink: (YpcSignatureChecker) isSignatureAllowed in
05-22 14:35:56.384  5429 14643 I CameraService: onUidStateChanged: uid=10219, procState=12
05-22 14:35:56.385  6556 14673 W GCM     : Unexpected forwarded intent: Intent { act=android.intent.action.PACKAGE_ADDED dat=package:com.example.VulkanLayerValidationTests flg=0x4000010 cmp=com.google.android.gms/.chimera.PersistentIntentOperationService (has extras) }
05-22 14:35:56.387  6556 14644 W GCM     : Unexpected forwarded intent: Intent { act=android.intent.action.PACKAGE_ADDED dat=package:com.example.VulkanLayerValidationTests flg=0x4000010 cmp=com.google.android.gms/.chimera.PersistentIntentOperationService (has extras) }
05-22 14:35:56.395  7460 14696 I Auth    : [SupervisedAccountIntentOperation] onHandleIntent(): android.intent.action.PACKAGE_ADDED
05-22 14:35:56.395  7460 14641 I ChromeSync: [Sync,SyncIntentOperation] Handling the intent: Intent { act=android.intent.action.PACKAGE_ADDED dat=package:com.example.VulkanLayerValidationTests flg=0x4000010 cmp=com.google.android.gms/.chimera.GmsIntentOperationService (has extras) }.
05-22 14:35:56.396  7460 14696 I FontsPackageChangeOp: Package com.example.VulkanLayerValidationTests has no metadata
05-22 14:35:56.410  5259  5259 I Zygote  : Process 13810 exited due to signal 9 (Killed)
05-22 14:35:56.417  5771  5865 I libprocessgroup: Successfully killed process cgroup uid 10111 pid 13810 in 101ms
05-22 14:35:56.426 14220 14237 I WindowsLink: (StateContentProvider) call: method = Compatibility@checkCompatibility / subMethod = checkCompatibility
05-22 14:35:56.426 14220 14237 I WindowsLink: (StateContentProvider) METHOD_CHECK_COMPATIBILITY in
05-22 14:35:56.426 14220 14237 I WindowsLink: (StateContentProvider) [lib ver] Name:  / Code: -1
05-22 14:35:56.444  5771  8469 I ActivityTaskManager: START u0 {act=android.intent.action.MAIN cat=[android-intent.category.LAUNCH] flg=0x10000000 cmp=com.example.VulkanLayerValidationTests/android.app.NativeActivity} from uid 2000
05-22 14:35:56.486 14296 14308 W id.app.contact: Reducing the number of considered missed Gc histogram windows from 211 to 100
05-22 14:35:56.487  5771  8469 D CustomFrequencyManagerService: acquireDVFSLockLocked : type : DVFS_MIN_LIMIT  frequency : 2530000  uid : 1000  pid : 5771  pkgName : AMS_APP_SWITCH@CPU_MIN@30
05-22 14:35:56.489  5771  8469 D ActivityManagerPerformance: AMP_acquire() APP_SWITCH
05-22 14:35:56.490  5771  8469 D ActivityTaskManager: MultiTaskingTaskLaunchParamsModifier:task=null display-id=0 display-windowing-mode=1
05-22 14:35:56.490  5771  8469 D ActivityTaskManager: MultiTaskingTaskLaunchParamsModifier:task=null display-id=0 display-windowing-mode=1 non-freeform-display maximized-bounds
05-22 14:35:56.492  5310  8817 I SurfaceFlinger: id=238 createSurf (0x0),-1 flag=80004, Stack=11#0
05-22 14:35:56.493  5310  8817 I SurfaceFlinger: id=239 createSurf (0x0),-1 flag=20004, animation background stackId=11#0
05-22 14:35:56.494  5771  8469 D ActivityTaskManager: MultiTaskingTaskLaunchParamsModifier:tid=1672 display-from-task=0 display-id=0 display-windowing-mode=1 non-freeform-display maximized-bounds
05-22 14:35:56.494  5310  8817 I SurfaceFlinger: id=240 createSurf (0x0),-1 flag=80004, Task=1672#0
05-22 14:35:56.495  5771  8469 D ActivityTaskManager: updateMinimizedState: unknown notifyReason=2
05-22 14:35:56.509  5310  8817 I SurfaceFlinger: id=241 createSurf (0x0),-1 flag=80004, AppWindowToken{5f3a6a2 token=Token{6a11a6d ActivityRecord{11e7097 u0 com.example.VulkanLayerValidationTests/android.app.NativeActivity t1672}}}#0
05-22 14:35:56.510  5771  6226 W Looper  : Slow delivery took 217ms PackageManagerHandlerThread h=android.os.Handler c=<recycled PooledLambda@8cf7f33> m=0
05-22 14:35:56.512  5771  8469 I ActivityTaskManager: Launch time is true
05-22 14:35:56.518  5771  8469 I ActivityTaskManager: mTimer start at this point for Notification solution
05-22 14:35:56.518  5771  8469 I ActivityTaskManager: mTimer scheduling done
05-22 14:35:56.521  6826  6826 D PageOverlayMover: updateActivityLifecycleState : 3
05-22 14:35:56.521  6826  6826 D SPayUpdater: updateSpayHandler launcher activity is paused false
05-22 14:35:56.524  5771  5891 D MdnieScenarioControlService: MultiWindowState : false , mode : 0
05-22 14:35:56.525  5771  8461 W ActivityManager: Slow operation: 86ms so far, now at getContentProviderImpl: after updateOomAdj
05-22 14:35:56.525  5771  8461 W ActivityManager: Slow operation: 86ms so far, now at getContentProviderImpl: done!
05-22 14:35:56.530  5771  7793 V WindowManager: rotationForOrientation(orient=-1, last=0); user=0 
05-22 14:35:56.530  5771  7793 V WindowOrientationListener: getProposedRotation :-1
05-22 14:35:56.530  5771  7793 V WindowManager: Computed rotation=0 for display id=0 based on lastOrientation=-1 and oldRotation=0, caller=com.android.server.wm.DisplayContent.updateOrientationFromAppTokens:1450 com.android.server.wm.DisplayContent.updateOrientationFromAppTokens:1404 com.android.server.wm.DisplayContent.onDescendantOrientationChanged:1345 com.android.server.wm.WindowContainer.onDescendantOrientationChanged:738 com.android.server.wm.WindowContainer.onDescendantOrientationChanged:738 com.android.server.wm.WindowContainer.onDescendantOrientationChanged:738 
05-22 14:35:56.530  5771  7793 D TspStateManagerInternal: updateDefaultValue customSetting=null
05-22 14:35:56.531  5771  5891 D GameManagerService: MultiWindowEventListener.onFocusStackChanged(), state=0, top=ComponentInfo{com.example.VulkanLayerValidationTests/android.app.NativeActivity}
05-22 14:35:56.533  5771  5898 E system_server: Invalid ID 0x00000000.
05-22 14:35:56.533  5771  6625 W system_server: Long monitor contention with owner Binder:5771_D (7636) at boolean com.android.server.am.ActivityManagerService.unbindService(android.app.IServiceConnection)(ActivityManagerService.java:16089) waiters=7 in void com.android.server.am.ActivityManagerService.unbindFinished(android.os.IBinder, android.content.Intent, boolean) for 147ms
05-22 14:35:56.534  5771  7677 W system_server: Long monitor contention with owner PackageManager (5960) at int com.android.server.am.ActivityManagerService.broadcastIntent(android.app.IApplicationThread, android.content.Intent, java.lang.String, android.content.IIntentReceiver, int, java.lang.String, android.os.Bundle, java.lang.String[], int, android.os.Bundle, boolean, boolean, int)(ActivityManagerService.java:17721) waiters=6 in int com.android.server.am.ActivityManagerService.bindIsolatedService(android.app.IApplicationThread, android.os.IBinder, android.content.Intent, java.lang.String, android.app.IServiceConnection, int, java.lang.String, java.lang.String, int) for 138ms
05-22 14:35:56.534  5771  5806 W system_server: Long monitor contention with owner PackageManager (5960) at int com.android.server.am.ActivityManagerService.broadcastIntent(android.app.IApplicationThread, android.content.Intent, java.lang.String, android.content.IIntentReceiver, int, java.lang.String, android.os.Bundle, java.lang.String[], int, android.os.Bundle, boolean, boolean, int)(ActivityManagerService.java:17721) waiters=5 in boolean com.android.server.am.ActivityManagerService.isAppBad(android.content.pm.ApplicationInfo) for 141ms
05-22 14:35:56.535  5771  7714 W system_server: Long monitor contention with owner PackageManager (5960) at int com.android.server.am.ActivityManagerService.broadcastIntent(android.app.IApplicationThread, android.content.Intent, java.lang.String, android.content.IIntentReceiver, int, java.lang.String, android.os.Bundle, java.lang.String[], int, android.os.Bundle, boolean, boolean, int)(ActivityManagerService.java:17721) waiters=9 in void com.android.server.am.ActivityManagerService$AppDeathRecipient.binderDied() for 126ms
05-22 14:35:56.552  5771  5898 D InputTransport: Input channel constructed: 'a0a4f9c', fd=750
05-22 14:35:56.552  5771  5898 D InputTransport: Input channel constructed: 'a0a4f9c', fd=752
05-22 14:35:56.553  5310  5359 I SurfaceFlinger: id=242 createSurf (0x0),-1 flag=80004, a0a4f9c Splash Screen com.example.VulkanLayerValidationTests#0
05-22 14:35:56.553  5771  5898 D ViewRootImpl@b372be9[VulkanLayerValidationTests]: setView = DecorView@94d9da5[VulkanLayerValidationTests] TM=true MM=false
05-22 14:35:56.558  5771  6625 D InputDispatcher: Focus left window (6826): 484d564 in display 0 0
05-22 14:35:56.559  5771  5898 V WindowManager: Relayout Window{a0a4f9c u0 Splash Screen com.example.VulkanLayerValidationTests}: viewVisibility=0 req=1080x2280
05-22 14:35:56.560  5310  5359 I SurfaceFlinger: id=243 createSurf (1080x2280),1 flag=404, Splash Screen com.example.VulkanLayerValidationTests#0
05-22 14:35:56.561  5771  5898 D WindowManager: makeSurface duration=0 name=Splash Screen com.example.VulkanLayerValidationTests
05-22 14:35:56.561  5771  5898 V WindowManager: Changing focus from Window{484d564 u0 com.sec.android.app.launcher/com.sec.android.app.launcher.activities.LauncherActivity} to null displayId=0 Callers=com.android.server.wm.RootWindowContainer.updateFocusedWindowLocked:203 com.android.server.wm.WindowManagerService.updateFocusedWindowLocked:6040 com.android.server.wm.WindowManagerService.relayoutWindow:2504 com.android.server.wm.Session.relayout:202 
05-22 14:35:56.562  5771  5898 V WindowManager: Relayout 5771: mAttrs={(0,0)(fillxfill) sim={adjust=pan} ty=APPLICATION_STARTING wanim=0x1030305
