05-22 14:35:54.530 15120 15120 I Finsky  : [2] sih.j(3): Package no longer installed: com.example.VulkanLayerValidationTests
05-22 14:35:54.530  5771  6625 D SamsungAlarmManager: Cancel Alarm calling from uid:10066 pid :15158 / op:PendingIntent{3d000d: PendingIntentRecord{70b2bc2 com.microsoft.skydrive broadcastIntent}}
05-22 14:35:54.532  5771  7679 D SamsungAlarmManager: Cancel Alarm calling from uid:10066 pid :15158 / op:PendingIntent{122edd3: PendingIntentRecord{487bd10 com.microsoft.skydrive broadcastIntent}}
05-22 14:35:54.536  5771  7679 D SamsungAlarmManager: Cancel Alarm calling from uid:10066 pid :15158 / op:PendingIntent{b64420e: PendingIntentRecord{70b2bc2 com.microsoft.skydrive broadcastIntent}}
05-22 14:35:54.538  5771  6625 D SamsungAlarmManager: Cancel Alarm calling from uid:10066 pid :15158 / op:PendingIntent{aa4942f: PendingIntentRecord{487bd10 com.microsoft.skydrive broadcastIntent}}
05-22 14:35:54.539 15294 15294 D ActivityThread: setConscryptValidator
05-22 14:35:54.539 15294 15294 D ActivityThread: setConscryptValidator - put
05-22 14:35:54.540  5771  6625 D ConnectivityService: filterNetworkStateForUid() uid: 10066, pid: 15158
05-22 14:35:54.540  5771  7677 D PackageManager: setEnabledSetting : userId = 0 packageName = com.microsoft.skydrive cmp = com.evernote.android.job.gcm.PlatformGcmService newState = 2 callingPackage = 10066/com.microsoft.skydrive
05-22 14:35:54.540  5771  6625 D ConnectivityService: filterNetworkStateForUid() uid: 10066, pid: 15158, networkInfo: [type: WIFI[], state: CONNECTED/CONNECTED, reason: (unspecified), extra: (none), failover: false, available: true, roaming: false]
05-22 14:35:54.540  5771  6625 D ConnectivityService: Returning UNBLOCKED NetworkInfo to uid=10066
05-22 14:35:54.540  5771  7679 D ConnectivityService: filterNetworkStateForUid() uid: 10066, pid: 15158
05-22 14:35:54.540  5771  7679 D ConnectivityService: filterNetworkStateForUid() uid: 10066, pid: 15158, networkInfo: [type: WIFI[], state: CONNECTED/CONNECTED, reason: (unspecified), extra: (none), failover: false, available: true, roaming: false]
05-22 14:35:54.544  5771  7677 I ActivityManager: DSS OFF for com.google.android.apps.docs
05-22 14:35:54.549 15120 15120 I Finsky  : [2] nnz.<init>(12): Installer: Setting Parallelism[DEFAULT]
05-22 14:35:54.550 15120 15120 I Finsky  : [2] njw.b(5): Installer: package com.example.VulkanLayerValidationTests was removed. replacing: false
05-22 14:35:54.552  5771  7679 D ConnectivityService: filterNetworkStateForUid() uid: 10066, pid: 5771
05-22 14:35:54.552  5771  7679 D ConnectivityService: filterNetworkStateForUid() uid: 10066, pid: 5771, networkInfo: [type: WIFI[], state: CONNECTED/CONNECTED, reason: (unspecified), extra: (none), failover: false, available: true, roaming: false]
05-22 14:35:54.555  5771  7679 I SamsungAlarmManager: setLocked to kernel - T:2 / 20200522T143708, SetElapsed=80250417, nowELAPSED=80176230
05-22 14:35:54.555  5771  7679 I SamsungAlarmManager: setLocked to kernel - T:3 / 20200522T143559, SetElapsed=80181674, nowELAPSED=80176230
05-22 14:35:54.555  5771  7679 D SamsungAlarmManager: setExact Listener (T:2/F:0/AC:false) 20200522T143554 - CU:1000/CP:5771
05-22 14:35:54.555  5771  7679 I SamsungAlarmManager: setLocked to kernel - T:2 / 20200522T143559, SetElapsed=80181229, nowELAPSED=80176230
05-22 14:35:54.556  5771  7677 D ConnectivityService: filterNetworkStateForUid() uid: 10066, pid: 5771
05-22 14:35:54.556  5771  7677 D ConnectivityService: filterNetworkStateForUid() uid: 10066, pid: 5771, networkInfo: [type: WIFI[], state: CONNECTED/CONNECTED, reason: (unspecified), extra: (none), failover: false, available: true, roaming: false]
05-22 14:35:54.564  5258  5653 I netd    : firewallSetUidRule(2, 10066, 2) <0.05ms>
05-22 14:35:54.573 15294 15294 I droid.apps.doc: The ClassLoaderContext is a special shared library.
05-22 14:35:54.574  5771  5771 I SamsungAlarmManager: setLocked to kernel - T:2 / 20200522T143708, SetElapsed=80250417, nowELAPSED=80176249
05-22 14:35:54.574  5771  5771 I SamsungAlarmManager: setLocked to kernel - T:3 / 20200522T143559, SetElapsed=80181674, nowELAPSED=80176249
05-22 14:35:54.575  5771  5771 D SamsungAlarmManager: setInexact Listener (T:2/F:0/AC:false) 20200522T144113 - CU:1000/CP:5771
05-22 14:35:54.575  5771  5771 I SamsungAlarmManager: setLocked to kernel - T:2 / 20200522T143708, SetElapsed=80250417, nowELAPSED=80176249
05-22 14:35:54.575  5771  5771 I SamsungAlarmManager: setLocked to kernel - T:3 / 20200522T143600, SetElapsed=80181674, nowELAPSED=80176249
05-22 14:35:54.575  5258  5653 I netd    : firewallSetUidRule(2, 10066, 1) <0.03ms>
05-22 14:35:54.576  5771  5771 D ConnectivityService: filterNetworkStateForUid() uid: 10066, pid: 5771
05-22 14:35:54.576  5771  5771 D ConnectivityService: filterNetworkStateForUid() uid: 10066, pid: 5771, networkInfo: [type: WIFI[], state: CONNECTED/CONNECTED, reason: (unspecified), extra: (none), failover: false, available: true, roaming: false]
05-22 14:35:54.576  5771  5771 D ConnectivityService: filterNetworkStateForUid() uid: 10066, pid: 5771
05-22 14:35:54.576  5771  5771 D ConnectivityService: filterNetworkStateForUid() uid: 10066, pid: 5771, networkInfo: [type: WIFI[], state: CONNECTED/CONNECTED, reason: (unspecified), extra: (none), failover: false, available: true, roaming: false]
05-22 14:35:54.584  5771  5771 D ConnectivityService: filterNetworkStateForUid() uid: 10066, pid: 5771
05-22 14:35:54.584  5771  5771 D ConnectivityService: filterNetworkStateForUid() uid: 10066, pid: 5771, networkInfo: [type: WIFI[], state: CONNECTED/CONNECTED, reason: (unspecified), extra: (none), failover: false, available: true, roaming: false]
05-22 14:35:54.584  5771  5771 D ConnectivityService: filterNetworkStateForUid() uid: 10066, pid: 5771
05-22 14:35:54.584  5771  5771 D ConnectivityService: filterNetworkStateForUid() uid: 10066, pid: 5771, networkInfo: [type: WIFI[], state: CONNECTED/CONNECTED, reason: (unspecified), extra: (none), failover: false, available: true, roaming: false]
05-22 14:35:54.622 15158 15324 I PLSyncIncident: Beginning incident sync
05-22 14:35:54.646 15120 15120 I Finsky  : [2] njw.a(214): Installer: Notifying status update. package=com.example.VulkanLayerValidationTests, status=UNINSTALLED
05-22 14:35:54.647 15120 15120 I Finsky  : [2] njw.a(233): Installer kick - no action, not running yet
05-22 14:35:54.665 15120 15120 I Finsky  : [2] njw.a(25): Installer: Attempting to start installer
05-22 14:35:54.665  5429 14643 I CameraService: onUidStateChanged: uid=10146, procState=12
05-22 14:35:54.666  5429 14643 I CameraService: onUidStateChanged: uid=10068, procState=20
05-22 14:35:54.677  5429  5429 I CameraService: onUidStateChanged: uid=10146, procState=9
05-22 14:35:54.680 15120 15120 I Finsky  : [2] nfd.<init>(9): Not checking if recovering from paused session because the experiment is off
05-22 14:35:54.684 15158 15324 I PLSyncFeedback: Beginning feedback sync
05-22 14:35:54.686 15120 15120 I Finsky  : [2] hgh.onSubscriptionsChanged(1): onSubscriptionsChanged
05-22 14:35:54.687  5771  8463 D ConnectivityService: filterNetworkStateForUid() uid: 10068, pid: 15120
05-22 14:35:54.687  5771  8463 D ConnectivityService: filterNetworkStateForUid() uid: 10068, pid: 15120, networkInfo: [type: WIFI[], state: CONNECTED/CONNECTED, reason: (unspecified), extra: (none), failover: false, available: true, roaming: false]
05-22 14:35:54.688 15120 15120 I Finsky  : [2] njw.a(233): Installer kick - no action, not running yet
05-22 14:35:54.698  5771  7679 I ApplicationPolicy: isApplicationExternalStorageWhitelisted:com.google.android.apps.maps user:0
05-22 14:35:54.698  5771  7679 D ApplicationPolicy: isApplicationExternalStorageWhitelisted: DO is not enabled on user 0. Allowed.
05-22 14:35:54.698  5771  7679 D ActivityManager: package  com.google.android.apps.maps, user - 0 is SDcard whitelisted
05-22 14:35:54.698  5771  7679 I ApplicationPolicy: isApplicationExternalStorageBlacklisted:com.google.android.apps.maps user:0
05-22 14:35:54.698  5771  7679 D ApplicationPolicy: isApplicationExternalStorageBlacklisted: DO is not enabled on user 0. Allowed.
05-22 14:35:54.698  5771  7679 I ApplicationPolicy: isApplicationExternalStorageBlacklisted:com.google.android.apps.maps user:0
05-22 14:35:54.698  5771  7679 D ApplicationPolicy: isApplicationExternalStorageBlacklisted: DO is not enabled on user 0. Allowed.
05-22 14:35:54.702  5429  5429 I CameraService: onUidStateChanged: uid=10118, procState=20
05-22 14:35:54.703  5429  5429 I CameraService: UidPolicy: onUidIdle, uid = 10196
05-22 14:35:54.703  5429  5429 I CameraService: onUidStateChanged: uid=10196, procState=20
05-22 14:35:54.712 15158 15324 I PLSyncFeedback: No queued feedbacks
05-22 14:35:54.715  5259  5259 D Zygote  : Forked child process 15335
05-22 14:35:54.716 15158 15324 I PLSyncFile: Beginning log uploads
05-22 14:35:54.717  5771  5864 I ActivityManager: Start proc 15335:com.google.android.apps.maps/u0a196 for broadcast {com.google.android.apps.maps/com.google.android.libraries.social.peoplekit.thirdparty.viewcontrollers.ThirdPartyReceiver}
05-22 14:35:54.722 15335 15335 E Zygote  : isWhitelistProcess - Process is Whitelisted
05-22 14:35:54.723 15335 15335 E Zygote  : accessInfo : 1
05-22 14:35:54.727 15158 15324 I PLSyncFile: No queued uploads
05-22 14:35:54.731 15158 15324 V SyncEngine: Sync iteration finished; result=SUCCESS
05-22 14:35:54.736 15335 15335 E droid.apps.map: Not starting debugger since process cannot load the jdwp agent.
05-22 14:35:54.737 15120 15316 I Finsky  : [1257] lue.run(16): Frosting DB delete succeeded: false
05-22 14:35:54.741 15335 15335 D ActivityThread: setConscryptValidator
05-22 14:35:54.742 15335 15335 D ActivityThread: setConscryptValidator - put
05-22 14:35:54.745  5771  8463 I ActivityManager: DSS OFF for com.google.android.apps.maps
05-22 14:35:54.746  5258  5653 I netd    : firewallSetUidRule(2, 10066, 2) <0.05ms>
05-22 14:35:54.748 15120 15332 I Finsky  : [1265] ere.a(12): Asset module storage cleared for package com.example.VulkanLayerValidationTests.
05-22 14:35:54.753  5429  6637 I CameraService: onUidStateChanged: uid=10196, procState=12
05-22 14:35:54.760 13465 13502 W System.err: android.content.pm.PackageManager$NameNotFoundException: com.example.VulkanLayerValidationTests
05-22 14:35:54.760 13465 13502 W System.err: 	at android.app.ApplicationPackageManager.getPackageInfoAsUser(ApplicationPackageManager.java:266)
05-22 14:35:54.761 13465 13502 W System.err: 	at android.app.ApplicationPackageManager.getPackageInfo(ApplicationPackageManager.java:235)
05-22 14:35:54.761 13465 13502 W System.err: 	at com.facebook.oxygen.appmanager.ui.offline.b.a(OfflineInstallJobCleanup.java:27)
05-22 14:35:54.761 13465 13502 W System.err: 	at com.facebook.oxygen.common.packages.b.c.a(DeltaPackageListenerDispatcher.java:48)
05-22 14:35:54.761 13465 13502 W System.err: 	at com.facebook.oxygen.common.packages.b.g.a(DeltaPackageTracker.java:86)
05-22 14:35:54.761 13465 13502 W System.err: 	at com.facebook.oxygen.common.packages.b.j.b(DeltaPackageWorker.java:100)
05-22 14:35:54.761 13465 13502 W System.err: 	at com.facebook.oxygen.common.packages.b.j.a(DeltaPackageWorker.java:83)
05-22 14:35:54.761 13465 13502 W System.err: 	at com.facebook.oxygen.common.jobqueue.a.c(JobQueueManager.java:277)
05-22 14:35:54.761 13465 13502 W System.err: 	at com.facebook.oxygen.common.jobqueue.a.b(JobQueueManager.java:254)
05-22 14:35:54.761 13465 13502 W System.err: 	at com.facebook.oxygen.common.jobqueue.JobQueueService.a(JobQueueService.java:58)
05-22 14:35:54.761 13465 13502 W System.err: 	at androidx.core.app.h.a(JobIntentService.java:393)
05-22 14:35:54.761 13465 13502 W System.err: 	at androidx.core.app.h.doInBackground(JobIntentService.java:383)
05-22 14:35:54.761 13465 13502 W System.err: 	at android.os.AsyncTask$3.call(AsyncTask.java:378)
05-22 14:35:54.761 13465 13502 W System.err: 	at java.util.concurrent.FutureTask.run(FutureTask.java:266)
05-22 14:35:54.761 13465 13502 W System.err: 	at java.util.concurrent.ThreadPoolExecutor.runWorker(ThreadPoolExecutor.java:1167)
05-22 14:35:54.761 13465 13502 W System.err: 	at java.util.concurrent.ThreadPoolExecutor$Worker.run(ThreadPoolExecutor.java:641)
05-22 14:35:54.761 13465 13502 W System.err: 	at java.lang.Thread.run(Thread.java:919)
05-22 14:35:54.769 15335 15335 I droid.apps.map: The ClassLoaderContext is a special shared library.
05-22 14:35:54.859 15120 15155 D NetworkSecurityConfig: No Network Security Config specified, using platform default
05-22 14:35:54.865 15294 15357 W droid.apps.doc: Accessing hidden field Ljava/util/Collections$SynchronizedCollection;->mutex:Ljava/lang/Object; (greylist-max-o, reflection, denied)
05-22 14:35:54.866 15294 15357 W droid.apps.doc: Accessing hidden method Ljava/util/Collections$SynchronizedSet;-><init>(Ljava/util/Set;Ljava/lang/Object;)V (greylist-max-o, reflection, denied)
05-22 14:35:54.866 15294 15357 W droid.apps.doc: Accessing hidden method Ljava/util/Collections$SynchronizedCollection;-><init>(Ljava/util/Collection;Ljava/lang/Object;)V (greylist-max-o, reflection, denied)
05-22 14:35:54.877 15335 15335 W droid.apps.map: JIT profile information will not be recorded: profile file does not exits.
05-22 14:35:54.926  5429  6637 I CameraService: onUidStateChanged: uid=10146, procState=11
05-22 14:35:54.938  5771  6625 I ActivityManager: Killing 13883:com.samsung.android.game.gamehome/u0a40 (adj 999): empty #31
05-22 14:35:54.941  5429  6637 I CameraService: onUidStateChanged: uid=10146, procState=20
05-22 14:35:54.965 15294 15364 I GAv4    : Google Analytics 201.8.12 is starting up. To enable debug logging on a device run:
05-22 14:35:54.965 15294 15364 I GAv4    :   adb shell setprop log.tag.GAv4 DEBUG
05-22 14:35:54.965 15294 15364 I GAv4    :   adb logcat -s GAv4
05-22 14:35:54.967 15120 15120 I Finsky  : [2] vnc.a(3): SCH: Canceling job 3-3322
05-22 14:35:54.970 15120 15155 D libmdf  : libmdf v2.9.0.0 On 32bit PLATFORM
05-22 14:35:55.017  5771  6176 D SamsungAlarmManager: Cancel Alarm calling from uid:10210 pid :15294 / op:PendingIntent{40fedc9: PendingIntentRecord{7b1acce com.google.android.apps.docs broadcastIntent}}
05-22 14:35:55.018  5259  5259 I Zygote  : Process 13883 exited due to signal 9 (Killed)
05-22 14:35:55.018  5429  6637 I CameraService: UidPolicy: No processes running for a uid=10040 disabled=0
05-22 14:35:55.018  5429  6637 I CameraService: UidPolicy: onUidIdle, uid = 10040
05-22 14:35:55.026  5771  5865 I libprocessgroup: Successfully killed process cgroup uid 10040 pid 13883 in 85ms
05-22 14:35:55.032 15294 15373 W FieldDefinition: [RxCachedThreadScheduler-7] Ignoring isIndexed constraint as field also has uniqueness constraint (on just this field, and therefore SQLite will have to create an index on that. For field: blv$a@b44936d
05-22 14:35:55.055  5771  6176 D PackageManager: setEnabledSetting : userId = 0 packageName = com.google.android.apps.docs cmp = com.google.android.apps.docs.drive.clipboard.SendTextToClipboardActivity newState = 2 callingPackage = 10210/com.google.android.apps.docs
05-22 14:35:55.074 15120 15155 I System.out: (HTTPLog)-Static: isSBSettingEnabled false
05-22 14:35:55.074 15120 15155 I System.out: (HTTPLog)-Static: isSBSettingEnabled false
05-22 14:35:55.075  5258  5650 D DnsProxyListener: DNSDBG::dns addrinfo af 2 - 10068
05-22 14:35:55.078 15120 15120 I Finsky  : [2] vnt.a(7): SCH: Jobs in database: 1-1337 3-3323 12-1 26-1414141414 29-29 
05-22 14:35:55.085 15294 15385 W GAv4    : CampaignTrackingReceiver is not registered, not exported or is disabled. Installation campaign tracking is not possible. See http://goo.gl/8Rd3yj for instructions.
05-22 14:35:55.088  5771  6051 I PersonaServiceHelper: installStageForKnox(user:-1 installerUid:2000)
05-22 14:35:55.088  5771  6051 D PackageManager: START INSTALL PACKAGE: observer{13798657}
05-22 14:35:55.088  5771  6051 D PackageManager:           stagedDir{/data/app/vmdl133977294.tmp}
05-22 14:35:55.088  5771  6051 D PackageManager:           stagedCid{null}
05-22 14:35:55.088  5771  6051 D PackageManager:           Request from{null}
05-22 14:35:55.088  5771  6051 D PackageManager:           VerificationInfo{,originatingUid=-1,installerUid=2000}
05-22 14:35:55.088  5771  7677 W system_server: Long monitor contention with owner PackageInstaller (6051) at int com.android.internal.content.NativeLibraryHelper.nativeCopyNativeBinaries(long, java.lang.String, java.lang.String, boolean, boolean)(NativeLibraryHelper.java:-2) waiters=0 in android.content.pm.PackageInstaller$SessionInfo com.android.server.pm.PackageInstallerSession.generateInfo(boolean) for 447ms
05-22 14:35:55.132  5771  7677 D ConnectivityService: filterNetworkStateForUid() uid: 10210, pid: 15294
05-22 14:35:55.133  5771  7677 D ConnectivityService: filterNetworkStateForUid() uid: 10210, pid: 15294, networkInfo: [type: WIFI[], state: CONNECTED/CONNECTED, reason: (unspecified), extra: (none), failover: false, available: true, roaming: false]
05-22 14:35:55.149 15120 15120 I Finsky  : [2] vjo.a(58): SCH: ConstraintMapping: 1-1337, 12-1,  -> L: 11999ms, D: 45632430ms, C: false, I: false, N: 1
05-22 14:35:55.155 15120 15155 D TcpOptimizer: TcpOptimizer-ON
05-22 14:35:55.161 15120 15120 I Finsky  : [2] vjo.a(58): SCH: ConstraintMapping: 3-3323,  -> L: 0ms, D: 82937712ms, C: true, I: true, N: 2
05-22 14:35:55.163 15120 15120 I Finsky  : [2] vjo.a(58): SCH: ConstraintMapping: 26-1414141414, 29-29,  -> L: 28744ms, D: 58744ms, C: false, I: false, N: 0
05-22 14:35:55.168 15092 15112 I ProvidersCache: Provider returned no roots. Possibly naughty: com.microsoft.skydrive.content.StorageAccessProvider
05-22 14:35:55.185 15120 15333 W android.vendin: Accessing hidden field Ljava/util/Collections$SynchronizedCollection;->mutex:Ljava/lang/Object; (greylist-max-o, reflection, denied)
05-22 14:35:55.186 15120 15333 W android.vendin: Accessing hidden method Ljava/util/Collections$SynchronizedSet;-><init>(Ljava/util/Set;Ljava/lang/Object;)V (greylist-max-o, reflection, denied)
05-22 14:35:55.186 15120 15333 W android.vendin: Accessing hidden method Ljava/util/Collections$SynchronizedCollection;-><init>(Ljava/util/Collection;Ljava/lang/Object;)V (greylist-max-o, reflection, denied)
05-22 14:35:55.188 15120 15327 I Finsky  : [1261] nfj.a(9): Installer: Registering atomic install listeners with package installer
05-22 14:35:55.188 15120 15331 I Finsky  : [1264] ngo.a(3): Installer: Checking for orphaned groups
05-22 14:35:55.192 15120 15120 I Finsky  : [2] vmd.a(35): Cancelling existing jobscheduler jobs: 9004 9005 9003 9007 
05-22 14:35:55.199 15120 15120 I Finsky  : [2] vmd.a(28): Scheduling job Id: 9000, L: 11999, D: 45632430, C: false, I: false, N: 1
05-22 14:35:55.207  5771  5960 D PackageManager: EAS IT Policy com.example.VulkanLayerValidationTests isPackageSignedByPlatform = false
05-22 14:35:55.208  5771  5960 I PackageManager: EAS IT Policy AllowList = ,,
05-22 14:35:55.208  5771  5960 I PackageManager: isAppBlockedByDPM?? = false
05-22 14:35:55.213  6556  6556 W ChimeraUtils: Non Chimera context
05-22 14:35:55.213  6556  6556 W ChimeraUtils: Non Chimera context
05-22 14:35:55.223  5771  6416 D ConnectivityService: filterNetworkStateForUid() uid: 10068, pid: 5771
05-22 14:35:55.223  5771  6416 D ConnectivityService: filterNetworkStateForUid() uid: 10068, pid: 5771, networkInfo: [type: WIFI[], state: CONNECTED/CONNECTED, reason: (unspecified), extra: (none), failover: false, available: true, roaming: false]
05-22 14:35:55.227  5771  5960 D PackageManager: sendBroadcastAsUser. PACKAGE_INSTALL_STARTED
05-22 14:35:55.227  5771  5960 I HarmonyEASService: Updating for all 1
05-22 14:35:55.227  5771  5960 D PackageManager: EAS IT Policy com.example.VulkanLayerValidationTests isPackageSignedByPlatform = false
05-22 14:35:55.234  5771  5960 W PackageParser: Unknown element under <application>: uses-permission at /data/app/vmdl133977294.tmp/base.apk Binary XML file line #11
05-22 14:35:55.235  5771  5960 W PackageManager: verifying app can be installed or not
05-22 14:35:55.237  5771  5960 D ApplicationPolicy: isApplicationInstallationEnabled
05-22 14:35:55.237  5771  5960 D ApplicationPolicy: isApplicationInstallationEnabled :  Checking PKG WL - false
05-22 14:35:55.237  5771  5960 D ApplicationPolicy: isApplicationInstallationEnabled :  Checking PKG BL - true
05-22 14:35:55.238  5771  5960 D ApplicationPolicy: isApplicationInstallationEnabled :  Checking PERM BL - true
05-22 14:35:55.238  5771  5960 D ApplicationPolicy: isApplicationInstallationEnabled :  Checking SIG BL - true
05-22 14:35:55.238  5771  5960 D ApplicationPolicy: isApplicationInstallationEnabled :  Checking PKG WL - false
05-22 14:35:55.238  5771  5960 D ApplicationPolicy: isApplicationInstallationEnabled :  Checking PKG BL - true
05-22 14:35:55.238  5771  5960 D ApplicationPolicy: isApplicationInstallationEnabled :  Checking PERM BL - true
05-22 14:35:55.238  5771  5960 D ApplicationPolicy: isApplicationInstallationEnabled :  Checking SIG BL - true
05-22 14:35:55.238  5771  5960 D ApplicationPolicy: isApplicationInstallationEnabled :  Checking PKG WL - false
05-22 14:35:55.238  5771  5960 D ApplicationPolicy: isApplicationInstallationEnabled :  Checking PKG BL - true
05-22 14:35:55.238  5771  5960 D ApplicationPolicy: isApplicationInstallationEnabled :  Checking PERM BL - true
05-22 14:35:55.238  5771  5960 D ApplicationPolicy: isApplicationInstallationEnabled :  Checking SIG BL - true
05-22 14:35:55.238  5771  5960 D ApplicationPolicy: isApplicationInstallationEnabled :  enabled true
05-22 14:35:55.239  5771  5960 D RestrictionPolicy: isNewAdminInstallationEnabledInternal : false
05-22 14:35:55.242 15092 15113 I ProvidersCache: Provider returned no roots. Possibly naughty: com.google.android.apps.docs.storage
05-22 14:35:55.251  6556  6556 W ChimeraUtils: Non Chimera context
05-22 14:35:55.251  6556  6556 W ChimeraUtils: Non Chimera context
05-22 14:35:55.253  7460 13504 I PeopleChimeraService: onService. callbacks = aaac@c89587e, request = com.google.android.gms.common.internal.GetServiceRequest@ee541df
05-22 14:35:55.262 15092 15112 I ProvidersCache: Provider returned no roots. Possibly naughty: com.google.android.apps.docs.storage
05-22 14:35:55.275  5771  6416 I SamsungAlarmManager: setLocked to kernel - T:2 / 20200522T143708, SetElapsed=80250417, nowELAPSED=80176949
05-22 14:35:55.275  5771  6416 I SamsungAlarmManager: setLocked to kernel - T:3 / 20200522T143559, SetElapsed=80181674, nowELAPSED=80176950
05-22 14:35:55.275  5771  6416 D SamsungAlarmManager: setInexact Listener (T:2/F:0/AC:false) 20200522T143607 - CU:1000/CP:5771
05-22 14:35:55.275  5771  6416 I SamsungAlarmManager: setLocked to kernel - T:2 / 20200522T143607, SetElapsed=80188897, nowELAPSED=80176950
05-22 14:35:55.275  5771  6416 I SamsungAlarmManager: setLocked to kernel - T:3 / 20200522T143559, SetElapsed=80181674, nowELAPSED=80176950
05-22 14:35:55.276 15120 15120 I Finsky  : [2] vmd.a(28): Scheduling job Id: 9001, L: 0, D: 82937712, C: true, I: true, N: 2
05-22 14:35:55.277  5771  6467 D ConnectivityService: filterNetworkStateForUid() uid: 10068, pid: 5771
05-22 14:35:55.277  5771  6467 D ConnectivityService: filterNetworkStateForUid() uid: 10068, pid: 5771, networkInfo: [type: WIFI[], state: CONNECTED/CONNECTED, reason: (unspecified), extra: (none), failover: false, available: true, roaming: false]
05-22 14:35:55.278 15120 15120 I Finsky  : [2] vmd.a(28): Scheduling job Id: 9002, L: 28744, D: 58744, C: false, I: false, N: 0
05-22 14:35:55.280  5771  6467 I SamsungAlarmManager: setLocked to kernel - T:2 / 20200522T143607, SetElapsed=80188897, nowELAPSED=80176955
05-22 14:35:55.280  5771  6467 I SamsungAlarmManager: setLocked to kernel - T:3 / 20200522T143559, SetElapsed=80181674, nowELAPSED=80176955
05-22 14:35:55.280  5771  6467 D SamsungAlarmManager: setInexact Listener (T:2/F:0/AC:false) 20200522T143654 - CU:1000/CP:5771
05-22 14:35:55.280  5771  6467 I SamsungAlarmManager: setLocked to kernel - T:2 / 20200522T143607, SetElapsed=80188897, nowELAPSED=80176955
05-22 14:35:55.280  5771  6467 I SamsungAlarmManager: setLocked to kernel - T:3 / 20200522T143559, SetElapsed=80181674, nowELAPSED=80176955
05-22 14:35:55.283 14645 14748 W pp.galaxyfinde: resources.arsc in APK '/data/app/com.facebook.katana-FshckzAn6gzqjzTXkz-UQQ==/base.apk' is compressed.
05-22 14:35:55.311 15120 15120 I Finsky  : [2] vnc.a(3): SCH: Canceling job 3-3323
05-22 14:35:55.326 15120 15120 I Finsky  : [2] vnt.a(7): SCH: Jobs in database: 1-1337 12-1 26-1414141414 29-29 
05-22 14:35:55.347 15120 15120 I Finsky  : [2] vjo.a(58): SCH: ConstraintMapping: 1-1337, 12-1,  -> L: 11772ms, D: 45632197ms, C: false, I: false, N: 1
05-22 14:35:55.350 15120 15120 I Finsky  : [2] vjo.a(58): SCH: ConstraintMapping: 26-1414141414, 29-29,  -> L: 28530ms, D: 58530ms, C: false, I: false, N: 0
05-22 14:35:55.363  5771  7677 I SamsungAlarmManager: setLocked to kernel - T:2 / 20200522T143654, SetElapsed=80235698, nowELAPSED=80177038
05-22 14:35:55.363  5771  7677 I SamsungAlarmManager: setLocked to kernel - T:3 / 20200522T143559, SetElapsed=80181674, nowELAPSED=80177038
05-22 14:35:55.363  5771  7677 D SamsungAlarmManager: setInexact Listener (T:2/F:0/AC:false) 20200522T143624 - CU:1000/CP:5771
05-22 14:35:55.363  5771  7677 I SamsungAlarmManager: setLocked to kernel - T:2 / 20200522T143624, SetElapsed=80205698, nowELAPSED=80177038
05-22 14:35:55.364  5771  7677 I SamsungAlarmManager: setLocked to kernel - T:3 / 20200522T143600, SetElapsed=80181674, nowELAPSED=80177038
05-22 14:35:55.376 15430 15430 I ApkToolkit: Fallback to APK V1 signature. APK: /data/app/vmdl133977294.tmp/base.apk
05-22 14:35:55.376 15430 15430 I ApkToolkit: FiveSignJni starts: 3.
05-22 14:35:55.378  5771  6176 I SamsungAlarmManager: setLocked to kernel - T:2 / 20200522T143654, SetElapsed=80235698, nowELAPSED=80177053
05-22 14:35:55.378  5771  6176 I SamsungAlarmManager: setLocked to kernel - T:3 / 20200522T143559, SetElapsed=80181674, nowELAPSED=80177053
05-22 14:35:55.378  5771  6176 D SamsungAlarmManager: setInexact Listener (T:2/F:0/AC:false) 20200522T144113 - CU:1000/CP:5771
05-22 14:35:55.378  5771  6176 I SamsungAlarmManager: setLocked to kernel - T:2 / 20200522T143654, SetElapsed=80235698, nowELAPSED=80177053
05-22 14:35:55.378  5771  6176 I SamsungAlarmManager: setLocked to kernel - T:3 / 20200522T143559, SetElapsed=80181674, nowELAPSED=80177053
05-22 14:35:55.379  5771  6176 I SamsungAlarmManager: setLocked to kernel - T:2 / 20200522T143708, SetElapsed=80250417, nowELAPSED=80177053
05-22 14:35:55.379  5771  6176 I SamsungAlarmManager: setLocked to kernel - T:3 / 20200522T143559, SetElapsed=80181674, nowELAPSED=80177054
05-22 14:35:55.379  5771  6176 D SamsungAlarmManager: setInexact Listener (T:2/F:0/AC:false) 20200522T151113 - CU:1000/CP:5771
05-22 14:35:55.379  5771  6176 I SamsungAlarmManager: setLocked to kernel - T:2 / 20200522T143708, SetElapsed=80250417, nowELAPSED=80177054
05-22 14:35:55.379  5771  6176 I SamsungAlarmManager: setLocked to kernel - T:3 / 20200522T143559, SetElapsed=80181674, nowELAPSED=80177054
05-22 14:35:55.385 15120 15120 I Finsky  : [2] vmd.a(35): Cancelling existing jobscheduler jobs: 9000 9002 9001 
05-22 14:35:55.385 15120 15120 I Finsky  : [2] vmd.a(28): Scheduling job Id: 9003, L: 11772, D: 45632197, C: false, I: false, N: 1
05-22 14:35:55.386  5771  6176 D ConnectivityService: filterNetworkStateForUid() uid: 10068, pid: 5771
05-22 14:35:55.386  5771  6176 D ConnectivityService: filterNetworkStateForUid() uid: 10068, pid: 5771, networkInfo: [type: WIFI[], state: CONNECTED/CONNECTED, reason: (unspecified), extra: (none), failover: false, available: true, roaming: false]
05-22 14:35:55.396  5771  6176 I SamsungAlarmManager: setLocked to kernel - T:2 / 20200522T143708, SetElapsed=80250417, nowELAPSED=80177070
05-22 14:35:55.396  5771  6176 I SamsungAlarmManager: setLocked to kernel - T:3 / 20200522T143559, SetElapsed=80181674, nowELAPSED=80177071
05-22 14:35:55.396  5771  6176 D SamsungAlarmManager: setInexact Listener (T:2/F:0/AC:false) 20200522T143607 - CU:1000/CP:5771
05-22 14:35:55.396  5771  6176 I SamsungAlarmManager: setLocked to kernel - T:2 / 20200522T143607, SetElapsed=80188833, nowELAPSED=80177071
05-22 14:35:55.396  5771  6176 I SamsungAlarmManager: setLocked to kernel - T:3 / 20200522T143559, SetElapsed=80181674, nowELAPSED=80177071
05-22 14:35:55.398 15120 15120 I Finsky  : [2] vmd.a(28): Scheduling job Id: 9004, L: 28530, D: 58530, C: false, I: false, N: 0
05-22 14:35:55.406  5771  7636 I SamsungAlarmManager: setLocked to kernel - T:2 / 20200522T143607, SetElapsed=80188833, nowELAPSED=80177080
05-22 14:35:55.406  5771  7636 I SamsungAlarmManager: setLocked to kernel - T:3 / 20200522T143559, SetElapsed=80181674, nowELAPSED=80177081
05-22 14:35:55.406  5771  7636 D SamsungAlarmManager: setInexact Listener (T:2/F:0/AC:false) 20200522T143653 - CU:1000/CP:5771
05-22 14:35:55.406  5771  7636 I SamsungAlarmManager: setLocked to kernel - T:2 / 20200522T143607, SetElapsed=80188833, nowELAPSED=80177081
05-22 14:35:55.406  5771  7636 I SamsungAlarmManager: setLocked to kernel - T:3 / 20200522T143559, SetElapsed=80181674, nowELAPSED=80177081
05-22 14:35:55.410  5771  6176 D ConnectivityService: filterNetworkStateForUid() uid: 10068, pid: 15120
05-22 14:35:55.410  5771  6176 D ConnectivityService: filterNetworkStateForUid() uid: 10068, pid: 15120, networkInfo: [type: WIFI[], state: CONNECTED/CONNECTED, reason: (unspecified), extra: (none), failover: false, available: true, roaming: false]
05-22 14:35:55.410  5771  6176 D ConnectivityService: filterNetworkStateForUid() uid: 10068, pid: 15120
05-22 14:35:55.410  5771  6176 D ConnectivityService: filterNetworkStateForUid() uid: 10068, pid: 15120, networkInfo: [type: WIFI[], state: CONNECTED/CONNECTED, reason: (unspecified), extra: (none), failover: false, available: true, roaming: false]
05-22 14:35:55.412 15120 15327 I Finsky  : [1261] nix.run(2): Installer: Installer starting.
05-22 14:35:55.414 15120 15327 I Finsky  : [1261] nix.run(4): Installer: Installer started.
05-22 14:35:55.416 15120 15120 I Finsky  : [2] njw.a(238): Installer: found apps to install. isMultiUserMode=false, apps=[]
05-22 14:35:55.417  5771  7636 D ConnectivityService: filterNetworkStateForUid() uid: 10043, pid: 6556
05-22 14:35:55.417  5771  6176 D ConnectivityService: filterNetworkStateForUid() uid: 10068, pid: 15120
05-22 14:35:55.417  5771  7636 D ConnectivityService: filterNetworkStateForUid() uid: 10043, pid: 6556, networkInfo: [type: WIFI[], state: CONNECTED/CONNECTED, reason: (unspecified), extra: (none), failover: false, available: true, roaming: false]
05-22 14:35:55.417  5771  6176 D ConnectivityService: filterNetworkStateForUid() uid: 10068, pid: 15120, networkInfo: [type: WIFI[], state: CONNECTED/CONNECTED, reason: (unspecified), extra: (none), failover: false, available: true, roaming: false]
05-22 14:35:55.422  5771  7677 D ConnectivityService: filterNetworkStateForUid() uid: 10068, pid: 15120
05-22 14:35:55.422  5771  7677 D ConnectivityService: filterNetworkStateForUid() uid: 10068, pid: 15120, networkInfo: [type: WIFI[], state: CONNECTED/CONNECTED, reason: (unspecified), extra: (none), failover: false, available: true, roaming: false]
05-22 14:35:55.428  5771  8463 D ConnectivityService: filterNetworkStateForUid() uid: 10068, pid: 15120
05-22 14:35:55.428  5771  8463 D ConnectivityService: filterNetworkStateForUid() uid: 10068, pid: 15120, networkInfo: [type: WIFI[], state: CONNECTED/CONNECTED, reason: (unspecified), extra: (none), failover: false, available: true, roaming: false]
05-22 14:35:55.432  5771  6176 I ActivityManager: Killing 13822:com.samsung.android.networkdiagnostic/5023 (adj 995): empty #31
05-22 14:35:55.433  5429  6637 I CameraService: onUidStateChanged: uid=10196, procState=20
05-22 14:35:55.447  5771  6176 D ConnectivityService: filterNetworkStateForUid() uid: 10043, pid: 6556
05-22 14:35:55.447  5771  6176 D ConnectivityService: filterNetworkStateForUid() uid: 10043, pid: 6556, networkInfo: [type: WIFI[], state: CONNECTED/CONNECTED, reason: (unspecified), extra: (none), failover: false, available: true, roaming: false]
05-22 14:35:55.449 15430 15430 I ApkToolkit: FiveSignOat: Apk case.
05-22 14:35:55.456  5771  7677 D SamsungAlarmManager: Cancel Alarm calling from uid:10043 pid :6556 / op:PendingIntent{e831d53: PendingIntentRecord{53e34d3 com.google.android.gms broadcastIntent}}
05-22 14:35:55.456  5771  7677 I SamsungAlarmManager: setLocked to kernel - T:2 / 20200522T143607, SetElapsed=80188833, nowELAPSED=80177131
05-22 14:35:55.456  5771  7677 I SamsungAlarmManager: setLocked to kernel - T:3 / 20200522T143559, SetElapsed=80181674, nowELAPSED=80177131
05-22 14:35:55.462 15120 15120 I Finsky  : [2] vnt.a(7): SCH: Jobs in database: 1-1337 12-1 26-1414141414 29-29 
05-22 14:35:55.466  5771  6416 D SamsungAlarmManager: setInexact Intent (T:2/F:0/AC:false) 20200522T144715 - CU:10043/CP:6556
05-22 14:35:55.466  5771  6416 I SamsungAlarmManager: setLocked to kernel - T:2 / 20200522T143607, SetElapsed=80188833, nowELAPSED=80177141
05-22 14:35:55.466  5771  6416 I SamsungAlarmManager: setLocked to kernel - T:3 / 20200522T143559, SetElapsed=80181674, nowELAPSED=80177141
05-22 14:35:55.481 15120 15120 I Finsky  : [2] vjo.a(58): SCH: ConstraintMapping: 1-1337, 12-1,  -> L: 11632ms, D: 45632060ms, C: false, I: false, N: 1
05-22 14:35:55.483  5771  6416 I ApplicationPolicy: isApplicationExternalStorageWhitelisted:com.microsoft.appmanager user:0
05-22 14:35:55.483  5771  6416 D ApplicationPolicy: isApplicationExternalStorageWhitelisted: DO is not enabled on user 0. Allowed.
05-22 14:35:55.483  5771  6416 D ActivityManager: package  com.microsoft.appmanager, user - 0 is SDcard whitelisted
05-22 14:35:55.483  5771  6416 I ApplicationPolicy: isApplicationExternalStorageBlacklisted:com.microsoft.appmanager user:0
05-22 14:35:55.483  5771  6416 D ApplicationPolicy: isApplicationExternalStorageBlacklisted: DO is not enabled on user 0. Allowed.
05-22 14:35:55.483  5771  6416 I ApplicationPolicy: isApplicationExternalStorageBlacklisted:com.microsoft.appmanager user:0
05-22 14:35:55.483  5771  6416 D ApplicationPolicy: isApplicationExternalStorageBlacklisted: DO is not enabled on user 0. Allowed.
05-22 14:35:55.485  5429  6637 I CameraService: UidPolicy: onUidIdle, uid = 10221
05-22 14:35:55.485  5429  6637 I CameraService: onUidStateChanged: uid=10221, procState=20
05-22 14:35:55.486 15120 15120 I Finsky  : [2] vjo.a(58): SCH: ConstraintMapping: 26-1414141414, 29-29,  -> L: 28384ms, D: 58384ms, C: false, I: false, N: 0
05-22 14:35:55.493 15120 15330 I Finsky  : [1263] nwq.c(28): IQ: Creating job 3324, for (REQ_DEVICE_IDLE, REQ_GEARHEAD_PROJECTION_OFF, MIN_BATTERY=50, SHOULD_APPLY_BUDGET=true, NETWORK=UNMETERED, PROVISIONING_STATE=PROVISIONED)
05-22 14:35:55.494  5771  6467 I SamsungAlarmManager: setLocked to kernel - T:2 / 20200522T143653, SetElapsed=80235609, nowELAPSED=80177169
05-22 14:35:55.494  5771  6467 I SamsungAlarmManager: setLocked to kernel - T:3 / 20200522T143559, SetElapsed=80181674, nowELAPSED=80177169
05-22 14:35:55.494  5771  6467 D SamsungAlarmManager: setInexact Listener (T:2/F:0/AC:false) 20200522T143623 - CU:1000/CP:5771
05-22 14:35:55.494  5771  6467 I SamsungAlarmManager: setLocked to kernel - T:2 / 20200522T143623, SetElapsed=80205609, nowELAPSED=80177169
05-22 14:35:55.494  5771  6467 I SamsungAlarmManager: setLocked to kernel - T:3 / 20200522T143559, SetElapsed=80181674, nowELAPSED=80177169
05-22 14:35:55.498  5259  5259 D Zygote  : Forked child process 15449
05-22 14:35:55.499  5771  5864 I ActivityManager: Start proc 15449:com.microsoft.appmanager/u0a221 for broadcast {com.microsoft.appmanager/com.microsoft.mmx.continuity.receiver.InstallUninstallReceiver}
05-22 14:35:55.500 15430 15430 I ApkToolkit: FiveSignOat: Apk case.
05-22 14:35:55.503 15449 15449 E Zygote  : isWhitelistProcess - Process is Whitelisted
05-22 14:35:55.504  5771  6467 I SamsungAlarmManager: setLocked to kernel - T:2 / 20200522T143653, SetElapsed=80235609, nowELAPSED=80177178
05-22 14:35:55.504  5771  6467 I SamsungAlarmManager: setLocked to kernel - T:3 / 20200522T143559, SetElapsed=80181674, nowELAPSED=80177179
05-22 14:35:55.504  5771  6467 D SamsungAlarmManager: setInexact Listener (T:2/F:0/AC:false) 20200522T144113 - CU:1000/CP:5771
05-22 14:35:55.504  5771  6467 I SamsungAlarmManager: setLocked to kernel - T:2 / 20200522T143653, SetElapsed=80235609, nowELAPSED=80177179
05-22 14:35:55.504  5771  6467 I SamsungAlarmManager: setLocked to kernel - T:3 / 20200522T143559, SetElapsed=80181674, nowELAPSED=80177179
05-22 14:35:55.504 15449 15449 E Zygote  : accessInfo : 1
05-22 14:35:55.504  5771  6467 I SamsungAlarmManager: setLocked to kernel - T:2 / 20200522T143708, SetElapsed=80250417, nowELAPSED=80177179
05-22 14:35:55.504  5771  6467 I SamsungAlarmManager: setLocked to kernel - T:3 / 20200522T143559, SetElapsed=80181674, nowELAPSED=80177179
05-22 14:35:55.504  5771  6467 D SamsungAlarmManager: setInexact Listener (T:2/F:0/AC:false) 20200522T151113 - CU:1000/CP:5771
05-22 14:35:55.504  5771  6467 I SamsungAlarmManager: setLocked to kernel - T:2 / 20200522T143708, SetElapsed=80250417, nowELAPSED=80177179
05-22 14:35:55.504  5771  6467 I SamsungAlarmManager: setLocked to kernel - T:3 / 20200522T143559, SetElapsed=80181674, nowELAPSED=80177179
05-22 14:35:55.505 15120 15120 I Finsky  : [2] vmd.a(35): Cancelling existing jobscheduler jobs: 9003 9004 
05-22 14:35:55.506 15120 15120 I Finsky  : [2] vmd.a(28): Scheduling job Id: 9000, L: 11632, D: 45632060, C: false, I: false, N: 1
05-22 14:35:55.506  5771  6467 D ConnectivityService: filterNetworkStateForUid() uid: 10068, pid: 5771
05-22 14:35:55.506  5771  6467 D ConnectivityService: filterNetworkStateForUid() uid: 10068, pid: 5771, networkInfo: [type: WIFI[], state: CONNECTED/CONNECTED, reason: (unspecified), extra: (none), failover: false, available: true, roaming: false]
05-22 14:35:55.510  5771  6467 I SamsungAlarmManager: setLocked to kernel - T:2 / 20200522T143708, SetElapsed=80250417, nowELAPSED=80177185
05-22 14:35:55.511 15430 15430 I ApkToolkit: FiveSignJni finished: 0.
05-22 14:35:55.511 15430 15430 I ApkToolkit: FiveSign starts: zip_fd = 3, fd = 3.
05-22 14:35:55.511 15430 15430 I ApkToolkit: FiveSignOat: Apk case.
05-22 14:35:55.511  5771  6467 I SamsungAlarmManager: setLocked to kernel - T:3 / 20200522T143559, SetElapsed=80181674, nowELAPSED=80177186
05-22 14:35:55.511  5771  6467 D SamsungAlarmManager: setInexact Listener (T:2/F:0/AC:false) 20200522T143607 - CU:1000/CP:5771
05-22 14:35:55.511  5771  6467 I SamsungAlarmManager: setLocked to kernel - T:2 / 20200522T143607, SetElapsed=80188813, nowELAPSED=80177186
05-22 14:35:55.511  5771  6467 I SamsungAlarmManager: setLocked to kernel - T:3 / 20200522T143559, SetElapsed=80181674, nowELAPSED=80177186
05-22 14:35:55.511  5259  5259 I Zygote  : Process 13822 exited due to signal 9 (Killed)
05-22 14:35:55.512 15120 15120 I Finsky  : [2] vmd.a(28): Scheduling job Id: 9001, L: 28384, D: 58384, C: false, I: false, N: 0
05-22 14:35:55.513  5771  5865 I libprocessgroup: Successfully killed process cgroup uid 5023 pid 13822 in 79ms
05-22 14:35:55.514 15449 15449 E soft.appmanage: Not starting debugger since process cannot load the jdwp agent.
05-22 14:35:55.516  5771  6467 I SamsungAlarmManager: setLocked to kernel - T:2 / 20200522T143607, SetElapsed=80188813, nowELAPSED=80177191
05-22 14:35:55.516  5429 14643 I CameraService: UidPolicy: No processes running for a uid=5023 disabled=0
05-22 14:35:55.516  5771  6467 I SamsungAlarmManager: setLocked to kernel - T:3 / 20200522T143559, SetElapsed=80181674, nowELAPSED=80177191
05-22 14:35:55.516  5429 14643 I CameraService: UidPolicy: onUidIdle, uid = 5023
05-22 14:35:55.516  5771  6467 D SamsungAlarmManager: setInexact Listener (T:2/F:0/AC:false) 20200522T143653 - CU:1000/CP:5771
05-22 14:35:55.516  5771  6467 I SamsungAlarmManager: setLocked to kernel - T:2 / 20200522T143607, SetElapsed=80188813, nowELAPSED=80177191
05-22 14:35:55.516  5771  6467 I SamsungAlarmManager: setLocked to kernel - T:3 / 20200522T143559, SetElapsed=80181674, nowELAPSED=80177191
05-22 14:35:55.531 15449 15449 D ActivityThread: setConscryptValidator
05-22 14:35:55.531 15449 15449 D ActivityThread: setConscryptValidator - put
05-22 14:35:55.533  5771  6467 I ActivityManager: DSS OFF for com.microsoft.appmanager
05-22 14:35:55.538 15430 15430 I ApkToolkit: FiveSign finished: 0.
05-22 14:35:55.539  5429 14643 I CameraService: onUidStateChanged: uid=10221, procState=12
05-22 14:35:55.545 15120 15120 I Finsky  : [2] vnt.a(7): SCH: Jobs in database: 1-1337 3-3324 12-1 26-1414141414 29-29 
05-22 14:35:55.545 15120 15330 I Finsky  : [1263] nwq.c(28): IQ: Creating job 3325, for (REQ_CHARGING, REQ_DEVICE_IDLE, REQ_GEARHEAD_PROJECTION_OFF, NETWORK=UNMETERED, PROVISIONING_STATE=PROVISIONED)
05-22 14:35:55.545  5771  5960 D PackageManager: EAS IT Policy com.example.VulkanLayerValidationTests isPackageSignedByPlatform = false
05-22 14:35:55.545  5771  5960 D PackageManager: EAS IT Policy destCodeFile /data/app/com.example.VulkanLayerValidationTests--HfGWYQB7OP8RMOfmffjRA==
05-22 14:35:55.547  5771  5960 I PackageManager: Un-granting permission android.permission.MANAGE_DOCUMENTS from package com.google.android.youtube (protectionLevel=262146 flags=0x30dbbec5)
05-22 14:35:55.547  5771  5960 I PackageManager: Un-granting permission com.sec.android.provider.badge.permission.WRITE from package com.google.android.youtube (protectionLevel=18 flags=0x30dbbec5)
05-22 14:35:55.549  5771  5960 I PackageManager: Un-granting permission android.permission.REQUEST_INSTALL_PACKAGES from package com.microsoft.appmanager (protectionLevel=66 flags=0x30c8bec5)
05-22 14:35:55.550  5771  5960 I PackageManager: Un-granting permission android.permission.INTERACT_ACROSS_PROFILES from package com.google.android.googlequicksearchbox (protectionLevel=18 flags=0xa0dbbec5)
05-22 14:35:55.550  5771  5960 I PackageManager: Un-granting permission android.permission.CONTROL_INCALL_EXPERIENCE from package com.google.android.googlequicksearchbox (protectionLevel=18 flags=0xa0dbbec5)
05-22 14:35:55.551  5771  5960 I PackageManager: Un-granting permission com.google.android.googleapps.permission.GOOGLE_AUTH from package com.android.providers.calendar (protectionLevel=2 flags=0x3088be45)
05-22 14:35:55.551  5771  5960 I PackageManager: Un-granting permission com.google.android.googleapps.permission.GOOGLE_AUTH.cl from package com.android.providers.calendar (protectionLevel=2 flags=0x3088be45)
05-22 14:35:55.551  5771  5960 I PackageManager: Un-granting permission android.permission.INTERACT_ACROSS_USERS_FULL from package com.android.providers.calendar (protectionLevel=258 flags=0x3088be45)
05-22 14:35:55.551  5771  5960 I PackageManager: Un-granting permission android.permission.GET_INTENT_SENDER_INTENT from package com.android.providers.calendar (protectionLevel=2 flags=0x3088be45)
05-22 14:35:55.557  5771  5960 I PackageManager: Un-granting permission android.permission.INTERACT_ACROSS_USERS_FULL from package com.sec.android.widgetapp.easymodecontactswidget (protectionLevel=258 flags=0x30c8be45)
05-22 14:35:55.558  5771  5960 D UNKNOWN_SOURCES: REQUEST_INSTALL_PACKAGES from the list: com.samsung.android.email.provider :: false
05-22 14:35:55.559  5771  5960 I PackageManager: Un-granting permission android.permission.REQUEST_INSTALL_PACKAGES from package com.sec.android.app.samsungapps (protectionLevel=66 flags=0x38d83ec5)
05-22 14:35:55.559  5771  5960 I PackageManager: Un-granting permission com.samsung.android.samsungaccount.permission.PROFILE_PROVIDER from package com.sec.android.app.samsungapps (protectionLevel=18 flags=0x38d83ec5)
05-22 14:35:55.559 15120 15120 I Finsky  : [2] vjo.a(58): SCH: ConstraintMapping: 1-1337, 12-1,  -> L: 11546ms, D: 45631979ms, C: false, I: false, N: 1
05-22 14:35:55.560 15120 15120 I Finsky  : [2] vjo.a(58): SCH: ConstraintMapping: 3-3324,  -> L: 0ms, D: 86399957ms, C: false, I: true, N: 2
05-22 14:35:55.560  5771  5960 I PackageManager: Un-granting permission com.samsung.android.pass.permissions.MANAGE_PASS_SERVICE from package com.sec.android.app.billing (protectionLevel=2 flags=0x30c83e45)
05-22 14:35:55.560 15120 15120 I Finsky  : [2] vjo.a(58): SCH: ConstraintMapping: 26-1414141414, 29-29,  -> L: 28305ms, D: 58305ms, C: false, I: false, N: 0
05-22 14:35:55.561  5771  5960 I PackageManager: Un-granting permission android.permission.SEND_DOWNLOAD_COMPLETED_INTENTS from package com.android.vending (protectionLevel=2 flags=0x38cabec5)
05-22 14:35:55.562  5771  5960 I PackageManager: Un-granting permission android.permission.REQUEST_INSTALL_PACKAGES from package com.microsoft.skydrive (protectionLevel=66 flags=0x30d83ec5)
05-22 14:35:55.564 15335 15396 I mali_egl: eglDestroySurface() in
05-22 14:35:55.564  5771  5960 D UNKNOWN_SOURCES: REQUEST_INSTALL_PACKAGES from the list: com.samsung.android.app.watchmanager :: false
05-22 14:35:55.564 15335 15396 I mali_egl: eglDestroySurface() out
05-22 14:35:55.565 15335 15369 I Filament: Filament library loaded.
05-22 14:35:55.567  5771  5960 D UNKNOWN_SOURCES: REQUEST_INSTALL_PACKAGES from the list: com.android.nfc :: false
05-22 14:35:55.568  5771  5960 D UNKNOWN_SOURCES: REQUEST_INSTALL_PACKAGES from the list: com.samsung.android.messaging :: false
05-22 14:35:55.571  5771  5960 I PackageManager: Un-granting permission android.permission.REQUEST_INSTALL_PACKAGES from package com.google.android.gm (protectionLevel=66 flags=0x28cbbec5)
05-22 14:35:55.572  5771  5960 I PackageManager: Un-granting permission com.sec.android.provider.badge.permission.WRITE from package com.google.android.apps.tachyon (protectionLevel=18 flags=0x30c9be44)
05-22 14:35:55.576  5771  5960 I PackageManager: Un-granting permission android.permission.WRITE_SETTINGS from package com.google.android.music (protectionLevel=1218 flags=0x384bbe64)
05-22 14:35:55.576  5771  5960 I PackageManager: Un-granting permission android.permission.SYSTEM_ALERT_WINDOW from package com.google.android.music (protectionLevel=1250 flags=0x384bbe64)
05-22 14:35:55.576  5771  5960 I PackageManager: Un-granting permission android.permission.BIND_JOB_SERVICE from package com.google.android.music (protectionLevel=2 flags=0x384bbe64)
05-22 14:35:55.580  5771  5960 D UNKNOWN_SOURCES: REQUEST_INSTALL_PACKAGES from the list: com.samsung.android.app.simplesharing :: false
05-22 14:35:55.582  5771  5960 I PackageManager: Un-granting permission android.permission.REQUEST_INSTALL_PACKAGES from package com.google.android.apps.docs (protectionLevel=66 flags=0x38cbbe44)
05-22 14:35:55.585  5771  5960 I PackageManager: Un-granting permission android.permission.INTERACT_ACROSS_USERS from package com.google.android.syncadapters.contacts (protectionLevel=50 flags=0x20883e45)
05-22 14:35:55.587  5771  5960 I PackageManager: Un-granting permission android.permission.REQUEST_INSTALL_PACKAGES from package com.android.chrome (protectionLevel=66 flags=0xa0cbbec5)
05-22 14:35:55.587  5771  5960 I PackageManager: Un-granting permission android.permission.CAPTURE_VIDEO_OUTPUT from package com.google.android.gms (protectionLevel=2 flags=0xa0cabec5)
05-22 14:35:55.588  5771  5960 I PackageManager: Un-granting permission android.permission.MANAGE_DEVICE_ADMINS from package com.google.android.gms (protectionLevel=2 flags=0xa0cabec5)
05-22 14:35:55.588  5771  5960 I PackageManager: Un-granting permission android.permission.MANAGE_ACTIVITY_STACKS from package com.google.android.gms (protectionLevel=2 flags=0xa0cabec5)
05-22 14:35:55.588  5771  5960 I PackageManager: Un-granting permission android.permission.CAPTURE_SECURE_VIDEO_OUTPUT from package com.google.android.gms (protectionLevel=2 flags=0xa0cabec5)
05-22 14:35:55.588  5771  5960 I PackageManager: Un-granting permission android.permission.MANAGE_ROLLBACKS from package com.google.android.gms (protectionLevel=514 flags=0xa0cabec5)
05-22 14:35:55.590  5771  5960 I PackageManager: Un-granting permission android.permission.REQUEST_INSTALL_PACKAGES from package com.epicgames.portal (protectionLevel=66 flags=0x3848be44)
05-22 14:35:55.590  5771  5960 I PackageManager: Un-granting permission com.google.android.googleapps.permission.GOOGLE_AUTH from package com.google.android.videos (protectionLevel=2 flags=0x305bbe44)
05-22 14:35:55.591  5771  5960 D UNKNOWN_SOURCES: REQUEST_INSTALL_PACKAGES from the list: com.sec.android.app.myfiles :: false
05-22 14:35:55.591  5771  5960 D UNKNOWN_SOURCES: REQUEST_INSTALL_PACKAGES from the list: com.samsung.android.allshare.service.fileshare :: false
05-22 14:35:55.593  5771  5960 I PackageManager: Un-granting permission android.permission.MANAGE_ACTIVITY_STACKS from package com.sec.android.app.launcher (protectionLevel=2 flags=0x30c83e45)
05-22 14:35:55.593  5771  5960 I PackageManager: Un-granting permission android.permission.REQUEST_INSTALL_PACKAGES from package flipboard.boxer.app (protectionLevel=66 flags=0x30c8bec5)
05-22 14:35:55.594  5771  5960 I PackageManager: Un-granting permission android.permission.SYSTEM_ALERT_WINDOW from package com.google.android.apps.photos (protectionLevel=1250 flags=0x38d9be44)
05-22 14:35:55.594  5771  5960 I PackageManager: Un-granting permission android.permission.WRITE_SETTINGS from package com.google.android.apps.photos (protectionLevel=1218 flags=0x38d9be44)
05-22 14:35:55.594  5771  5960 I PackageManager: Un-granting permission com.google.android.googlequicksearchbox.permission.LENSVIEW_BROADCAST from package com.google.android.apps.photos (protectionLevel=2 flags=0x38d9be44)
05-22 14:35:55.594  5771  5960 I PackageManager: Un-granting permission android.permission.WRITE_MEDIA_STORAGE from package com.google.android.apps.photos (protectionLevel=18 flags=0x38d9be44)
