05-22 14:35:52.613  5771  6199 D WifiNetworkFactory:   my score=60, my filter=[ Transports: WIFI Capabilities: NOT_METERED&INTERNET&NOT_RESTRICTED&TRUSTED&NOT_VPN&NOT_ROAMING&NOT_CONGESTED LinkUpBandwidth>=1048576Kbps LinkDnBandwidth>=1048576Kbps Specifier: <android.net.MatchAllNetworkSpecifier@0>]
05-22 14:35:52.613  5771  6200 D WIFI_P2P:  mScore = 60
05-22 14:35:52.613  5771  6200 D WIFI_P2P:  n.factorySerialNumber = -1
05-22 14:35:52.613  5771  6199 D WifiNetworkFactory: evalRequest
05-22 14:35:52.613  5771  6200 D WIFI_P2P:  mSerialNumber = 0
05-22 14:35:52.613  5771  6200 D WIFI_P2P:   done
05-22 14:35:52.613  5771  6199 D WifiNetworkFactory:  n.requests = false
05-22 14:35:52.613  5771  6199 D WifiNetworkFactory:  n.score = 60
05-22 14:35:52.613  5771  6199 D WifiNetworkFactory:  mScore = 60
05-22 14:35:52.613  6366  6366 D PhoneSwitcherNetworkRequstListener: got request NetworkRequest [ TRACK_DEFAULT id=338, [ Capabilities: INTERNET&NOT_RESTRICTED&TRUSTED Uid: 10183] ] with score 60 and serial -1
05-22 14:35:52.613  5771  6199 D WifiNetworkFactory:  n.factorySerialNumber = -1
05-22 14:35:52.613  5771  6199 D WifiNetworkFactory:  mSerialNumber = 6
05-22 14:35:52.613  5771  6199 D WifiNetworkFactory:   needNetworkFor
05-22 14:35:52.613  6366  6366 D PhoneSwitcherNetworkRequstListener:   my score=101, my filter=[ Transports: CELLULAR Capabilities: MMS&SUPL&DUN&FOTA&IMS&CBS&IA&RCS&XCAP&EIMS&INTERNET&NOT_RESTRICTED&TRUSTED&NOT_VPN&MCX&FOC&26 Specifier: <android.net.MatchAllNetworkSpecifier@0>]
05-22 14:35:52.613  5771  6199 D UntrustedWifiNetworkFactory: got request NetworkRequest [ TRACK_DEFAULT id=338, [ Capabilities: INTERNET&NOT_RESTRICTED&TRUSTED Uid: 10183] ] with score 60 and serial -1
05-22 14:35:52.613  6366  6366 D PhoneSwitcherNetworkRequstListener: evalRequest
05-22 14:35:52.613  6366  6366 D PhoneSwitcherNetworkRequstListener:  n.requests = false
05-22 14:35:52.613  6366  6366 D PhoneSwitcherNetworkRequstListener:  n.score = 60
05-22 14:35:52.613  5771  6199 D UntrustedWifiNetworkFactory:   my score=2147483647, my filter=[ Transports: WIFI Capabilities: NOT_METERED&INTERNET&NOT_RESTRICTED&TRUSTED&NOT_VPN&NOT_ROAMING&NOT_CONGESTED LinkUpBandwidth>=1048576Kbps LinkDnBandwidth>=1048576Kbps Specifier: <android.net.MatchAllNetworkSpecifier@0>]
05-22 14:35:52.613  6366  6366 D PhoneSwitcherNetworkRequstListener:  mScore = 101
05-22 14:35:52.613  5771  6199 D UntrustedWifiNetworkFactory: evalRequest
05-22 14:35:52.613  6366  6366 D PhoneSwitcherNetworkRequstListener:  n.factorySerialNumber = -1
05-22 14:35:52.613  5771  6199 D UntrustedWifiNetworkFactory:  n.requests = false
05-22 14:35:52.613  6366  6366 D PhoneSwitcherNetworkRequstListener:  mSerialNumber = 3
05-22 14:35:52.613  5771  6199 D UntrustedWifiNetworkFactory:  n.score = 60
05-22 14:35:52.613  6366  6366 D PhoneSwitcherNetworkRequstListener:   needNetworkFor
05-22 14:35:52.613  5771  6199 D UntrustedWifiNetworkFactory:  mScore = 2147483647
05-22 14:35:52.613  5771  6199 D UntrustedWifiNetworkFactory:  n.factorySerialNumber = -1
05-22 14:35:52.613  5771  6199 D UntrustedWifiNetworkFactory:  mSerialNumber = 7
05-22 14:35:52.613  5771  6199 D UntrustedWifiNetworkFactory:   needNetworkFor
05-22 14:35:52.616 14751 14892 D ConnectivityManager: requestNetwork; CallingUid : 10183, CallingPid : 14751, PackageName : com.google.android.youtube
05-22 14:35:52.616  5771  5862 W SearchableInfo: Invalid searchable metadata for com.samsung.android.themestore/.activity.bixby.SearchActivityForBixby: Search label must be a resource reference.
05-22 14:35:52.617  5771  7679 D ConnectivityService: listenForNetwork for uid/pid:10183/14751 NetworkRequest [ LISTEN id=339, [ Capabilities: INTERNET&NOT_RESTRICTED&TRUSTED&FOREGROUND Uid: 10183] ]
05-22 14:35:52.617  5771  6208 D ConnectivityService: rematching NetworkAgentInfo [WIFI () - 602]
05-22 14:35:52.617  5771  6208 D ConnectivityService:  network has: [ Transports: WIFI Capabilities: NOT_METERED&INTERNET&NOT_RESTRICTED&TRUSTED&NOT_VPN&VALIDATED&NOT_ROAMING&FOREGROUND&NOT_CONGESTED&NOT_SUSPENDED LinkUpBandwidth>=1048576Kbps LinkDnBandwidth>=1048576Kbps Specifier: <WifiNetworkAgentSpecifier [WifiConfiguration=, SSID="LunarG", BSSID=18:e8:29:18:76:ff, mOriginalRequestorUid=-1, mOriginalRequestorPackageName=]> SignalStrength: -64 SSID: "LunarG"]
05-22 14:35:52.617  5771  6208 D ConnectivityService: Network NetworkAgentInfo [WIFI () - 602] was already satisfying request 323. No change.
05-22 14:35:52.617  5771  6208 D ConnectivityService: Network NetworkAgentInfo [WIFI () - 602] was already satisfying request 1. No change.
05-22 14:35:52.617  5771  6208 D ConnectivityService: Network NetworkAgentInfo [WIFI () - 602] was already satisfying request 338. No change.
05-22 14:35:52.617  5771  6208 D ConnectivityService: Network NetworkAgentInfo [WIFI () - 602] was already satisfying request 9. No change.
05-22 14:35:52.617  5771  6208 D ConnectivityService: Network NetworkAgentInfo [WIFI () - 602] was already satisfying request 336. No change.
05-22 14:35:52.617  5771  6208 D ConnectivityService: Network NetworkAgentInfo [WIFI () - 602] was already satisfying request 23. No change.
05-22 14:35:52.617  5771  6208 D ConnectivityService: Network NetworkAgentInfo [WIFI () - 602] was already satisfying request 206. No change.
05-22 14:35:52.617  5771  6208 D ConnectivityService: Network NetworkAgentInfo [WIFI () - 602] was already satisfying request 27. No change.
05-22 14:35:52.617  5771  6208 D ConnectivityService: Network NetworkAgentInfo [WIFI () - 602] was already satisfying request 331. No change.
05-22 14:35:52.617  5771  6208 D ConnectivityService: Network NetworkAgentInfo [WIFI () - 602] was already satisfying request 13. No change.
05-22 14:35:52.617  5771  6208 D ConnectivityService: Network NetworkAgentInfo [WIFI () - 602] was already satisfying request 18. No change.
05-22 14:35:52.617  5771  6208 D ConnectivityService: Network NetworkAgentInfo [WIFI () - 602] was already satisfying request 31. No change.
05-22 14:35:52.617  5771  6208 D ConnectivityService: Network NetworkAgentInfo [WIFI () - 602] was already satisfying request 25. No change.
05-22 14:35:52.617  5771  6208 D ConnectivityService: Network NetworkAgentInfo [WIFI () - 602] was already satisfying request 332. No change.
05-22 14:35:52.617  5771  6208 D ConnectivityService: sending notification CALLBACK_AVAILABLE for NetworkRequest [ LISTEN id=339, [ Capabilities: INTERNET&NOT_RESTRICTED&TRUSTED&FOREGROUND Uid: 10183] ]
05-22 14:35:52.618  5771  7679 D ConnectivityService: filterNetworkStateForUid() uid: 10183, pid: 14751
05-22 14:35:52.618  5771  7679 D ConnectivityService: filterNetworkStateForUid() uid: 10183, pid: 14751, networkInfo: [type: WIFI[], state: CONNECTED/CONNECTED, reason: (unspecified), extra: (none), failover: false, available: true, roaming: false]
05-22 14:35:52.619  5771  7679 I ApplicationPolicy: isApplicationExternalStorageWhitelisted:com.samsung.android.rubin.app user:0
05-22 14:35:52.619  5771  7679 D ApplicationPolicy: isApplicationExternalStorageWhitelisted: DO is not enabled on user 0. Allowed.
05-22 14:35:52.619  5771  7679 D ActivityManager: package  com.samsung.android.rubin.app, user - 0 is SDcard whitelisted
05-22 14:35:52.619  5771  7679 I ApplicationPolicy: isApplicationExternalStorageBlacklisted:com.samsung.android.rubin.app user:0
05-22 14:35:52.619  5771  7679 D ApplicationPolicy: isApplicationExternalStorageBlacklisted: DO is not enabled on user 0. Allowed.
05-22 14:35:52.619  5771  7679 I ApplicationPolicy: isApplicationExternalStorageBlacklisted:com.samsung.android.rubin.app user:0
05-22 14:35:52.619  5771  7679 D ApplicationPolicy: isApplicationExternalStorageBlacklisted: DO is not enabled on user 0. Allowed.
05-22 14:35:52.619  5771  7679 W ActivityManager: wait for provider publish: waiters=1 callerApp=ProcessRecord{43f95eb 14645:com.samsung.android.app.galaxyfinder/u0a36} cpr=ContentProviderRecord{99adeee u0 com.samsung.android.rubin.app/com.samsung.android.rubin.persona.providers.PreferredAppsProvider}
05-22 14:35:52.624 14751 14822 E GEL_DELAYED_EVENT_DEBUG: Failed delayed event dispatch, no dispatchers.
05-22 14:35:52.625  5259  5259 D Zygote  : Forked child process 14907
05-22 14:35:52.627 14907 14907 E Zygote  : isWhitelistProcess - Process is Whitelisted
05-22 14:35:52.627 14907 14907 E Zygote  : accessInfo : 1
05-22 14:35:52.633  5771  5864 I ActivityManager: Start proc 14907:com.samsung.android.rubin.app/5010 for content provider {com.samsung.android.rubin.app/com.samsung.android.rubin.persona.providers.PreferredAppsProvider}
05-22 14:35:52.633  5771  7738 D ConnectivityService: filterNetworkStateForUid() uid: 10183, pid: 14751
05-22 14:35:52.633  5771  7738 D ConnectivityService: filterNetworkStateForUid() uid: 10183, pid: 14751, networkInfo: [type: WIFI[], state: CONNECTED/CONNECTED, reason: (unspecified), extra: (none), failover: false, available: true, roaming: false]
05-22 14:35:52.634  5771  7714 D ConnectivityService: filterNetworkStateForUid() uid: 10183, pid: 14751
05-22 14:35:52.634  5771  7714 D ConnectivityService: filterNetworkStateForUid() uid: 10183, pid: 14751, networkInfo: [type: WIFI[], state: CONNECTED/CONNECTED, reason: (unspecified), extra: (none), failover: false, available: true, roaming: false]
05-22 14:35:52.635  5258  5650 D DnsProxyListener: DNSDBG::dns addrinfo af 2 - 10183
05-22 14:35:52.640 14907 14907 E droid.rubin.ap: Not starting debugger since process cannot load the jdwp agent.
05-22 14:35:52.640 14751 14820 I android.youtub: The ClassLoaderContext is a special shared library.
05-22 14:35:52.642  5771  7738 D ConnectivityService: filterNetworkStateForUid() uid: 10183, pid: 14751
05-22 14:35:52.643  5771  7738 D ConnectivityService: filterNetworkStateForUid() uid: 10183, pid: 14751, networkInfo: [type: WIFI[], state: CONNECTED/CONNECTED, reason: (unspecified), extra: (none), failover: false, available: true, roaming: false]
05-22 14:35:52.644  5771  8262 D ConnectivityService: filterNetworkStateForUid() uid: 10183, pid: 14751
05-22 14:35:52.644  5771  8262 D ConnectivityService: filterNetworkStateForUid() uid: 10183, pid: 14751, networkInfo: [type: WIFI[], state: CONNECTED/CONNECTED, reason: (unspecified), extra: (none), failover: false, available: true, roaming: false]
05-22 14:35:52.645 14854 14854 D SamsungAnalytics605011: [Validation] dma pkg:654901000
05-22 14:35:52.647 14854 14854 D SamsungAnalytics605011: cf feature is supported
05-22 14:35:52.648  5429 14643 I CameraService: UidPolicy: onUidIdle, uid = 5010
05-22 14:35:52.648  5429 14643 I CameraService: onUidStateChanged: uid=5010, procState=20
05-22 14:35:52.651  5771  8262 D ConnectivityService: filterNetworkStateForUid() uid: 10183, pid: 14751
05-22 14:35:52.651  5771  8262 D ConnectivityService: filterNetworkStateForUid() uid: 10183, pid: 14751, networkInfo: [type: WIFI[], state: CONNECTED/CONNECTED, reason: (unspecified), extra: (none), failover: false, available: true, roaming: false]
05-22 14:35:52.652  5771  7738 D ConnectivityService: filterNetworkStateForUid() uid: 10183, pid: 14751
05-22 14:35:52.652  5771  7738 D ConnectivityService: filterNetworkStateForUid() uid: 10183, pid: 14751, networkInfo: [type: WIFI[], state: CONNECTED/CONNECTED, reason: (unspecified), extra: (none), failover: false, available: true, roaming: false]
05-22 14:35:52.653  5771  8262 D ConnectivityService: filterNetworkStateForUid() uid: 10183, pid: 14751
05-22 14:35:52.653  5771  8262 D ConnectivityService: filterNetworkStateForUid() uid: 10183, pid: 14751, networkInfo: [type: WIFI[], state: CONNECTED/CONNECTED, reason: (unspecified), extra: (none), failover: false, available: true, roaming: false]
05-22 14:35:52.657 14907 14907 D ActivityThread: setConscryptValidator
05-22 14:35:52.657 14907 14907 D ActivityThread: setConscryptValidator - put
05-22 14:35:52.660  5771  7738 I ActivityManager: DSS OFF for com.samsung.android.rubin.app
05-22 14:35:52.662  5771  8262 D ConnectivityService: filterNetworkStateForUid() uid: 10183, pid: 14751
05-22 14:35:52.662  5771  8262 D ConnectivityService: filterNetworkStateForUid() uid: 10183, pid: 14751, networkInfo: [type: WIFI[], state: CONNECTED/CONNECTED, reason: (unspecified), extra: (none), failover: false, available: true, roaming: false]
05-22 14:35:52.663  5771  7893 D ConnectivityService: ConnectivityService NetworkRequestInfo binderDied(NetworkRequest [ TRACK_DEFAULT id=323, [ Capabilities: INTERNET&NOT_RESTRICTED&TRUSTED Uid: 10068] ], android.os.BinderProxy@a3de9d9)
05-22 14:35:52.663  5771  7715 D ConnectivityService: ConnectivityService NetworkRequestInfo binderDied(NetworkRequest [ LISTEN id=324, [ Capabilities: INTERNET&NOT_RESTRICTED&TRUSTED Uid: 10068] ], android.os.BinderProxy@72df9e)
05-22 14:35:52.663  5771  6208 D ConnectivityService: releasing NetworkRequest [ LISTEN id=324, [ Capabilities: INTERNET&NOT_RESTRICTED&TRUSTED Uid: 10068] ] (release request)
05-22 14:35:52.663  5771  6208 D ConnectivityService: releasing NetworkRequest [ TRACK_DEFAULT id=323, [ Capabilities: INTERNET&NOT_RESTRICTED&TRUSTED Uid: 10068] ] (release request)
05-22 14:35:52.663  5771  6208 D ConnectivityService:  Removing from current network NetworkAgentInfo [WIFI () - 602], leaving 35 requests.
05-22 14:35:52.664  5771  7738 D ConnectivityService: filterNetworkStateForUid() uid: 10183, pid: 14751
05-22 14:35:52.664  5771  7738 D ConnectivityService: filterNetworkStateForUid() uid: 10183, pid: 14751, networkInfo: [type: WIFI[], state: CONNECTED/CONNECTED, reason: (unspecified), extra: (none), failover: false, available: true, roaming: false]
05-22 14:35:52.664  5260  5260 I Zygote  : Process 2760 exited due to signal 9 (Killed)
05-22 14:35:52.665  5429  5429 I CameraService: UidPolicy: No processes running for a uid=10068 disabled=0
05-22 14:35:52.665  5429  5429 I CameraService: UidPolicy: onUidIdle, uid = 10068
05-22 14:35:52.666  7741  8113 D DMASA   : [PROVIDER] sendCommon 454-399-565599
05-22 14:35:52.666  5771  5865 I libprocessgroup: Successfully killed process cgroup uid 10068 pid 2760 in 57ms
05-22 14:35:52.667 14854 14854 D SamsungAnalytics605011: send setting
05-22 14:35:52.668 14854 14854 D SamsungAnalytics605011: newThread on Executor
05-22 14:35:52.668  5771  7657 D ActivityManager: The following uid has registered to recieve broadcast for proxy related updates 10183
05-22 14:35:52.668  5771  7657 W ContextImpl: Calling a method in the system process without a qualified user: android.app.ContextImpl.sendBroadcast:1102 com.android.server.am.ActivityManagerService.requestKnoxVpnToSendProxyBroadcast:21307 com.android.server.am.ActivityManagerService.registerReceiver:16579 android.app.IActivityManager$Stub.onTransact:2217 com.android.server.am.ActivityManagerService.onTransact:3293 
05-22 14:35:52.674 14854 14854 D SamsungAnalytics605011: [Tracker] Tracker start:6.05.011 , senderType : 3
05-22 14:35:52.679 14854 14935 D SamsungAnalytics605011: [Setting Sender] No status log
05-22 14:35:52.679  5771  7738 I ApplicationPolicy: isApplicationExternalStorageWhitelisted:com.samsung.android.app.cocktailbarservice user:0
05-22 14:35:52.679  5771  7738 D ApplicationPolicy: isApplicationExternalStorageWhitelisted: DO is not enabled on user 0. Allowed.
05-22 14:35:52.679  5771  7738 D ActivityManager: package  com.samsung.android.app.cocktailbarservice, user - 0 is SDcard whitelisted
05-22 14:35:52.679  5771  7738 I ApplicationPolicy: isApplicationExternalStorageBlacklisted:com.samsung.android.app.cocktailbarservice user:0
05-22 14:35:52.679  5771  7738 D ApplicationPolicy: isApplicationExternalStorageBlacklisted: DO is not enabled on user 0. Allowed.
05-22 14:35:52.679  5771  7738 I ApplicationPolicy: isApplicationExternalStorageBlacklisted:com.samsung.android.app.cocktailbarservice user:0
05-22 14:35:52.679  5771  7738 D ApplicationPolicy: isApplicationExternalStorageBlacklisted: DO is not enabled on user 0. Allowed.
05-22 14:35:52.681  5771  7738 I ActivityManager: Killing 13575:com.google.android.apps.maps/u0a196 (adj 995): empty #31
05-22 14:35:52.681  5771  7738 I ActivityManager: Killing 13627:com.google.process.gapps/u0a43 (adj 999): empty #32
05-22 14:35:52.687  5259  5259 D Zygote  : Forked child process 14943
05-22 14:35:52.689 14943 14943 E Zygote  : isWhitelistProcess - Process is Whitelisted
05-22 14:35:52.690 14943 14943 E Zygote  : accessInfo : 1
05-22 14:35:52.691  5771  5864 I ActivityManager: Start proc 14943:com.samsung.android.app.cocktailbarservice:edgelighting/u0a21 for broadcast {com.samsung.android.app.cocktailbarservice/com.samsung.android.app.edgelighting.EdgeLightingReceiver}
05-22 14:35:52.695 14943 14943 E ce:edgelightin: Not starting debugger since process cannot load the jdwp agent.
05-22 14:35:52.704 14943 14943 D ActivityThread: setConscryptValidator
05-22 14:35:52.704 14943 14943 D ActivityThread: setConscryptValidator - put
05-22 14:35:52.705  5771  5862 I GameManagerService: PkgInstallationReceiver, onPackageRemoved : com.example.VulkanLayerValidationTests uid : 11738 userID : UserHandle{0}
05-22 14:35:52.705  5771  6292 D GameManagerService:GosNotifyThread: notifyPackageChangedToGos(), before send intent to GOS. type:2, changeType: 1, packageName:com.example.VulkanLayerValidationTests
05-22 14:35:52.715  5771  8463 D ConnectivityService: filterNetworkStateForUid() uid: 10183, pid: 14751
05-22 14:35:52.715  5771  8463 D ConnectivityService: filterNetworkStateForUid() uid: 10183, pid: 14751, networkInfo: [type: WIFI[], state: CONNECTED/CONNECTED, reason: (unspecified), extra: (none), failover: false, available: true, roaming: false]
05-22 14:35:52.715  5771  8473 D ConnectivityService: filterNetworkStateForUid() uid: 10183, pid: 14751
05-22 14:35:52.715  5771  8473 D ConnectivityService: filterNetworkStateForUid() uid: 10183, pid: 14751, networkInfo: [type: WIFI[], state: CONNECTED/CONNECTED, reason: (unspecified), extra: (none), failover: false, available: true, roaming: false]
05-22 14:35:52.715  5771  8473 D ConnectivityService: filterNetworkStateForUid() uid: 10183, pid: 14751
05-22 14:35:52.715  5771  8473 D ConnectivityService: filterNetworkStateForUid() uid: 10183, pid: 14751, networkInfo: [type: WIFI[], state: CONNECTED/CONNECTED, reason: (unspecified), extra: (none), failover: false, available: true, roaming: false]
05-22 14:35:52.716  5771  8262 E WifiService: 10183 has no permission about LOCAL_MAC_ADDRESS
05-22 14:35:52.717  5771  8262 D ConnectivityService: filterNetworkStateForUid() uid: 10183, pid: 14751
05-22 14:35:52.717  5771  6292 D GameManagerService:GosNotifyThread: notifyPackageChangedToGos(), after send intent to GOS. ComponentInfo{com.samsung.android.game.gos/com.samsung.android.game.gos.service.MainIntentService}
05-22 14:35:52.717  5771  8262 D ConnectivityService: filterNetworkStateForUid() uid: 10183, pid: 14751, networkInfo: [type: WIFI[], state: CONNECTED/CONNECTED, reason: (unspecified), extra: (none), failover: false, available: true, roaming: false]
05-22 14:35:52.717  5771  7715 I ActivityManager: DSS OFF for com.samsung.android.app.cocktailbarservice
05-22 14:35:52.721 19895 19895 D GOS:MainIntentService: onCreate
05-22 14:35:52.721 19895 14971 D GOS:MainIntentService: onHandleIntent. begin
05-22 14:35:52.721 19895 14971 D GOS:MainIntentService: onHandleIntent(). type(PACKAGE_CHANGED) from 2
05-22 14:35:52.721  5429  5429 I CameraService: onUidStateChanged: uid=10186, procState=11
05-22 14:35:52.722 19895 14971 D GOS:MainIntentService: onHandleIntent(). type(PACKAGE_CHANGED), changeType(REMOVED), packageName(com.example.VulkanLayerValidationTests), UserHandle(0), Installed(false)
05-22 14:35:52.725  5258  5650 D DnsProxyListener: DNSDBG::dns addrinfo af 2 - 10183
05-22 14:35:52.729  5258  5650 D DnsProxyListener: DNSDBG::dns addrinfo af 2 - 10183
05-22 14:35:52.729 19895 14971 D GOS:PackageDAO: getPkgData(), begin
05-22 14:35:52.730  5771  7893 D ConnectivityService: filterNetworkStateForUid() uid: 10183, pid: 14751
05-22 14:35:52.730  5771  7893 D ConnectivityService: filterNetworkStateForUid() uid: 10183, pid: 14751, networkInfo: [type: WIFI[], state: CONNECTED/CONNECTED, reason: (unspecified), extra: (none), failover: false, available: true, roaming: false]
05-22 14:35:52.740 19895 14971 D GOS:PkgData: PkgData(), pkgName: com.example.VulkanLayerValidationTests
05-22 14:35:52.740 19895 14971 D GOS:PkgData: setCustomFeatureFlag, pkgName: com.example.VulkanLayerValidationTests, old featureFlag: 1134695999864832, new featureFlag: 0
05-22 14:35:52.741 19895 14971 D GOS:MonitoredAppsDAO: getSubscriberApps(com.example.VulkanLayerValidationTests)
05-22 14:35:52.746 14943 14943 D ApplicationLoaders: Returning zygote-cached class loader: /system/framework/android.hidl.base-V1.0-java.jar
05-22 14:35:52.746 14943 14943 D ApplicationLoaders: Returning zygote-cached class loader: /system/framework/android.hidl.manager-V1.0-java.jar
05-22 14:35:52.746 14943 14943 D ApplicationLoaders: Returning zygote-cached class loader: /system/framework/android.hidl.base-V1.0-java.jar
05-22 14:35:52.750  5259  5259 I Zygote  : Process 13627 exited due to signal 9 (Killed)
05-22 14:35:52.750 19895 14971 D GOS:SystemEventReactor: onPackageRemoved(), packageName : com.example.VulkanLayerValidationTests
05-22 14:35:52.766  5771  5862 D MetaDataCollector: onReceive: begin action=android.intent.action.PACKAGE_REMOVED
05-22 14:35:52.766  5771  5862 D MetaDataCollector: onReceive: done pkgName=com.example.VulkanLayerValidationTests
05-22 14:35:52.767  6826  6826 D RecommendedItemsProvider: onPackageRemoved: com.example.VulkanLayerValidationTests / UserHandle{0}
05-22 14:35:52.767  6826  7602 D SubUserItemPositionerImpl: check blockCreateShortcutKey : block_create_shortcut_0 blockCreate : false
05-22 14:35:52.769 14751 14928 D NetworkSecurityConfig: Using Network Security Config from resource network_security_config debugBuild: false
05-22 14:35:52.773  6826  7602 D PackageUpdatedTask: mAllAppsList.removePackage com.example.VulkanLayerValidationTests
05-22 14:35:52.773 14943 14943 D CocktailBarApplication: initManager
05-22 14:35:52.773  6826  7602 D ModelWriter: deleteItemsFromDatabase++
05-22 14:35:52.773  6826  7602 D ModelWriter: deleteItemsFromDatabase++
05-22 14:35:52.773  6826  7602 D ModelWriter: enqueueDeleteRunnable++ : mPreparingToUndo = false
05-22 14:35:52.774  6826  7602 D AppsModelWriter: deleteItems(start) > needToBind = true
05-22 14:35:52.774  6826  7602 D AppsModelWriter: deleteItems(start)> 0, 1409, 0, -102, 1, 8, UserHandle{0}, 0, VulkanLayerValidationTests
05-22 14:35:52.774  6826  7602 D AppsModelWriter: normalizeVisibleItems(visibleItems)> 0, 29, 2, -102, 0, 0, UserHandle{0}, 0, Samsung
05-22 14:35:52.774  6826  7602 D AppsModelWriter: normalizeVisibleItems(visibleItems)> 0, 43, 2, -102, 0, 1, UserHandle{0}, 0, Google
05-22 14:35:52.774  6826  7602 D AppsModelWriter: normalizeVisibleItems(visibleItems)> 0, 53, 2, -102, 0, 2, UserHandle{0}, 0, Aplicaciones de Microsoft
05-22 14:35:52.774  6826  7602 D AppsModelWriter: normalizeVisibleItems(visibleItems)> 0, 57, 0, -102, 0, 3, UserHandle{0}, 0, Play Store
05-22 14:35:52.774  6826  7602 D AppsModelWriter: normalizeVisibleItems(visibleItems)> 0, 58, 0, -102, 0, 4, UserHandle{0}, 0, Samsung Members
05-22 14:35:52.774  6826  7602 D AppsModelWriter: normalizeVisibleItems(visibleItems)> 0, 59, 0, -102, 0, 5, UserHandle{0}, 0, Galaxy Store
05-22 14:35:52.774  6826  7602 D AppsModelWriter: normalizeVisibleItems(visibleItems)> 0, 60, 0, -102, 0, 6, UserHandle{0}, 0, Facebook
05-22 14:35:52.774  6826  7602 D AppsModelWriter: normalizeVisibleItems(visibleItems)> 0, 61, 0, -102, 0, 7, UserHandle{0}, 0, Spotify
05-22 14:35:52.774  6826  7602 D AppsModelWriter: normalizeVisibleItems(visibleItems)> 0, 62, 0, -102, 0, 8, UserHandle{0}, 0, Camera
05-22 14:35:52.774  6826  7602 D AppsModelWriter: normalizeVisibleItems(visibleItems)> 0, 63, 0, -102, 0, 9, UserHandle{0}, 0, Gallery
05-22 14:35:52.774  6826  7602 D AppsModelWriter: normalizeVisibleItems(visibleItems)> 0, 64, 0, -102, 0, 10, UserHandle{0}, 0, Clock
05-22 14:35:52.774  6826  7602 D AppsModelWriter: normalizeVisibleItems(visibleItems)> 0, 65, 0, -102, 0, 11, UserHandle{0}, 0, Contacts
05-22 14:35:52.774  6826  7602 D AppsModelWriter: normalizeVisibleItems(visibleItems)> 0, 66, 0, -102, 0, 12, UserHandle{0}, 0, Settings
05-22 14:35:52.774  6826  7602 D AppsModelWriter: normalizeVisibleItems(visibleItems)> 0, 67, 0, -102, 0, 13, UserHandle{0}, 0, Calendar
05-22 14:35:52.774  6826  7602 D AppsModelWriter: normalizeVisibleItems(visibleItems)> 0, 68, 0, -102, 0, 14, UserHandle{0}, 0, Calculator
05-22 14:35:52.774  6826  7602 D AppsModelWriter: normalizeVisibleItems(visibleItems)> 0, 69, 0, -102, 0, 15, UserHandle{0}, 0, Play Music
05-22 14:35:52.774  6826  7602 D AppsModelWriter: normalizeVisibleItems(visibleItems)> 0, 71, 0, -102, 0, 16, UserHandle{0}, 0, Samsung Notes
05-22 14:35:52.774  6826  7602 D AppsModelWriter: normalizeVisibleItems(visibleItems)> 0, 72, 0, -102, 0, 17, UserHandle{0}, 0, Game Launcher
05-22 14:35:52.774  6826  7602 D AppsModelWriter: normalizeVisibleItems(visibleItems)> 0, 73, 0, -102, 0, 18, UserHandle{0}, 0, Fortnite Installer
05-22 14:35:52.774  6826  7602 D AppsModelWriter: normalizeVisibleItems(visibleItems)> 0, 1387, 0, -102, 1, 0, UserHandle{0}, 0, Tessellation
05-22 14:35:52.774  6826  7602 D AppsModelWriter: normalizeVisibleItems(visibleItems)> 0, 1389, 0, -102, 1, 1, UserHandle{0}, 0, Shadow mapping
05-22 14:35:52.774  6826  7602 D AppsModelWriter: normalizeVisibleItems(visibleItems)> 0, 1391, 0, -102, 1, 2, UserHandle{0}, 0, Compute cloth simulation
05-22 14:35:52.774  6826  7602 D AppsModelWriter: normalizeVisibleItems(visibleItems)> 0, 1393, 0, -102, 1, 3, UserHandle{0}, 0, Deferred
05-22 14:35:52.774  6826  7602 D AppsModelWriter: normalizeVisibleItems(visibleItems)> 0, 1395, 0, -102, 1, 4, UserHandle{0}, 0, Geometry shader
05-22 14:35:52.774  6826  7602 D AppsModelWriter: normalizeVisibleItems(visibleItems)> 0, 1397, 0, -102, 1, 5, UserHandle{0}, 0, Gears
05-22 14:35:52.774  6826  7602 D AppsModelWriter: normalizeVisibleItems(visibleItems)> 0, 1399, 0, -102, 1, 6, UserHandle{0}, 0, VkCube
05-22 14:35:52.774  6826  7602 D AppsModelWriter: normalizeVisibleItems(visibleItems)> 0, 1400, 0, -102, 1, 7, UserHandle{0}, 0, vkreplay
05-22 14:35:52.774  6826  6826 D CapturePreview: sendMessageForCapture
05-22 14:35:52.775 14943 14943 D CocktailBarApplication: initManager: need not initialize manager com.samsung.android.app.cocktailbarservice:edgelighting
05-22 14:35:52.775  6826  7602 D AppsModelWriter: updateItemsInDataBase : Invalid updateItems
05-22 14:35:52.775  6826  7602 D AppsModelWriter: deleteItems(end) : deleteItem> 0, 1409, 0, -102, 1, 8, UserHandle{0}, 0, VulkanLayerValidationTests
05-22 14:35:52.775  6826  6826 D AppsModelWriter: bindAppsItems() - visibleAddItems : 0, visibleUpdateItems : 0, removeItems : 1
05-22 14:35:52.775  6826  6826 D Launcher.AppsContainerView: bindAppsUpdates() => add: 0, update: 0, remove: 1
05-22 14:35:52.775  6826  6826 D Launcher.AppsPagedView: removeItems => id: 1409, rank: 8, screenId: 1, cellX: 0, cellY: 2, container: -102, dirty: false, title: VulkanLayerValidationTests, isFolder: false, user: UserHandle{0}, disabled: false, screenType: 0
05-22 14:35:52.775  5771  7738 D LauncherAppsService: is Package Hidden: false
05-22 14:35:52.776  6826  6826 I MultiSelectorImpl: removeSelectedApp - id : 1409
05-22 14:35:52.778 14751 14925 D TcpOptimizer: TcpOptimizer-ON
05-22 14:35:52.780 19895 14971 D GOS:PackageDAO: getPkgData(), begin
05-22 14:35:52.781  5771  5862 I RoleUserState: Wrote roles.xml successfully
05-22 14:35:52.782  5771  7738 D ActivityManager: The following uid has registered to recieve broadcast for proxy related updates 10183
05-22 14:35:52.782  5771  7738 W ContextImpl: Calling a method in the system process without a qualified user: android.app.ContextImpl.sendBroadcast:1102 com.android.server.am.ActivityManagerService.requestKnoxVpnToSendProxyBroadcast:21307 com.android.server.am.ActivityManagerService.registerReceiver:16579 android.app.IActivityManager$Stub.onTransact:2217 com.android.server.am.ActivityManagerService.onTransact:3293 
05-22 14:35:52.783  5771  8262 D ConnectivityService: filterNetworkStateForUid() uid: 10183, pid: 14751
05-22 14:35:52.783  5771  8262 D ConnectivityService: filterNetworkStateForUid() uid: 10183, pid: 14751, networkInfo: [type: MOBILE[], state: DISCONNECTED/DISCONNECTED, reason: (unspecified), extra: (none), failover: false, available: true, roaming: false]
05-22 14:35:52.793 14943 14943 D SamsungAnalytics605012: [Validation] dma pkg:654901000
05-22 14:35:52.794 14943 14943 D SamsungAnalytics605012: cf feature is supported
05-22 14:35:52.796 19895 14971 D GOS:PkgData: PkgData(), pkgName: com.example.VulkanLayerValidationTests
05-22 14:35:52.796 19895 14971 D GOS:PkgData: setCustomFeatureFlag, pkgName: com.example.VulkanLayerValidationTests, old featureFlag: 1134695999864832, new featureFlag: 0
05-22 14:35:52.797 19895 14971 D GOS:PackageDAO: removePkg(), begin
05-22 14:35:52.797 19895 14971 D GOS:PackageDAO: removePkgList(), begin
05-22 14:35:52.801 14907 14907 D FirebaseApp: com.google.firebase.auth.FirebaseAuth is not linked. Skipping initialization.
05-22 14:35:52.802 14907 14907 D FirebaseApp: com.google.firebase.crash.FirebaseCrash is not linked. Skipping initialization.
05-22 14:35:52.802 14907 14907 I FirebaseInitProvider: FirebaseApp initialization successful
05-22 14:35:52.805  5771  7738 D ConnectivityService: filterNetworkStateForUid() uid: 10183, pid: 14751
05-22 14:35:52.805  5771  7738 D ConnectivityService: filterNetworkStateForUid() uid: 10183, pid: 14751, networkInfo: [type: WIFI[], state: CONNECTED/CONNECTED, reason: (unspecified), extra: (none), failover: false, available: true, roaming: false]
05-22 14:35:52.806  5771  7738 E WifiService: 10183 has no permission about LOCAL_MAC_ADDRESS
05-22 14:35:52.806  5771  7738 D ConnectivityService: filterNetworkStateForUid() uid: 10183, pid: 14751
05-22 14:35:52.806  5771  7738 D ConnectivityService: filterNetworkStateForUid() uid: 10183, pid: 14751, networkInfo: [type: WIFI[], state: CONNECTED/CONNECTED, reason: (unspecified), extra: (none), failover: false, available: true, roaming: false]
05-22 14:35:52.813  5259  5259 I Zygote  : Process 13575 exited due to signal 9 (Killed)
05-22 14:35:52.813  5429  5429 I CameraService: UidPolicy: No processes running for a uid=10196 disabled=0
05-22 14:35:52.813  5429  5429 I CameraService: UidPolicy: onUidIdle, uid = 10196
05-22 14:35:52.819  5771  5865 I libprocessgroup: Successfully killed process cgroup uid 10196 pid 13575 in 134ms
05-22 14:35:52.820  5771  8463 V WifiDisplayAdapter: getWifiDisplayStatusLocked: result=WifiDisplayStatus{featureState=2, scanState=0, activeDisplayState=0, activeDisplay=null, displays=[], sessionInfo=WifiDisplaySessionInfo:
05-22 14:35:52.820  5771  8463 V WifiDisplayAdapter:     Client/Owner: Client
05-22 14:35:52.820  5771  8463 V WifiDisplayAdapter:     GroupId: 
05-22 14:35:52.820  5771  8463 V WifiDisplayAdapter:     Passphrase: 
05-22 14:35:52.820  5771  8463 V WifiDisplayAdapter:     SessionId: 0
05-22 14:35:52.820  5771  8463 V WifiDisplayAdapter:     IP Address: , connectedState=-1}
05-22 14:35:52.822 19895 14971 D GOS:SystemEventReactor: onPackageRemoved(), PackageChanged: an app is removed, com.example.VulkanLayerValidationTests
05-22 14:35:52.823 19895 19895 D GOS:MainIntentService: onDestroy
05-22 14:35:52.823  5429  5429 D CameraService: getNumberOfCameras E
05-22 14:35:52.823  5429  5429 D CameraService: getNumberOfCameras X: ok
05-22 14:35:52.824  5429  5429 D CameraService: getNumberOfCameras E
05-22 14:35:52.824  5429  5429 D CameraService: getNumberOfCameras X: ok
05-22 14:35:52.824  5429  5429 D CameraService: getCameraInfo E: 0
05-22 14:35:52.824  5429  5429 D CameraService: getCameraInfo X
05-22 14:35:52.824  5429  5429 I CameraService: onUidStateChanged: uid=10186, procState=20
05-22 14:35:52.824  5429  5429 D CameraService: getNumberOfCameras E
05-22 14:35:52.824  5429  5429 D CameraService: getNumberOfCameras X: ok
05-22 14:35:52.824  5429  5429 D CameraService: getCameraInfo E: 1
05-22 14:35:52.824  5429  5429 D CameraService: getCameraInfo X
05-22 14:35:52.825 14751 14751 V MediaRouter: Selecting route: RouteInfo{ name=Phone, description=null, status=null, category=RouteCategory{ name=System types=ROUTE_TYPE_LIVE_AUDIO ROUTE_TYPE_LIVE_VIDEO  groupable=false }, supportedTypes=ROUTE_TYPE_LIVE_AUDIO ROUTE_TYPE_LIVE_VIDEO , presentationDisplay=null }
05-22 14:35:52.825  5771  7738 D PackageManager: setEnabledSetting : userId = 0 packageName = com.google.android.youtube cmp = androidx.work.impl.background.systemjob.SystemJobService newState = 1 callingPackage = 10183/com.google.android.youtube
05-22 14:35:52.825  5429  5429 D CameraService: getNumberOfCameras E
05-22 14:35:52.825  5429  5429 D CameraService: getNumberOfCameras X: ok
05-22 14:35:52.825  5429  5429 D CameraService: getCameraInfo E: 2
05-22 14:35:52.825  5429  5429 D CameraService: getCameraInfo X
05-22 14:35:52.825  5429  5429 D CameraService: getNumberOfCameras E
05-22 14:35:52.825  5429  5429 D CameraService: getNumberOfCameras X: ok
05-22 14:35:52.825  5771  8262 V WifiDisplayAdapter: getWifiDisplayStatusLocked: result=WifiDisplayStatus{featureState=2, scanState=0, activeDisplayState=0, activeDisplay=null, displays=[], sessionInfo=WifiDisplaySessionInfo:
05-22 14:35:52.825  5771  8262 V WifiDisplayAdapter:     Client/Owner: Client
05-22 14:35:52.825  5771  8262 V WifiDisplayAdapter:     GroupId: 
05-22 14:35:52.825  5771  8262 V WifiDisplayAdapter:     Passphrase: 
05-22 14:35:52.825  5771  8262 V WifiDisplayAdapter:     SessionId: 0
05-22 14:35:52.825  5771  8262 V WifiDisplayAdapter:     IP Address: , connectedState=-1}
05-22 14:35:52.826  5429  5429 D CameraService: getCameraInfo E: 3
05-22 14:35:52.826  5429  5429 D CameraService: getCameraInfo X
05-22 14:35:52.831 14907 14939 I Rubin   : [6156] AuthContentProvider.query(AuthContentProvider.java:90) : Query : URI - content://com.samsung.android.rubin.persona.preferredapps/app_by_recommendation, Calling Package - com.samsung.android.app.galaxyfinder
05-22 14:35:52.831  5771  5865 I libprocessgroup: Successfully killed process cgroup uid 10043 pid 13627 in 1ms
05-22 14:35:52.832 14907 14939 W Rubin   : [6156] AuthContentProvider.query(AuthContentProvider.java:95) : Rubin is disabled
05-22 14:35:52.836 14751 14820 I DynamiteModule: Considering local module com.google.android.gms.ads.dynamite:0 and remote module com.google.android.gms.ads.dynamite:21400
05-22 14:35:52.837 14907 14907 D SamsungAnalytics200001: [Validation] dma pkg:654901000
05-22 14:35:52.838 14751 14820 I DynamiteModule: Selected remote version of com.google.android.gms.ads.dynamite, version >= 21400
05-22 14:35:52.841  7741  8113 D DMASA   : [PROVIDER] sendCommon 426-399-535356
05-22 14:35:52.842 14943 14943 D SamsungAnalytics605012: send setting
05-22 14:35:52.843 14943 14943 D SamsungAnalytics605012: newThread on Executor
05-22 14:35:52.846 14943 14943 D SamsungAnalytics605012: [Tracker] Tracker start:6.05.013 , senderType : 3
05-22 14:35:52.847 14907 14907 D SamsungAnalytics200001: send setting
05-22 14:35:52.847 14907 14907 D SamsungAnalytics200001: newThread on Executor
05-22 14:35:52.849 14943 14943 D EdgeLightingReceiver: com.samsung.android.app.edgelighting.PACKAGE_REMOVED com.example.VulkanLayerValidationTests
05-22 14:35:52.851 14943 14943 I Utils   : isOwnerUser current = 0
05-22 14:35:52.852 14907 14907 D SamsungAnalytics200001: [Tracker] Tracker start:2.00.001DMA
05-22 14:35:52.853 14943 14943 D EdgeLightingSettingManager: removeSilentInstalledPackage : on, packageName = com.example.VulkanLayerValidationTests AllApplication = false
05-22 14:35:52.856 14907 14907 I Rubin   : [2] SamsungAdsUtils.getMasSetting(SamsungAdsUtils.java:51) : check Mas setting.
05-22 14:35:52.856 14907 14907 I Rubin   : [2] SamsungAdsUtils.isMasSettingSupported(SamsungAdsUtils.java:94) : Mas setting is not installed.
05-22 14:35:52.857 14907 14907 I Rubin   : [2] SamsungAdsUtils.getMasSetting(SamsungAdsUtils.java:55) : featureValue = false
05-22 14:35:52.859  5771  8262 D ConnectivityService: filterNetworkStateForUid() uid: 10183, pid: 14751
05-22 14:35:52.859  5771  8262 D ConnectivityService: filterNetworkStateForUid() uid: 10183, pid: 14751, networkInfo: [type: WIFI[], state: CONNECTED/CONNECTED, reason: (unspecified), extra: (none), failover: false, available: true, roaming: false]
05-22 14:35:52.861 14907 14907 I Rubin   : [2] SamsungAdsUtils.isMasSettingSupported(SamsungAdsUtils.java:94) : Mas setting is not installed.
05-22 14:35:52.862 14907 14907 D Rubin   : isEngBinary: false, isDebugMode: false, isRunestoneInformationInstalled: false
05-22 14:35:52.862 14907 14907 D Rubin   : IaLog is set to user release mode.
05-22 14:35:52.865  5771  8262 D ConnectivityService: filterNetworkStateForUid() uid: 10183, pid: 14751
05-22 14:35:52.865  5771  8262 D ConnectivityService: filterNetworkStateForUid() uid: 10183, pid: 14751, networkInfo: [type: WIFI[], state: CONNECTED/CONNECTED, reason: (unspecified), extra: (none), failover: false, available: true, roaming: false]
05-22 14:35:52.865  5771  8262 E WifiService: 10183 has no permission about LOCAL_MAC_ADDRESS
05-22 14:35:52.866  5771  8463 D ConnectivityService: filterNetworkStateForUid() uid: 10183, pid: 14751
05-22 14:35:52.866  5771  8463 D ConnectivityService: filterNetworkStateForUid() uid: 10183, pid: 14751, networkInfo: [type: WIFI[], state: CONNECTED/CONNECTED, reason: (unspecified), extra: (none), failover: false, available: true, roaming: false]
05-22 14:35:52.866  5771  8262 D ConnectivityService: filterNetworkStateForUid() uid: 10183, pid: 14751
05-22 14:35:52.866  5771  8262 D ConnectivityService: filterNetworkStateForUid() uid: 10183, pid: 14751, networkInfo: [type: WIFI[], state: CONNECTED/CONNECTED, reason: (unspecified), extra: (none), failover: false, available: true, roaming: false]
05-22 14:35:52.866  5771  7738 E WifiService: 10183 has no permission about LOCAL_MAC_ADDRESS
05-22 14:35:52.867  5771  8463 D ConnectivityService: filterNetworkStateForUid() uid: 10183, pid: 14751
05-22 14:35:52.867  5771  8463 D ConnectivityService: filterNetworkStateForUid() uid: 10183, pid: 14751, networkInfo: [type: WIFI[], state: CONNECTED/CONNECTED, reason: (unspecified), extra: (none), failover: false, available: true, roaming: false]
05-22 14:35:52.867 14943 15008 D SamsungAnalytics605012: [Setting Sender] No status log
05-22 14:35:52.868  5771  8262 I ApplicationPolicy: isApplicationExternalStorageWhitelisted:com.samsung.android.bbc.bbcagent user:0
05-22 14:35:52.868  5771  8262 D ApplicationPolicy: isApplicationExternalStorageWhitelisted: DO is not enabled on user 0. Allowed.
05-22 14:35:52.868  5771  8262 D ActivityManager: package  com.samsung.android.bbc.bbcagent, user - 0 is SDcard whitelisted
05-22 14:35:52.868  5771  8262 I ApplicationPolicy: isApplicationExternalStorageBlacklisted:com.samsung.android.bbc.bbcagent user:0
05-22 14:35:52.868  5771  8262 D ApplicationPolicy: isApplicationExternalStorageBlacklisted: DO is not enabled on user 0. Allowed.
05-22 14:35:52.868  5771  8262 I ApplicationPolicy: isApplicationExternalStorageBlacklisted:com.samsung.android.bbc.bbcagent user:0
05-22 14:35:52.868  5771  8262 D ApplicationPolicy: isApplicationExternalStorageBlacklisted: DO is not enabled on user 0. Allowed.
05-22 14:35:52.870  5771  8262 I ActivityManager: Killing 13766:com.samsung.android.app.routines/u0a11 (adj 995): empty #31
05-22 14:35:52.883  5259  5259 D Zygote  : Forked child process 15017
05-22 14:35:52.886 15017 15017 E Zygote  : isWhitelistProcess - Process is Whitelisted
05-22 14:35:52.886  5771  8463 D ConnectivityService: filterNetworkStateForUid() uid: 10183, pid: 14751
05-22 14:35:52.886 15017 15017 E Zygote  : accessInfo : 1
05-22 14:35:52.886  5771  8463 D ConnectivityService: filterNetworkStateForUid() uid: 10183, pid: 14751, networkInfo: [type: WIFI[], state: CONNECTED/CONNECTED, reason: (unspecified), extra: (none), failover: false, available: true, roaming: false]
05-22 14:35:52.889  5771  5864 I ActivityManager: Start proc 15017:com.samsung.android.bbc.bbcagent/1000 for broadcast {com.samsung.android.bbc.bbcagent/com.samsung.android.bbc.bbcagent.bbccontroller.receiver.PackageEventReceiver}
05-22 14:35:52.891 15017 15017 E id.bbc.bbcagen: Not starting debugger since process cannot load the jdwp agent.
05-22 14:35:52.897 14751 14751 V MediaRouter: Selecting route: RouteInfo{ name=Phone, description=null, status=null, category=RouteCategory{ name=System types=ROUTE_TYPE_LIVE_AUDIO ROUTE_TYPE_LIVE_VIDEO  groupable=false }, supportedTypes=ROUTE_TYPE_LIVE_AUDIO ROUTE_TYPE_LIVE_VIDEO , presentationDisplay=null }
05-22 14:35:52.897 15017 15017 D ActivityThread: setConscryptValidator
05-22 14:35:52.897 15017 15017 D ActivityThread: setConscryptValidator - put
05-22 14:35:52.899  5771  7677 I ActivityManager: DSS OFF for com.samsung.android.bbc.bbcagent
05-22 14:35:52.913 15017 15017 I id.bbc.bbcagen: The ClassLoaderContext is a special shared library.
05-22 14:35:52.921  5771  8463 D ConnectivityService: filterNetworkStateForUid() uid: 10043, pid: 6556
05-22 14:35:52.921  5771  8463 D ConnectivityService: filterNetworkStateForUid() uid: 10043, pid: 6556, networkInfo: [type: WIFI[], state: CONNECTED/CONNECTED, reason: (unspecified), extra: (none), failover: false, available: true, roaming: false]
05-22 14:35:52.928  5259  5259 I Zygote  : Process 13766 exited due to signal 9 (Killed)
05-22 14:35:52.929  5771  7677 D ConnectivityService: filterNetworkStateForUid() uid: 10183, pid: 14751
05-22 14:35:52.929  5771  7677 D ConnectivityService: filterNetworkStateForUid() uid: 10183, pid: 14751, networkInfo: [type: WIFI[], state: CONNECTED/CONNECTED, reason: (unspecified), extra: (none), failover: false, available: true, roaming: false]
05-22 14:35:52.930  5771  7677 D ConnectivityService: filterNetworkStateForUid() uid: 10183, pid: 14751
05-22 14:35:52.930  5771  7677 D ConnectivityService: filterNetworkStateForUid() uid: 10183, pid: 14751, networkInfo: [type: WIFI[], state: CONNECTED/CONNECTED, reason: (unspecified), extra: (none), failover: false, available: true, roaming: false]
05-22 14:35:52.930  5771  7677 E WifiService: 10183 has no permission about LOCAL_MAC_ADDRESS
05-22 14:35:52.930  5771  7677 D ConnectivityService: filterNetworkStateForUid() uid: 10183, pid: 14751
05-22 14:35:52.930  5771  7677 D ConnectivityService: filterNetworkStateForUid() uid: 10183, pid: 14751, networkInfo: [type: WIFI[], state: CONNECTED/CONNECTED, reason: (unspecified), extra: (none), failover: false, available: true, roaming: false]
05-22 14:35:52.932  5771  5865 I libprocessgroup: Successfully killed process cgroup uid 10011 pid 13766 in 56ms
05-22 14:35:52.936 15017 15017 W ContextImpl: Calling a method in the system process without a qualified user: android.app.ContextImpl.startService:1631 android.content.ContextWrapper.startService:683 android.content.ContextWrapper.startService:683 com.samsung.android.bbc.bbcagent.bbccontroller.receiver.PackageEventReceiver.sendIntentToDDC:208 com.samsung.android.bbc.bbcagent.bbccontroller.receiver.PackageEventReceiver.onReceive:60 
05-22 14:35:52.955  5771  7677 I ApplicationPolicy: isApplicationExternalStorageWhitelisted:com.android.chrome user:0
05-22 14:35:52.955  5771  7677 D ApplicationPolicy: isApplicationExternalStorageWhitelisted: DO is not enabled on user 0. Allowed.
05-22 14:35:52.955  5771  7677 D ActivityManager: package  com.android.chrome, user - 0 is SDcard whitelisted
05-22 14:35:52.955  5771  7677 I ApplicationPolicy: isApplicationExternalStorageBlacklisted:com.android.chrome user:0
05-22 14:35:52.955  5771  7677 D ApplicationPolicy: isApplicationExternalStorageBlacklisted: DO is not enabled on user 0. Allowed.
05-22 14:35:52.955  5771  7677 I ApplicationPolicy: isApplicationExternalStorageBlacklisted:com.android.chrome user:0
05-22 14:35:52.955  5771  7677 D ApplicationPolicy: isApplicationExternalStorageBlacklisted: DO is not enabled on user 0. Allowed.
05-22 14:35:52.956  5429  5429 I CameraService: UidPolicy: onUidIdle, uid = 10181
05-22 14:35:52.956  5429  5429 I CameraService: onUidStateChanged: uid=10181, procState=20
05-22 14:35:52.962  5260  5260 D Zygote  : Forked child process 15044
05-22 14:35:52.965 15044 15044 E Zygote  : isWhitelistProcess - Process is Whitelisted
05-22 14:35:52.965  5771  5864 I ActivityManager: Start proc 15044:com.android.chrome/u0a181 for broadcast {com.android.chrome/org.chromium.chrome.browser.browserservices.ClientAppBroadcastReceiver}
05-22 14:35:52.966 15044 15044 E Zygote  : accessInfo : 1
05-22 14:35:52.970 14907 14907 I Rubin   : [2] AppUpgradeAgent.processAppUpgrade(AppUpgradeAgent.java:26) : current version = 1 upgrade version = 1
05-22 14:35:52.974 15044 15044 E .android.chrom: Not starting debugger since process cannot load the jdwp agent.
05-22 14:35:52.974  5771  7636 I ActivityManager: Killing 13716:com.samsung.android.lool/1000 (adj 995): empty #31
05-22 14:35:52.978 15044 15044 D ActivityThread: setConscryptValidator
05-22 14:35:52.978 15044 15044 D ActivityThread: setConscryptValidator - put
05-22 14:35:52.980  5771  7636 I ActivityManager: DSS OFF for com.android.chrome
05-22 14:35:52.982  5429 14643 I CameraService: onUidStateChanged: uid=10181, procState=12
05-22 14:35:53.000  5771  5771 D SEP_UNION_SemDeviceInfoManagerService: onReceive : com.samsung.android.rubin.STATE_CHANGED, userId = -1 
05-22 14:35:53.000  5771  5771 E SEP_UNION_SemDeviceInfoManagerService: Invalid user id: userId = -1 
05-22 14:35:53.000  6826  6826 D RubinStatusDataBroker: onReceive : updateRubinStatus
05-22 14:35:53.002  5771  5771 D SEP_UNION_SemDeviceInfoManagerService: sendIntentAction() action = com.samsung.android.rubin.STATE_CHANGED, tag =  
05-22 14:35:53.003  5429 14643 I CameraService: onUidStateChanged: uid=10036, procState=11
05-22 14:35:53.003  5429 14643 I CameraService: onUidStateChanged: uid=5010, procState=11
05-22 14:35:53.005 14907 14932 I Rubin   : [6154] AuthContentProvider.query(AuthContentProvider.java:90) : Query : URI - content://com.samsung.android.rubin.persona.preferredapps/app_by_recommendation, Calling Package - com.samsung.android.app.galaxyfinder
05-22 14:35:53.006 14907 14932 W Rubin   : [6154] AuthContentProvider.query(AuthContentProvider.java:95) : Rubin is disabled
05-22 14:35:53.008  5429  5429 I CameraService: onUidStateChanged: uid=10036, procState=20
05-22 14:35:53.008  5429  5429 I CameraService: UidPolicy: onUidActive, uid = 5010
05-22 14:35:53.008  5429  5429 I CameraService: onUidStateChanged: uid=5010, procState=4
05-22 14:35:53.011 14907 14933 I AccessController: isEnabledPackage - com.sec.android.app.launcher is enalbed false
05-22 14:35:53.011 14907 14939 I AccessController: isEnabledPackage - com.samsung.android.app.spage is enalbed false
05-22 14:35:53.013  6826  8244 D RubinStatusDataBroker: updateRubinStatus()
05-22 14:35:53.013  6826  8244 D RubinStatusDataBroker: mCurrentRubinState=ACCOUNT_NOT_SIGNED_IN
05-22 14:35:53.013  6826  8244 D RubinStatusDataBroker: mIsIcsAcceptedInSamsungAccount=false
05-22 14:35:53.013  6826  8244 D RubinStatusDataBroker: mIsIcsEnabledOnDevice=false
05-22 14:35:53.013  6826  8244 D RubinStatusDataBroker: mIsEnabledInSupportedApps=false
05-22 14:35:53.013  6826  8244 D RubinStatusDataBroker: notifyRubinChanged is finished
05-22 14:35:53.013 14907 15001 I FA      : App measurement is starting up, version: 13001
05-22 14:35:53.013 14907 15001 I FA      : To enable debug logging run: adb shell setprop log.tag.FA VERBOSE
05-22 14:35:53.013 14907 15001 I FA      : To enable faster debug mode event logging run:
05-22 14:35:53.013 14907 15001 I FA      :   adb shell setprop debug.firebase.analytics.app com.samsung.android.rubin.app
05-22 14:35:53.014  5258  5653 I netd    : firewallSetUidRule(2, 10183, 2) <0.02ms>
05-22 14:35:53.015  5771  8262 D JobServiceContext: sendStopMessageLocked stop reason: cancel() called by app, callingUid=10183 uid=10183 jobId=3885
05-22 14:35:53.015  5771  6208 D ConnectivityService: Blocked status changed to true for 10183(338) on netId 602
05-22 14:35:53.015  5771  6208 D ConnectivityService: sending notification CALLBACK_BLK_CHANGED for NetworkRequest [ TRACK_DEFAULT id=338, [ Capabilities: INTERNET&NOT_RESTRICTED&TRUSTED Uid: 10183] ]
05-22 14:35:53.015  5771  6208 D ConnectivityService: Blocked status changed to true for 10183(339) on netId 602
05-22 14:35:53.015  5771  6208 D ConnectivityService: sending notification CALLBACK_BLK_CHANGED for NetworkRequest [ LISTEN id=339, [ Capabilities: INTERNET&NOT_RESTRICTED&TRUSTED&FOREGROUND Uid: 10183] ]
05-22 14:35:53.017  5429  6637 I CameraService: onUidStateChanged: uid=10183, procState=11
05-22 14:35:53.019  5429  6637 I CameraService: onUidStateChanged: uid=10183, procState=20
05-22 14:35:53.023  5771  8262 D PackageManager: setEnabledSetting : userId = 0 packageName = com.google.android.youtube cmp = androidx.work.impl.background.systemalarm.RescheduleReceiver newState = 1 callingPackage = 10183/com.google.android.youtube
05-22 14:35:53.029  5429  6637 I CameraService: onUidStateChanged: uid=10043, procState=5
05-22 14:35:53.029  5771  5897 D LocationManagerService: GnssStatusListener from uid 10043 is now foreground
05-22 14:35:53.029  5771  5897 D LocationManagerService: GnssStatusListener from uid 10043 is now foreground
05-22 14:35:53.030  5259  5259 I Zygote  : Process 13716 exited due to signal 9 (Killed)
05-22 14:35:53.030  5771  5865 I libprocessgroup: Successfully killed process cgroup uid 1000 pid 13716 in 55ms
05-22 14:35:53.052 15044 15044 I .android.chrom: Failed to add image file Rejecting application image due to class loader mismatch: 'Mismatch in dex files'
