<
>Edgarruiz8585


--------- beginning of system
05-22 14:35:51.144  5771  5807 I ActivityManager: Force stopping com.example.VulkanLayerValidationTests appid=11738 user=0: from pid 14558
05-22 14:35:51.148  5771  5771 D SamsungAlarmManager: Remove alarm for next reason : android.intent.action.PACKAGE_RESTARTED : package: com.example.VulkanLayerValidationTests
05-22 14:35:51.154  5771  5863 W BroadcastQueue: Background execution not allowed: receiving Intent { act=android.intent.action.PACKAGE_RESTARTED dat=package:com.example.VulkanLayerValidationTests flg=0x10 (has extras) } to android/com.kddi.android.CpaNotiReceiver
--------- beginning of main
05-22 14:35:51.156  6640  6640 D RegisteredServicesCache: invalidateCache
05-22 14:35:51.157  6366  6366 E PhoneInterfaceManager: [PhoneIntfMgr] getCarrierPackageNamesForIntent: No UICC
05-22 14:35:51.157  6366  6366 D CarrierSvcBindHelper: No carrier app for: 0
05-22 14:35:51.158  6366  6366 E PhoneInterfaceManager: [PhoneIntfMgr] getCarrierPackageNamesForIntent: No UICC
05-22 14:35:51.158  6366  6366 D CarrierSvcBindHelper: No carrier app for: 1
05-22 14:35:51.165  6640  6640 D RegisteredOtherServicesCache: invalidate
05-22 14:35:51.166  6640  6640 D NonAidRoutingManager: selected se: SIM1
05-22 14:35:51.170  6640  6640 I RegisteredAidCache: aidInfo: 0
05-22 14:35:51.171  6640  6640 I chatty  : uid=1027(nfc) com.android.nfc identical 18 lines
05-22 14:35:51.171  6640  6640 I RegisteredAidCache: aidInfo: 0
05-22 14:35:51.171  6640  6640 D AidRoutingManager: support iso7816 protocol route
05-22 14:35:51.171  6640  6640 D AidRoutingManager: getRouteForNfcExecutionEnvironment : SIM1
05-22 14:35:51.171  6640  6640 D AidRoutingManager: defaultRoute(this) : 0x3, defaultRoute(Cache) : 0x3
05-22 14:35:51.171  6640  6640 D AidRoutingManager: [seList] - add default route : 0x3
05-22 14:35:51.171  6640  6640 D AidRoutingManager: [seList] - add route : 0x0
05-22 14:35:51.171  6640  6640 D AidRoutingManager: entry is not changed
05-22 14:35:51.173  6640  6640 D RegisteredNfcFServicesCache: Service unchanged, not updating
05-22 14:35:51.174  6640  6640 D NfcService: MSG_COMMIT_ROUTING
05-22 14:35:51.174  5280  5280 E SecHAL  : nfc_hal_write: [Cmd]Send EVT data_sending_flag = true, return size=4!!
05-22 14:35:51.199  5280  8346 E SecHAL  : nfc_data_callback: [Cmd]Received a response packet : data_sending_flag = false!!
05-22 14:35:51.200  6640  8286 E libnfc_nci: [ERROR:nfc_ncif.cc(1213)] nfc_ncif_proc_deactivate - evt_data.deactivate.reason 226, nfc_cb.deact_reason = 0
05-22 14:35:51.201  5280  5280 E SecHAL  : nfc_hal_write: [Cmd]Send EVT data_sending_flag = true, return size=1c!!
05-22 14:35:51.209  5280  8346 E SecHAL  : nfc_data_callback: [Cmd]Received a response packet : data_sending_flag = false!!
05-22 14:35:51.216  5771  7642 D PersonaServiceHelper: isCallerApprovedToUnnstall: uid, userId, appid : 2000 0 2000
05-22 14:35:51.216  5771  7642 I PersonaServiceHelper: isCallerApprovedToInstall(uid:2000 userHandle:0)
05-22 14:35:51.216  5771  7642 I PersonaServiceHelper: DO is not enabled. no Knox app install enforcement
05-22 14:35:51.216  5771  7642 D PersonaServiceHelper: isCallerApprovedToUnnstall: isApproved : true
05-22 14:35:51.216  5771  7642 D PersonaServiceHelper: isCallerApprovedToUnnstall: isApproved before exit: true
05-22 14:35:51.216  5771  7642 D PersonaServiceHelper:  listOfPersonas :[UserInfo{0:Owner:13}]
05-22 14:35:51.216  5771  7642 D PersonaServiceHelper:  Final result of the pkg from all personas:false
05-22 14:35:51.216  5771  7642 D PackageManager: START DELETE PACKAGE: observer{96027253}
05-22 14:35:51.216  5771  7642 D PackageManager: pkg{com.example.VulkanLayerValidationTests}
05-22 14:35:51.216  5771  7642 D PackageManager: user{0}
05-22 14:35:51.216  5771  7642 D PackageManager: caller{2000}
05-22 14:35:51.216  5771  7642 D PackageManager: flags{2}
05-22 14:35:51.217  5771  5960 D ApplicationPolicy: getApplicationUninstallationEnabled
05-22 14:35:51.217  5771  5960 D ApplicationPolicy: getApplicationUninstallationEnabled :  enabled true
05-22 14:35:51.219  5771  5863 I ActivityManager: Force stopping com.example.VulkanLayerValidationTests appid=11738 user=-1: deletePackageX
05-22 14:35:51.227  5771  5960 D PackageManager.SDP: Start removing package directory
05-22 14:35:51.466  5440  5440 I keystore: clear_uid 11738
05-22 14:35:51.468  5440  5440 W keystore: could not parse key filename "C54137A9B1_CACERT_Samsung_default"
05-22 14:35:51.468  5440  5440 W keystore: could not parse key filename "C54137A9B1_USRPKEY_Samsung_default"
05-22 14:35:51.468  5440  5440 W keystore: could not parse key filename "C54137A9B1_USRCERT_Samsung_default"
05-22 14:35:51.468  5440  5440 D keymaster_tee: [DBG] (knox_secure_db.cpp:1173) command(48) : L1692
05-22 14:35:51.468  5440  5440 D keymaster_tee: [DBG] (knox_secure_db.cpp:1189) SELECT (CREATOR,ALIAS) WHERE CREATOR_UID=11738
05-22 14:35:51.470  5771  5960 E PermissionMonitor: unknown permission type: -1for uid: 11738
05-22 14:35:51.471  5258  5653 I netd    : trafficSetNetPermForUids(-1, [11738]) <0.06ms>
05-22 14:35:51.725  5771  5960 I system_server: Explicit concurrent copying GC freed 467568(17MB) AllocSpace objects, 38(1296KB) LOS objects, 35% free, 44MB/68MB, paused 463us total 252.590ms
05-22 14:35:51.727  5771  5960 D AASA_PackageManager_RESTRICTED: Uninstall : userId = 0, info.removedAppID = 11738, info.uid = 11738, packageName = com.example.VulkanLayerValidationTests
05-22 14:35:51.727  5771  5960 D PackageManager: result of delete: 1{96027253}
05-22 14:35:51.727  5771  5960 I ActivityManager: Force stopping com.example.VulkanLayerValidationTests appid=11738 user=0: pkg removed
05-22 14:35:51.729  5771  5960 E HistoricalRegistry: Interaction before persistence initialized
05-22 14:35:51.760  5771  7508 E TaskPersister: File error accessing recents directory (directory doesn't exist?).
05-22 14:35:51.781  5771  6226 I RoleManagerService: Granting default roles...
05-22 14:35:51.785  5771  7642 I PersonaServiceHelper: isCallerApprovedToInstall(uid:2000 userHandle:0)
05-22 14:35:51.785  5771  7642 I PersonaServiceHelper: DO is not enabled. no Knox app install enforcement
05-22 14:35:51.785  5771  7642 I PackageInstaller:  getting through the check android.content.pm.PackageInstaller$SessionParams@3f35384 user id 0
05-22 14:35:51.785  5771  7642 I PackageInstaller: UserManager.DISALLOW_NON_MARKET_APP_BY_KNOX : false
05-22 14:35:51.788  5771  6235 D UcmService: onReceive android.intent.action.PACKAGE_REMOVED
05-22 14:35:51.788  5771  6235 D UcmService: Package update in userId-0 and uid-11738
05-22 14:35:51.789  5771  6196 V NetworkPolicy: ACTION_PACKAGE_REMOVED for uid=11738
05-22 14:35:51.790  6390  6390 D KeyguardUpdateMonitor: received broadcast android.intent.action.PACKAGE_REMOVED
05-22 14:35:51.790  6390  6390 D FaceWidgetMetadataParser: removePackage() key = com.example.VulkanLayerValidationTests
05-22 14:35:51.790  6390  6390 D FaceWidgetMusicController_LOCK: onPackageRemoved() pkg = com.example.VulkanLayerValidationTests, r = false
05-22 14:35:51.796  6543  6589 D EventHandler_FLP: PACKAGE_REMOVED
05-22 14:35:51.796  6543  6589 D PackageInfoManager_FLP: action : ACTION_PACKAGE_REMOVED, packageName = com.example.VulkanLayerValidationTests
05-22 14:35:51.796  6543  6589 V PermissionManager_FLP: handled onPackageRemoved for com.example.VulkanLayerValidationTests
05-22 14:35:51.796  6640  6640 D RegisteredServicesCache: No nfc related pkg
05-22 14:35:51.796  6640  6640 D RegisteredServicesCache: invalidateCache
05-22 14:35:51.797  5771  5897 D LocationProviderProxy-network: bindBestPackage for com.android.location.service.v3.NetworkLocationProvider :  found 1, new best component: ComponentInfo{com.google.android.gms/com.google.android.location.network.NetworkLocationService}
05-22 14:35:51.797  6390  6390 D SPluginManagerImpl: onReceive: android.intent.action.PACKAGE_REMOVED, size:{com.android.systemui.recents.OverviewProxyService$5@b77e6f=SPluginInstanceManager@128512831 (action=com.samsung.systemui.action.PLUGIN_EX_RECENTS), com.android.systemui.statusbar.phone.NotificationPanelView{1cf34e0 I.E...... ......ID 0,0-1080,112 #7f0a043e app:id/notification_panel}=SPluginInstanceManager@247919628 (action=com.samsung.systemui.action.PLUGIN_LOCK), com.android.systemui.slimindicator.SlimIndicatorPluginMediator@6e455ae=SPluginInstanceManager@106545493 (action=com.samsung.systemui.action.SPLUGIN_SLIMINDICATOR), com.android.systemui.qscoloring.SecQSColoringPluginMediator@729e6dc=SPluginInstanceManager@165504874 (action=com.samsung.systemui.coloring.PLUGIN_QSCOLORING), com.android.systemui.statusbar.phone.NavBarInteractorManager$1@72e4c89=SPluginInstanceManager@247694427 (action=com.samsung.systemui.navigationbar.PLUGIN), com.android.systemui.noticenter.NotiCenterPlugin$NotiCenterPluginListener@73a17c4=SPluginInstanceManager@83182840 (action=com.samsung.systemui.action.PLUGIN_NOTICENTER), com.samsung.android.systemui.multistar.MultiStarManager$1@bc8e7fa=SPluginInstanceManager@121773521 (action=com.samsung.systemui.action.PLUGIN_MULTISTAR), com.android.systemui.volume.VolumeStarInteractor$1@d817b79=SPluginInstanceManager@216174646 (action=com.samsung.systemui.volume.PLUGIN), com.android.systemui.BixbyInteractor$1@db9c78a=SPluginInstanceManager@69995319 (action=com.samsung.systemui.bixby2.PLUGIN)}
05-22 14:35:51.798  5771  5897 D LocationProviderProxy-fused: bindBestPackage for com.android.location.service.FusedLocationProvider :  found 2, new best component: ComponentInfo{com.google.android.gms/com.google.android.location.fused.FusedLocationService}
05-22 14:35:51.799  5771  5897 D GeocoderProxy: bindBestPackage for com.android.location.service.GeocodeProvider :  found 1, new best component: ComponentInfo{com.google.android.gms/com.google.android.location.geocode.GeocodeService}
05-22 14:35:51.799  5771  5897 D GeofenceProxy: bindBestPackage for com.android.location.service.GeofenceProvider :  found 1, new best component: ComponentInfo{com.google.android.gms/com.google.android.location.geofencer.service.GeofenceProviderService}
05-22 14:35:51.800  5771  5897 D ActivityRecognitionProxy: bindBestPackage for com.android.location.service.ActivityRecognitionProvider :  found 1, new best component: ComponentInfo{com.google.android.gms/com.google.android.location.internal.server.HardwareArProviderService}
05-22 14:35:51.806  5771  5862 W system_server: resources.arsc in APK '/data/app/com.facebook.katana-FshckzAn6gzqjzTXkz-UQQ==/base.apk' is compressed.
05-22 14:35:51.806  6390  6390 D ShortcutManager: onReceive : Intent.EXTRA_REPLACING false,com.example.VulkanLayerValidationTests
05-22 14:35:51.807  6640  6640 D RegisteredOtherServicesCache: invalidate
05-22 14:35:51.808  6640  6640 D NonAidRoutingManager: selected se: SIM1
05-22 14:35:51.811 10647 10681 I SystemBroadcastReceiver: [#CMH#] Received broadcast 
05-22 14:35:51.811 10647 10681 I ControllerEventHandler: [#CMH#] onPackageRemoved  null
05-22 14:35:51.811 10647 10681 I SystemBroadcastReceiver: [#CMH#] onReceive completed 
05-22 14:35:51.811  7563  7563 I GsaVoiceInteractionSrv: O received Intent { act=android.intent.action.PACKAGE_REMOVED dat=package:com.example.VulkanLayerValidationTests flg=0x4000010 (has extras) }
05-22 14:35:51.813  6640  6640 I RegisteredAidCache: aidInfo: 0
05-22 14:35:51.815  6640  6640 I chatty  : uid=1027(nfc) com.android.nfc identical 5 lines
05-22 14:35:51.815  6640  6640 I RegisteredAidCache: aidInfo: 0
05-22 14:35:51.815 11859 11859 D BeaconManager[10.0.22.0]: BeaconService.PackageReceiver - action:android.intent.action.PACKAGE_REMOVED, package:com.example.VulkanLayerValidationTests
05-22 14:35:51.815  6640  6640 I RegisteredAidCache: aidInfo: 0
05-22 14:35:51.815  5771  5863 W BroadcastQueue: Background execution not allowed: receiving Intent { act=android.intent.action.PACKAGE_REMOVED dat=package:com.example.VulkanLayerValidationTests flg=0x4000010 (has extras) } to android/com.kddi.android.CpaNotiReceiver
05-22 14:35:51.816  6640  6640 I chatty  : uid=1027(nfc) com.android.nfc identical 3 lines
05-22 14:35:51.816  5771  5863 W BroadcastQueue: Background execution not allowed: receiving Intent { act=android.intent.action.PACKAGE_REMOVED dat=package:com.example.VulkanLayerValidationTests flg=0x4000010 (has extras) } to com.android.vending/com.google.android.finsky.packagemanager.impl.PackageMonitorReceiverImpl$RegisteredReceiver
05-22 14:35:51.816  6640  6640 I RegisteredAidCache: aidInfo: 0
05-22 14:35:51.816  6640  6640 I RegisteredAidCache: aidInfo: 0
05-22 14:35:51.818  5771  5771 D PowerManagerService: [api] setDeviceIdleTempWhitelist: appids: [0]1000  (uid: 1000 pid: 5771)
05-22 14:35:51.819  2760  2760 I Finsky  : [2] she.a(19): PackageMonitor - Received: android.intent.action.PACKAGE_REMOVED, [1k9SlRUJqPRJXQkXoPpgDzCa9NC3_QkKJlkYpphnaG0]
05-22 14:35:51.820  5771  5771 I ApplicationPolicy: isApplicationExternalStorageWhitelisted:com.android.keychain user:0
05-22 14:35:51.820  5771  5771 D ApplicationPolicy: isApplicationExternalStorageWhitelisted: DO is not enabled on user 0. Allowed.
05-22 14:35:51.820  5771  5771 D ActivityManager: package  com.android.keychain, user - 0 is SDcard whitelisted
05-22 14:35:51.820  5771  5771 I ApplicationPolicy: isApplicationExternalStorageBlacklisted:com.android.keychain user:0
05-22 14:35:51.820  5771  5771 D ApplicationPolicy: isApplicationExternalStorageBlacklisted: DO is not enabled on user 0. Allowed.
05-22 14:35:51.820  5771  5771 I ApplicationPolicy: isApplicationExternalStorageBlacklisted:com.android.keychain user:0
05-22 14:35:51.820  5771  5771 D ApplicationPolicy: isApplicationExternalStorageBlacklisted: DO is not enabled on user 0. Allowed.
05-22 14:35:51.821  5771  5771 E SDAgentPackageStateReceiver: Not going to handle 'com.example.VulkanLayerValidationTests'!
05-22 14:35:51.821 14255 14255 I SEMS:RegistrationLog_1.0: [[ActivateLog]][2][ActivateReceiver] local broadcast received. action : android.intent.action.PACKAGE_REMOVED
05-22 14:35:51.821 14255 14255 I SEMS:RegistrationLog_1.0: [[ActivateLog]][2][ActivateReceiver] handlePackageRemoved
05-22 14:35:51.821  6640  6640 I RegisteredAidCache: aidInfo: 0
05-22 14:35:51.821 14255 14255 I SEMS:RegistrationLog_1.0: [[ActivateLog]][2][ActivateReceiver] onReceive called  PACKAGE_REMOVED com.example.VulkanLayerValidationTests
05-22 14:35:51.823  5771  5771 D SamsungAlarmManager: Remove alarm for next reason : android.intent.action.PACKAGE_REMOVED : package: com.example.VulkanLayerValidationTests
05-22 14:35:51.824 14255 14255 I SEMS:RegistrationLog_1.0: [[ActivateLog]][2][ActivateDBHandler] refreshCachedMap
05-22 14:35:51.825  6640  6640 I chatty  : uid=1027(nfc) com.android.nfc expire 5 lines
05-22 14:35:51.825  6640  6640 I RegisteredAidCache: aidInfo: 0
05-22 14:35:51.825  6640  6640 D AidRoutingManager: support iso7816 protocol route
05-22 14:35:51.825  6640  6640 D AidRoutingManager: getRouteForNfcExecutionEnvironment : SIM1
05-22 14:35:51.825  6640  6640 D AidRoutingManager: defaultRoute(this) : 0x3, defaultRoute(Cache) : 0x3
05-22 14:35:51.825  6640  6640 D AidRoutingManager: [seList] - add default route : 0x3
05-22 14:35:51.825  6640  6640 D AidRoutingManager: [seList] - add route : 0x0
05-22 14:35:51.825  6640  6640 D AidRoutingManager: entry is not changed
05-22 14:35:51.829  2760  2760 I Finsky  : [2] sih.d(9): Invalidating cached PackageState for com.example.VulkanLayerValidationTests
05-22 14:35:51.831  6640  6640 D RegisteredNfcFServicesCache: Service unchanged, not updating
05-22 14:35:51.834  5771  6625 D SecContentProvider: query(), uri = 30 selection = isLocalContactStorageAllowed
05-22 14:35:51.835  5771  6625 D SecContentProvider: called from com.samsung.android.uid.dialer:10076
05-22 14:35:51.835  5771  6625 D RestrictionPolicy: isLocalContactStorageAllowed
05-22 14:35:51.835  5771  6625 D RestrictionPolicy: isLocalContactStorageAllowed(0) : true
05-22 14:35:51.837  5771  5960 I ActivityManager: Force stopping com.example.VulkanLayerValidationTests appid=11738 user=0: pkg removed
05-22 14:35:51.838  5771  7636 D CustomFrequencyManagerService: FrequencyrequestList.getNextSchedTuneBoostRequest, index: 0
05-22 14:35:51.839  5771 14578 D KnoxMUMContainerPolicy: mPackageReceiver : action - android.intent.action.PACKAGE_REMOVED
05-22 14:35:51.839  5259  5259 D Zygote  : Forked child process 14583
05-22 14:35:51.842 14583 14583 E Zygote  : isWhitelistProcess - Process is Whitelisted
05-22 14:35:51.843 14583 14583 E Zygote  : accessInfo : 1
05-22 14:35:51.849  5771  5771 I HarmonyEASService: onReceive : android.intent.action.PACKAGE_REMOVED for 0
05-22 14:35:51.850  5771  5771 D EnterpriseLicenseService: package removed. userId = 0
05-22 14:35:51.850  6640  6640 D RegisteredComponentCache: Collect Tech packages for Knox
05-22 14:35:51.852  5771  5863 W BroadcastQueue: Background execution not allowed: receiving Intent { act=android.intent.action.PACKAGE_REMOVED dat=package:com.example.VulkanLayerValidationTests flg=0x4000010 (has extras) } to com.android.vending/com.google.android.finsky.instantapps.appmanagement.InstantAppRemoveMonitor
05-22 14:35:51.852  5429  6637 I CameraService: onUidStateChanged: uid=1000, procState=0
05-22 14:35:51.853  2760  2760 I Finsky  : [2] adyl.a(9): Do not start WearSupportService due to Wear service optimization
05-22 14:35:51.854  6640  6640 D NfcService: MSG_COMMIT_ROUTING
05-22 14:35:51.854  5280  5280 E SecHAL  : nfc_hal_write: [Cmd]Send EVT data_sending_flag = true, return size=4!!
05-22 14:35:51.856 14583 14583 E ndroid.keychai: Not starting debugger since process cannot load the jdwp agent.
05-22 14:35:51.857  5280  8346 E SecHAL  : nfc_data_callback: [Cmd]Received a response packet : data_sending_flag = false!!
05-22 14:35:51.858  5771  5771 D ApplicationPolicy: packageRemovedForExternalStorage com.example.VulkanLayerValidationTestsuserId - 0
05-22 14:35:51.858  5771  5771 D ApplicationPolicy: packageRemovedForExternalStorage userId - 0
05-22 14:35:51.859  6640  8286 E libnfc_nci: [ERROR:nfc_ncif.cc(1213)] nfc_ncif_proc_deactivate - evt_data.deactivate.reason 226, nfc_cb.deact_reason = 0
05-22 14:35:51.860  5280  5280 E SecHAL  : nfc_hal_write: [Cmd]Send EVT data_sending_flag = true, return size=1c!!
05-22 14:35:51.860  5771  5771 D ApplicationPolicy: packageRemovedForExternalStorage : adminUid - 1000
05-22 14:35:51.860  5771  5771 D ApplicationPolicy: checkExternalStoragePkg - uid - 1000, key - PackageNameExternalStorageWhiteList, packageName- com.example.VulkanLayerValidationTests
05-22 14:35:51.860  5771  5771 D ApplicationPolicy: checkExternalStoragePkg : Not match found
05-22 14:35:51.860  5771  5771 D ApplicationPolicy: packageRemovedForExternalStorage : Match not found
05-22 14:35:51.860  5771  5771 D ApplicationPolicy: checkExternalStoragePkg - uid - 1000, key - PackageNameExternalStorageBlackList, packageName- com.example.VulkanLayerValidationTests
05-22 14:35:51.860  5771  5771 D ApplicationPolicy: checkExternalStoragePkg : Not match found
05-22 14:35:51.860  5771  5771 D ApplicationPolicy: packageRemovedForExternalStorage : Match not found
05-22 14:35:51.860  5771  5771 D ApplicationPolicy: packageRemovedForExternalStorage : adminUid - 10043
05-22 14:35:51.860  5771  5771 D ApplicationPolicy: checkExternalStoragePkg - uid - 10043, key - PackageNameExternalStorageWhiteList, packageName- com.example.VulkanLayerValidationTests
05-22 14:35:51.860  5771  5771 D ApplicationPolicy: checkExternalStoragePkg : Not match found
05-22 14:35:51.860  5771  5771 D ApplicationPolicy: packageRemovedForExternalStorage : Match not found
05-22 14:35:51.860  5771  5771 D ApplicationPolicy: checkExternalStoragePkg - uid - 10043, key - PackageNameExternalStorageBlackList, packageName- com.example.VulkanLayerValidationTests
05-22 14:35:51.860  5771  5771 D ApplicationPolicy: checkExternalStoragePkg : Not match found
05-22 14:35:51.860  5771  5771 D ApplicationPolicy: packageRemovedForExternalStorage : Match not found
05-22 14:35:51.860  5771  5771 D ApplicationPolicy: packageRemovedForExternalStorage : adminUid - 10056
05-22 14:35:51.860  5771  5771 D ApplicationPolicy: checkExternalStoragePkg - uid - 10056, key - PackageNameExternalStorageWhiteList, packageName- com.example.VulkanLayerValidationTests
05-22 14:35:51.860  5771  5771 D ApplicationPolicy: checkExternalStoragePkg : Not match found
05-22 14:35:51.860  5771  5771 D ApplicationPolicy: packageRemovedForExternalStorage : Match not found
05-22 14:35:51.860  5771  5771 D ApplicationPolicy: checkExternalStoragePkg - uid - 10056, key - PackageNameExternalStorageBlackList, packageName- com.example.VulkanLayerValidationTests
05-22 14:35:51.860  5771  5771 D ApplicationPolicy: checkExternalStoragePkg : Not match found
05-22 14:35:51.860  5771  5771 D ApplicationPolicy: packageRemovedForExternalStorage : Match not found
05-22 14:35:51.861  5771  5771 D AS.AudioService: com.example.VulkanLayerValidationTests(11738) is removed
05-22 14:35:51.862  2760  2760 I Finsky  : [2] adyl.a(9): Do not start WearSupportService due to Wear service optimization
05-22 14:35:51.866  5771  5807 D SecContentProvider: query(), uri = 30 selection = isLocalContactStorageAllowed
05-22 14:35:51.866  5771  5807 D SecContentProvider: called from com.samsung.android.app.contacts
05-22 14:35:51.866  5771  5807 D RestrictionPolicy: isLocalContactStorageAllowed
05-22 14:35:51.866  5771  5807 D RestrictionPolicy: isLocalContactStorageAllowed(0) : true
05-22 14:35:51.866  7460  7473 W gle.android.gm: Reducing the number of considered missed Gc histogram windows from 179 to 100
05-22 14:35:51.868  5771  6226 I ApplicationPolicy: isApplicationExternalStorageWhitelisted:com.google.android.permissioncontroller user:0
05-22 14:35:51.868  5771  6226 D ApplicationPolicy: isApplicationExternalStorageWhitelisted: DO is not enabled on user 0. Allowed.
05-22 14:35:51.868  5771  6226 D ActivityManager: package  com.google.android.permissioncontroller, user - 0 is SDcard whitelisted
05-22 14:35:51.868  5771  6226 I ApplicationPolicy: isApplicationExternalStorageBlacklisted:com.google.android.permissioncontroller user:0
05-22 14:35:51.868  5771  6226 D ApplicationPolicy: isApplicationExternalStorageBlacklisted: DO is not enabled on user 0. Allowed.
05-22 14:35:51.868  5771  6226 I ApplicationPolicy: isApplicationExternalStorageBlacklisted:com.google.android.permissioncontroller user:0
05-22 14:35:51.868  5771  6226 D ApplicationPolicy: isApplicationExternalStorageBlacklisted: DO is not enabled on user 0. Allowed.
05-22 14:35:51.870  5771  5771 D GameManagerService: identifyGamePackage. com.example.VulkanLayerValidationTests, mCurrentUserId: 0, callerUserId: 0
05-22 14:35:51.870  5771  5771 D GamePkgDataHelper: getGamePkgData(). com.example.VulkanLayerValidationTests
05-22 14:35:51.873  5280  8346 E SecHAL  : nfc_data_callback: [Cmd]Received a response packet : data_sending_flag = false!!
05-22 14:35:51.874  5771  5771 D UniversalCredentialManagerService: inside mPkgReciever onReceive : android.intent.action.PACKAGE_REMOVED
05-22 14:35:51.874  5771  5771 D UniversalCredentialManagerService: ACTION_PACKAGE_REMOVED : replacingApp -false
05-22 14:35:51.875  5771  5864 W ActivityManager: Slow operation: 56ms so far, now at startProcess: done updating battery stats
05-22 14:35:51.876  5771  5864 W ActivityManager: Slow operation: 57ms so far, now at startProcess: building log message
05-22 14:35:51.876  5771  5864 I ActivityManager: Start proc 14583:com.android.keychain/1000 for service {com.android.keychain/com.android.keychain.KeyChainService}
05-22 14:35:51.876  5771  5864 W ActivityManager: Slow operation: 57ms so far, now at startProcess: starting to update pids map
05-22 14:35:51.876  5771  5864 W ActivityManager: Slow operation: 57ms so far, now at startProcess: done updating pids map
05-22 14:35:51.876 14583 14583 D ActivityThread: setConscryptValidator
05-22 14:35:51.877 14583 14583 D ActivityThread: setConscryptValidator - put
05-22 14:35:51.878  5771  5771 W System.err: android.content.pm.PackageManager$NameNotFoundException: com.example.VulkanLayerValidationTests
05-22 14:35:51.878  5771  5771 W System.err: 	at android.app.ApplicationPackageManager.getApplicationInfoAsUser(ApplicationPackageManager.java:490)
05-22 14:35:51.878  5771  5771 W System.err: 	at android.app.ApplicationPackageManager.getApplicationInfo(ApplicationPackageManager.java:471)
05-22 14:35:51.878  5771  5771 W System.err: 	at com.android.server.wifi.tcp.WifiTransportLayerMonitor$3.onReceive(WifiTransportLayerMonitor.java:268)
05-22 14:35:51.878  5771  5771 W System.err: 	at android.app.LoadedApk$ReceiverDispatcher$Args.lambda$getRunnable$0$LoadedApk$ReceiverDispatcher$Args(LoadedApk.java:1646)
05-22 14:35:51.878  5771  5771 W System.err: 	at android.app.-$$Lambda$LoadedApk$ReceiverDispatcher$Args$_BumDX2UKsnxLVrE6UJsJZkotuA.run(Unknown Source:2)
05-22 14:35:51.878  5771  5771 W System.err: 	at android.os.Handler.handleCallback(Handler.java:883)
05-22 14:35:51.878  5771  5771 W System.err: 	at android.os.Handler.dispatchMessage(Handler.java:100)
05-22 14:35:51.878  5771  5771 W System.err: 	at android.os.Looper.loop(Looper.java:237)
05-22 14:35:51.878  5771  5771 W System.err: 	at com.android.server.SystemServer.run(SystemServer.java:929)
05-22 14:35:51.878  5771  5771 W System.err: 	at com.android.server.SystemServer.main(SystemServer.java:723)
05-22 14:35:51.878  5771  5771 W System.err: 	at java.lang.reflect.Method.invoke(Native Method)
05-22 14:35:51.878  5771  5771 W System.err: 	at com.android.internal.os.RuntimeInit$MethodAndArgsCaller.run(RuntimeInit.java:493)
05-22 14:35:51.878  5771  5771 W System.err: 	at com.android.internal.os.ZygoteInit.main(ZygoteInit.java:1025)
05-22 14:35:51.880  5771  8262 I ActivityManager: DSS OFF for com.android.keychain
05-22 14:35:51.880  5771  5771 D SdpManagerService.receiver: onReceive - android.intent.action.PACKAGE_REMOVED
05-22 14:35:51.881  5771  5771 D SdpManagerService.receiver: On android.intent.action.PACKAGE_REMOVED : DATA = package:com.example.VulkanLayerValidationTests, UID = 11738, UserId = 0, Is replacing? false
05-22 14:35:51.881  5771  5771 D SdpManagerService.receiver: ACTION_PACKAGE_REMOVED packageName:: com.example.VulkanLayerValidationTests
05-22 14:35:51.890 14255 14255 I SEMS:MobileService_11.0.0: [ActivityLog][main][ActivityReceiver] onReceive
05-22 14:35:51.890 14255 14255 I SEMS:MobileService_11.0.0: [ActivityLog][main][ActivityReceiver] resetSupportHashContentActivity
05-22 14:35:51.892  5771 14607 V EnterpriseBillingAsyncHandler: packageModificationReceiver - onreceive - start - android.intent.action.PACKAGE_REMOVED
05-22 14:35:51.892  5771 14607 V EnterpriseBillingPolicyInternal: packageModification -  start - android.intent.action.PACKAGE_REMOVED
05-22 14:35:51.892  5771 14607 V EnterpriseBillingPolicyInternal: uID is 11738
05-22 14:35:51.892  5771 14607 V EnterpriseBillingPolicyInternal: Removed Packageuid is0
05-22 14:35:51.892  5771 14607 V EnterpriseBillingPolicyStorage: getProfileForApplication - enter
05-22 14:35:51.894  5771  6282 D SdpManagerService: handlePackageRemoved - PackageName : com.example.VulkanLayerValidationTests, UserId : 0
05-22 14:35:51.894  5771 14607 V EnterpriseBillingPolicyStorage: getProfileForApplication - exit null : containerId = 0
05-22 14:35:51.894  5771 14607 V EnterpriseBillingPolicyInternal: packageModificationReceiver - onreceive - personal application - profile null
05-22 14:35:51.895  5259  5259 D Zygote  : Forked child process 14609
05-22 14:35:51.896  5771  5771 D CocktailBarManagerServiceContainer: onReceive : android.intent.action.PACKAGE_REMOVED
05-22 14:35:51.896  5771  5771 D BridgeProxy: PackageReceiver onReceive()
05-22 14:35:51.896  5771  5771 D RCPManagerService: PackageReceiver onReceive()
05-22 14:35:51.897  5771  5771 D SEP_UNION_SemDeviceInfoManagerService: onReceive : android.intent.action.PACKAGE_REMOVED, userId = 0 
05-22 14:35:51.897  5771  5902 V MARsPolicyManager: onPackageStatusChange packageName = com.example.VulkanLayerValidationTests, uid = 11738
05-22 14:35:51.897  5771  6372 I Pageboost: remove app @ runtime : com.example.VulkanLayerValidationTests
05-22 14:35:51.899 14609 14609 E Zygote  : isWhitelistProcess - Process is Whitelisted
05-22 14:35:51.900 14609 14609 E Zygote  : accessInfo : 1
05-22 14:35:51.901  5771  6372 E Pageboost: vramdisk remove : com.example.VulkanLayerValidationTests
05-22 14:35:51.901  5771  6372 E Pageboost: vramdisk stat : 2 82714624 0 1
05-22 14:35:51.901  5771  6372 I Pageboost: send string to vramdisk : d,comexampleVulkanLayerValidationTests,1
05-22 14:35:51.901  7347  7347 E vramdiskd: received : d,comexampleVulkanLayerValidationTests,1
05-22 14:35:51.901  7347  7347 E vramdiskd: delete_package_from_vramdisk_by_name, found comexampleVulkanLayerValidationTests
05-22 14:35:51.909  2760  2760 I Finsky  : [2] xac.a(1): Clearing split related stale data.
05-22 14:35:51.914  6366  6366 E PhoneInterfaceManager: [PhoneIntfMgr] getCarrierPackageNamesForIntent: No UICC
05-22 14:35:51.914  6366  6366 D CarrierSvcBindHelper: No carrier app for: 0
05-22 14:35:51.915  6366  6366 E PhoneInterfaceManager: [PhoneIntfMgr] getCarrierPackageNamesForIntent: No UICC
05-22 14:35:51.915  6366  6366 D CarrierSvcBindHelper: No carrier app for: 1
05-22 14:35:51.915  6366  6366 I VVM.VvmPkgInstalledRcvr: onReceive() : action android.intent.action.PACKAGE_REMOVED packageName :com.example.VulkanLayerValidationTests
05-22 14:35:51.917  5771  7679 I Telecom:SamsungTelecomServiceImpl: getCallCapablePhoneAccounts - includeDisabledAccounts : false / callingPackage : com.android.phone
05-22 14:35:51.919 14609 14609 E ssioncontrolle: Not starting debugger since process cannot load the jdwp agent.
05-22 14:35:51.922  5771  6171 I InputReader: Reconfiguring input devices.  changes=0x00000010
05-22 14:35:51.925 14609 14609 D ActivityThread: setConscryptValidator
05-22 14:35:51.925 14609 14609 D ActivityThread: setConscryptValidator - put
05-22 14:35:51.926  7347  7347 E vramdiskd: munlock_package comexampleVulkanLayerValidationTests 1 6 72339456 end
05-22 14:35:51.927  5771  5863 W BroadcastQueue: Background execution not allowed: receiving Intent { act=android.intent.action.PACKAGE_REMOVED dat=package:com.example.VulkanLayerValidationTests flg=0x4000010 (has extras) } to com.facebook.katana/com.facebook.feed.platformads.AppInstallReceiver
05-22 14:35:51.928  5771  7679 I Telecom:SamsungTelecomServiceImpl: getPhoneAccount - PhoneAccountHandle : ComponentInfo{com.android.phone/com.android.services.telephony.TelephonyConnectionService}, ***, UserHandle{0} / callingPid : 6366 / processName : sts
05-22 14:35:51.931  5771  5863 W BroadcastQueue: Background execution not allowed: receiving Intent { act=android.intent.action.PACKAGE_REMOVED dat=package:com.example.VulkanLayerValidationTests flg=0x4000010 (has extras) } to com.facebook.katana/com.facebook.games.packagecontroller.PackageChangeReceiver
05-22 14:35:51.932  5771  5863 W BroadcastQueue: Background execution not allowed: receiving Intent { act=android.intent.action.PACKAGE_REMOVED dat=package:com.example.VulkanLayerValidationTests flg=0x4000010 (has extras) } to com.google.android.apps.maps/com.google.android.libraries.social.peoplekit.thirdparty.viewcontrollers.ThirdPartyReceiver
05-22 14:35:51.933  5771  5863 W BroadcastQueue: Background execution not allowed: receiving Intent { act=android.intent.action.PACKAGE_REMOVED dat=package:com.example.VulkanLayerValidationTests flg=0x4000010 (has extras) } to com.google.android.gms/.games.chimera.GamesSystemBroadcastReceiverProxy
05-22 14:35:51.936  5771  6625 D SecContentProvider: query(), uri = 30 selection = isLocalContactStorageAllowed
05-22 14:35:51.937  8645  9538 I WorkerManager: Releasing worker: [device_app_info]/[847]/[com.google.android.apps.gsa.staticplugins.ao.d]
05-22 14:35:51.937  8645  9538 I WorkerManager: Releasing worker: [device_app_info]/[847]/[com.google.android.apps.gsa.staticplugins.ao.d]
05-22 14:35:51.941  5771  6625 D SecContentProvider: called from com.samsung.android.app.contacts
05-22 14:35:51.941  5771  6625 D RestrictionPolicy: isLocalContactStorageAllowed
05-22 14:35:51.941  5771  6625 D RestrictionPolicy: isLocalContactStorageAllowed(0) : true
05-22 14:35:51.942  5771  5771 D SEP_UNION_SemDeviceInfoManagerService: sendIntentAction() action = android.intent.action.PACKAGE_REMOVED, tag =  
05-22 14:35:51.943 14583 14583 I ndroid.keychai: The ClassLoaderContext is a special shared library.
05-22 14:35:51.949  2760  2760 I Finsky  : [2] sih.j(3): Package no longer installed: com.example.VulkanLayerValidationTests
05-22 14:35:51.952  5771  5864 W ActivityManager: Slow operation: 84ms so far, now at startProcess: done updating battery stats
05-22 14:35:51.953  5771  5864 W ActivityManager: Slow operation: 85ms so far, now at startProcess: building log message
05-22 14:35:51.953  5771  6625 D SecContentProvider2: query(), uri = 18 selection = isCopyContactToSimAllowed
05-22 14:35:51.953  5771  5864 I ActivityManager: Start proc 14609:com.google.android.permissioncontroller/u0a270 for service {com.google.android.permissioncontroller/com.android.packageinstaller.role.service.RoleControllerServiceImpl}
05-22 14:35:51.954 14255 14255 I SEMS:MobileService_11.0.0: [ActivityLog][main][ActivityUtils] can not find package : com.samsung.fhub
05-22 14:35:51.955  5771  5864 W ActivityManager: Slow operation: 87ms so far, now at startProcess: starting to update pids map
05-22 14:35:51.956  5771  5864 W ActivityManager: Slow operation: 88ms so far, now at startProcess: done updating pids map
05-22 14:35:51.957  5771  6625 D SecContentProvider2: isCopyContactToSimAllowed = true
05-22 14:35:51.957  5771  8262 I ActivityManager: DSS OFF for com.google.android.permissioncontroller
05-22 14:35:51.970  5771  5859 W Looper  : Slow dispatch took 149ms android.ui h=com.android.server.am.ActivityManagerService$UiHandler c=null m=53
05-22 14:35:51.973  5771  7715 D SecContentProvider: query(), uri = 30 selection = isLocalContactStorageAllowed
05-22 14:35:51.974  5771  7715 D SecContentProvider: called from com.samsung.android.app.contacts
05-22 14:35:51.974  5771  7715 D RestrictionPolicy: isLocalContactStorageAllowed
05-22 14:35:51.974  5771  7715 D RestrictionPolicy: isLocalContactStorageAllowed(0) : true
05-22 14:35:51.988  5771  7715 I Telecom:SamsungTelecomServiceImpl: getDefaultDialerPackage - callingPid : 7174 / processName : sts
05-22 14:35:51.989  6366  6366 D PhoneInterfaceManager: [PhoneIntfMgr] getSubIdForPhoneAccount, Uid : 1001 Pid : 6366 Package name : com.android.phone
05-22 14:35:51.989  6366  6366 I Telephony: SamsungPhoneUtils: iccSerialNumber is null
05-22 14:35:51.989  6366  6366 D CmcSettingManager: getOwnDeviceType
05-22 14:35:51.989  6366  6366 D CmcSettingManager: own device type: pd
05-22 14:35:51.989  6366  6366 I Telephony: SamsungSoftPhoneRepositoryImpl: canSupportSoftPhone: false
05-22 14:35:51.989  6366  6366 I Telephony: SamsungPhoneUtils: iccSerialNumber is null
05-22 14:35:51.989  6366  6366 D CmcSettingManager: getOwnDeviceType
05-22 14:35:51.989  6366  6366 D CmcSettingManager: own device type: pd
05-22 14:35:51.989  6366  6366 I Telephony: SamsungSoftPhoneRepositoryImpl: canSupportSoftPhone: false
05-22 14:35:51.989  6366  6366 I Telephony: SamsungSoftPhoneRepositoryImpl: canSupportSoftPhone: false
05-22 14:35:51.990  6366  6366 I Telephony: SamsungMultiSimUtil: getSimState: 1
05-22 14:35:51.990  5771  5799 I system_server: Background concurrent copying GC freed 34204(2646KB) AllocSpace objects, 11(1376KB) LOS objects, 34% free, 46MB/70MB, paused 511us total 242.944ms
05-22 14:35:51.991  6366  6366 I Telephony: SamsungMultiSimUtil: getSimState: 1
05-22 14:35:51.991  6366  6366 I Telephony: SamsungMultiSimUtil: isQualcommModem modemBoard:SHANNON5000
05-22 14:35:51.991  6366  6366 I Telephony: SamsungPhoneUtils: getPhoneFromMultiSim, simState1=1 simstate2=1, SimCardStatusOn1=false SimCardStatusOn2=false
05-22 14:35:51.991  6366  6366 I Telephony: SamsungPhoneUtils: getPhoneFromMultiSim, sim1IsReady=false sim2IsReady=false
05-22 14:35:51.991  6366  6366 I Telephony: SamsungPhoneUtils: non-qcom models => ordinary condition, call via slot1
05-22 14:35:51.991  6366  6366 I Telephony: SamsungPhoneUtils: getPhoneFromIccId - isMultiSim: 
05-22 14:35:51.991  6366  6366 D PhoneInterfaceManager: [PhoneIntfMgr] getSubIdForPhoneAccount, [[X] PhoneAccount: ComponentInfo{com.android.phone/com.android.services.telephony.TelephonyConnectionService}, ***, UserHandle{0} Capabilities: CallProvider MultiUser PlaceEmerg SimSub  Audio Routes: BESW Schemes: tel voicemail  Extras: Bundle[mParcelledData.dataSize=620] GroupId: ***], getId : *, subId : -1
05-22 14:35:51.991  6366  6366 E VVM.VvmPkgInstalledRcvr: cannot create TelephonyManager from ComponentInfo{com.android.phone/com.android.services.telephony.TelephonyConnectionService}, ***, UserHandle{0}
05-22 14:35:51.991  6366  6366 I Telephony: SamsungTuiRelayReceiver: relayHandler
05-22 14:35:51.991  5771  7642 D PackageInstallerSession: InstallLogger: PackageInstallerSession(): createInstallTimeInfo(133977294)
05-22 14:35:51.992  5771  6625 D SecContentProvider2: query(), uri = 18 selection = isCopyContactToSimAllowed
05-22 14:35:51.992  6556  6556 I GeofencerStateMachine: removeGeofences: removeRequest=RemoveGeofencingRequest[REMOVE_ALL packageName=com.example.VulkanLayerValidationTests]
05-22 14:35:51.994  5771  5863 W BroadcastQueue: Background execution not allowed: receiving Intent { act=android.intent.action.PACKAGE_REMOVED dat=package:com.example.VulkanLayerValidationTests flg=0x4000010 (has extras) } to com.google.android.gms/.chimera.GmsIntentOperationService$PersistentTrustedReceiver
05-22 14:35:51.996  5771  6625 D SecContentProvider2: isCopyContactToSimAllowed = true
05-22 14:35:51.997  5771  5863 W BroadcastQueue: Background execution not allowed: receiving Intent { act=android.intent.action.PACKAGE_REMOVED dat=package:com.example.VulkanLayerValidationTests flg=0x4000010 (has extras) } to com.google.android.googlequicksearchbox/com.google.android.apps.gsa.googlequicksearchbox.GelStubAppWatcher
05-22 14:35:51.997  5771  7679 D SecContentProvider: query(), uri = 30 selection = isLocalContactStorageAllowed
05-22 14:35:51.997  5771  7679 D SecContentProvider: called from com.samsung.android.uid.dialer:10076
05-22 14:35:51.997  5771  7679 D RestrictionPolicy: isLocalContactStorageAllowed
05-22 14:35:51.997  5771  7679 D RestrictionPolicy: isLocalContactStorageAllowed(0) : true
05-22 14:35:51.998  5771  5863 W BroadcastQueue: Background execution not allowed: receiving Intent { act=android.intent.action.PACKAGE_REMOVED dat=package:com.example.VulkanLayerValidationTests flg=0x4000010 (has extras) } to com.microsoft.appmanager/.receiver.InstallUninstallReceiver
05-22 14:35:51.998  5429  6637 I CameraService: UidPolicy: onUidActive, uid = 10270
05-22 14:35:51.999  5429  6637 I CameraService: onUidStateChanged: uid=10270, procState=6
05-22 14:35:52.007 11195 11207 W .android.diale: Reducing the number of considered missed Gc histogram windows from 344 to 100
05-22 14:35:52.010  2760 14602 I Finsky  : [1225] ere.a(12): Asset module storage cleared for package com.example.VulkanLayerValidationTests.
05-22 14:35:52.011  5771  8473 D SecContentProvider2: query(), uri = 18 selection = isCopyContactToSimAllowed
05-22 14:35:52.014  5771  5771 D SEP_UNION_SemDeviceInfoManagerService: sendIntentAction() action = android.intent.action.PACKAGE_REMOVED, tag =  
05-22 14:35:52.018  5771  8473 D SecContentProvider2: isCopyContactToSimAllowed = true
05-22 14:35:52.022  5771  5863 W BroadcastQueue: Background execution not allowed: receiving Intent { act=android.intent.action.PACKAGE_REMOVED dat=package:com.example.VulkanLayerValidationTests flg=0x4000010 (has extras) } to com.microsoft.appmanager/com.microsoft.mmx.continuity.receiver.InstallUninstallReceiver
05-22 14:35:52.023 14255 14255 I SEMS:MobileService_11.0.0: [ActivityLog][main][ActivityUtils] can not find package : com.samsung.android.bixby.plmsync
05-22 14:35:52.023  5771  5863 W BroadcastQueue: Background execution not allowed: receiving Intent { act=android.intent.action.PACKAGE_REMOVED dat=package:com.example.VulkanLayerValidationTests flg=0x4000010 (has extras) } to com.samsung.android.app.sbrowseredge/.data.BookmarkEdgeDataReceiver
05-22 14:35:52.024  5771  5863 W BroadcastQueue: Background execution not allowed: receiving Intent { act=android.intent.action.PACKAGE_REMOVED dat=package:com.example.VulkanLayerValidationTests flg=0x4000010 (has extras) } to com.samsung.android.app.soundpicker/.HunReceiver
05-22 14:35:52.028  5771  5771 I ApplicationPolicy: isApplicationExternalStorageWhitelisted:com.samsung.android.app.galaxyfinder user:0
05-22 14:35:52.028  5771  5771 D ApplicationPolicy: isApplicationExternalStorageWhitelisted: DO is not enabled on user 0. Allowed.
05-22 14:35:52.028  5771  5771 D ActivityManager: package  com.samsung.android.app.galaxyfinder, user - 0 is SDcard whitelisted
05-22 14:35:52.028  5771  5771 I ApplicationPolicy: isApplicationExternalStorageBlacklisted:com.samsung.android.app.galaxyfinder user:0
05-22 14:35:52.028  5771  5771 D ApplicationPolicy: isApplicationExternalStorageBlacklisted: DO is not enabled on user 0. Allowed.
05-22 14:35:52.028  5771  5771 I ApplicationPolicy: isApplicationExternalStorageBlacklisted:com.samsung.android.app.galaxyfinder user:0
05-22 14:35:52.028  5771  5771 D ApplicationPolicy: isApplicationExternalStorageBlacklisted: DO is not enabled on user 0. Allowed.
05-22 14:35:52.028  5771  5771 D SEP_UNION_SemDeviceInfoManagerService: sendIntentAction() action = android.intent.action.PACKAGE_REMOVED, tag =  
05-22 14:35:52.028  5771  7893 D SecContentProvider: query(), uri = 30 selection = isLocalContactStorageAllowed
05-22 14:35:52.029  5771  7893 D SecContentProvider: called from com.samsung.android.uid.dialer:10076
05-22 14:35:52.029  5771  7893 D RestrictionPolicy: isLocalContactStorageAllowed
05-22 14:35:52.030  5771  7893 D RestrictionPolicy: isLocalContactStorageAllowed(0) : true
05-22 14:35:52.030  5771  6625 I ApplicationPolicy: isApplicationExternalStorageWhitelisted:com.google.android.gms user:0
05-22 14:35:52.030  5771  6625 D ApplicationPolicy: isApplicationExternalStorageWhitelisted: DO is not enabled on user 0. Allowed.
05-22 14:35:52.030  5771  6625 D ActivityManager: package  com.google.android.gms, user - 0 is SDcard whitelisted
05-22 14:35:52.030  5771  6625 I ApplicationPolicy: isApplicationExternalStorageBlacklisted:com.google.android.gms user:0
05-22 14:35:52.030  5771  6625 D ApplicationPolicy: isApplicationExternalStorageBlacklisted: DO is not enabled on user 0. Allowed.
05-22 14:35:52.030  5771  6625 I ApplicationPolicy: isApplicationExternalStorageBlacklisted:com.google.android.gms user:0
05-22 14:35:52.030  5771  6625 D ApplicationPolicy: isApplicationExternalStorageBlacklisted: DO is not enabled on user 0. Allowed.
05-22 14:35:52.039  5259  5259 D Zygote  : Forked child process 14645
05-22 14:35:52.042  5771  8262 D SecContentProvider2: query(), uri = 18 selection = isCopyContactToSimAllowed
05-22 14:35:52.043  5771  5863 W BroadcastQueue: Background execution not allowed: receiving Intent { act=android.intent.action.PACKAGE_REMOVED dat=package:com.example.VulkanLayerValidationTests flg=0x4000010 (has extras) } to com.samsung.android.app.taskedge/.edgepanel.TaskEdgePanelProvider
05-22 14:35:52.043  5771  8262 D SecContentProvider2: isCopyContactToSimAllowed = true
05-22 14:35:52.044 14645 14645 E Zygote  : isWhitelistProcess - Process is Whitelisted
05-22 14:35:52.044  5771  5863 W BroadcastQueue: Background execution not allowed: receiving Intent { act=android.intent.action.PACKAGE_REMOVED dat=package:com.example.VulkanLayerValidationTests flg=0x4000010 (has extras) } to com.samsung.android.app.watchmanagerstub/com.sec.android.applicationmgr.WMStubBroadCastReceiver
05-22 14:35:52.045 14255 14255 I SEMS:MobileService_11.0.0: [ActivityLog][main][ActivityUtils] can not find package : com.samsung.android.homemode
05-22 14:35:52.046 14645 14645 E Zygote  : accessInfo : 1
05-22 14:35:52.049  5771  5863 W BroadcastQueue: Background execution not allowed: receiving Intent { act=android.intent.action.PACKAGE_REMOVED dat=package:com.example.VulkanLayerValidationTests flg=0x4000010 (has extras) } to com.samsung.android.mateagent/.push.spp.SppDataClearReceiver
05-22 14:35:52.050  5771  5863 W BroadcastQueue: Background execution not allowed: receiving Intent { act=android.intent.action.PACKAGE_REMOVED dat=package:com.example.VulkanLayerValidationTests flg=0x4000010 (has extras) } to com.samsung.android.scloud/.common.SCloudSystemIntentReceiver
05-22 14:35:52.051  5771  5863 W BroadcastQueue: Background execution not allowed: receiving Intent { act=android.intent.action.PACKAGE_REMOVED dat=package:com.example.VulkanLayerValidationTests flg=0x4000010 (has extras) } to com.samsung.cmh/.core.ClearDataReceiver
05-22 14:35:52.051  5771  6625 D PackageManager: setEnabledSetting : userId = 0 packageName = com.google.android.permissioncontroller cmp = com.android.packageinstaller.role.ui.SpecialAppAccessListActivity newState = 2 callingPackage = 10270/com.google.android.permissioncontroller
05-22 14:35:52.053  2760  2760 I Finsky  : [2] njw.b(5): Installer: package com.example.VulkanLayerValidationTests was removed. replacing: false
05-22 14:35:52.054  5771  5863 W BroadcastQueue: Background execution not allowed: receiving Intent { act=android.intent.action.PACKAGE_REMOVED dat=package:com.example.VulkanLayerValidationTests flg=0x4000010 (has extras) } to com.sec.android.app.billing/.iap.receiver.IapReceiver
05-22 14:35:52.056  2760  2760 I Finsky  : [2] njw.a(214): Installer: Notifying status update. package=com.example.VulkanLayerValidationTests, status=UNINSTALLED
05-22 14:35:52.056  5771  5863 W BroadcastQueue: Background execution not allowed: receiving Intent { act=android.intent.action.PACKAGE_REMOVED dat=package:com.example.VulkanLayerValidationTests flg=0x4000010 (has extras) } to com.sec.android.app.samsungapps/com.samsung.android.iap.receiver.IapReceiver
05-22 14:35:52.058  5771  5863 I ApplicationPolicy: isApplicationExternalStorageWhitelisted:com.sec.android.widgetapp.samsungapps user:0
05-22 14:35:52.058  5771  5863 D ApplicationPolicy: isApplicationExternalStorageWhitelisted: DO is not enabled on user 0. Allowed.
05-22 14:35:52.058  5771  5863 D ActivityManager: package  com.sec.android.widgetapp.samsungapps, user - 0 is SDcard whitelisted
05-22 14:35:52.058  5771  5863 I ApplicationPolicy: isApplicationExternalStorageBlacklisted:com.sec.android.widgetapp.samsungapps user:0
05-22 14:35:52.058  5771  5863 D ApplicationPolicy: isApplicationExternalStorageBlacklisted: DO is not enabled on user 0. Allowed.
05-22 14:35:52.058  5771  5863 I ApplicationPolicy: isApplicationExternalStorageBlacklisted:com.sec.android.widgetapp.samsungapps user:0
05-22 14:35:52.058  5771  5863 D ApplicationPolicy: isApplicationExternalStorageBlacklisted: DO is not enabled on user 0. Allowed.
05-22 14:35:52.060  5771  5771 D SEP_UNION_SemDeviceInfoManagerService: sendIntentAction() action = android.intent.action.PACKAGE_REMOVED, tag =  
05-22 14:35:52.070  5771  5864 I ActivityManager: Start proc 14645:com.samsung.android.app.galaxyfinder/u0a36 for service {com.samsung.android.app.galaxyfinder/com.samsung.android.app.galaxyfinder.acceleration.TagBoosterService}
05-22 14:35:52.074 12105 13143 V SysAbnormalItemManager: updated column : com.example.VulkanLayerValidationTests / flag : false
05-22 14:35:52.078 14645 14645 E pp.galaxyfinde: Not starting debugger since process cannot load the jdwp agent.
05-22 14:35:52.085  5259  5259 D Zygote  : Forked child process 14666
05-22 14:35:52.086  5771  5864 W ActivityManager: Slow operation: 58ms so far, now at startProcess: returned from zygote!
05-22 14:35:52.088  7460 16138 I ContentMaintenance: Internal cache bytes used: 0; limit: 100000000; download size: 0
05-22 14:35:52.088 14666 14666 E Zygote  : isWhitelistProcess - Process is Whitelisted
05-22 14:35:52.089 14666 14666 E Zygote  : accessInfo : 1
05-22 14:35:52.090  5771  5771 D SEP_UNION_SemDeviceInfoManagerService: sendIntentAction() action = android.intent.action.PACKAGE_REMOVED, tag =  
05-22 14:35:52.091  5771  5771 D SEP_UNION_SemDeviceInfoManagerService: sendIntentAction() action = android.intent.action.PACKAGE_REMOVED, tag =  
05-22 14:35:52.091  5771  5771 W LoadedApk: Slow system_server main thread handled for android.intent.action.PACKAGE_REMOVED took 195 ms, Receiver = com.android.server.sepunion.SemDeviceInfoManagerService$UnionContentBroadcastReceiver@11fcecd
05-22 14:35:52.091  5771  5771 W Looper  : Slow dispatch took 195ms main h=android.app.ActivityThread$H c=android.app.-$$Lambda$LoadedApk$ReceiverDispatcher$Args$_BumDX2UKsnxLVrE6UJsJZkotuA@7b3255f m=0
05-22 14:35:52.091  5771  5771 W Looper  : Slow system_server main looper dispatch took 195ms  h=android.app.ActivityThread$H c=android.app.-$$Lambda$LoadedApk$ReceiverDispatcher$Args$_BumDX2UKsnxLVrE6UJsJZkotuA@7b3255f m=0
05-22 14:35:52.091  5771  5771 W Looper  : Slow delivery took 269ms main h=android.os.Handler c=com.android.server.AlarmManagerServiceExt$SyncScheduler$PackageManagerReceiver$2@3240bac m=0
05-22 14:35:52.091  5771  5771 W Looper  : Slow system_server main looper delivery took 269ms  h=android.os.Handler c=com.android.server.AlarmManagerServiceExt$SyncScheduler$PackageManagerReceiver$2@3240bac m=0
05-22 14:35:52.093  6556 14674 I Fitness : FitCleanupIntentOperation received Intent android.intent.action.PACKAGE_REMOVED [CONTEXT service_id=17 ]
05-22 14:35:52.094  5771  5864 W ActivityManager: Slow operation: 66ms so far, now at startProcess: done updating battery stats
