// Jest Snapshot v1, https://goo.gl/fbAQLP

exports[`creating a changelog from old schema and new schema finds a diff of schema changes, upcoming changes, and preview changes 1`] = `
Object {
  "date": "2020-11-20",
  "previewChanges": Array [],
  "schemaChanges": Array [
    Object {
      "changes": Array [
        "Field \`removedField\` was removed from object type \`Query\`",
        "Type for argument \`argumentMadeRequired\` on field \`Query.argumentsField\` changed from \`Int\` to \`Int!\`",
        "Type for argument \`argumentMadeOptional\` on field \`Query.argumentsField\` changed from \`Int!\` to \`Int\`",
        "Argument \`removedRequiredArgument: Int!\` was removed from field \`Query.argumentsField\`",
        "Argument \`removedOptionalArgument: Int!\` was removed from field \`Query.argumentsField\`",
      ],
      "title": "The GraphQL schema includes these changes:",
    },
  ],
  "upcomingChanges": Array [],
}
`;
